###############################################################################
#
# IAR ELF Linker V8.22.2.15995/W32 for ARM                21/Apr/2018  16:22:02
# Copyright 2007-2018 IAR Systems AB.
#
#    Output file  =  
#        C:\Users\Tim\Programming\Code\ARM_32\Patterns\03_HardwareMediatorPattern\Code\C\Debug\Exe\HardwareMediatorPattern.out
#    Map file     =  
#        C:\Users\Tim\Programming\Code\ARM_32\Patterns\03_HardwareMediatorPattern\Code\C\Debug\List\HardwareMediatorPattern.map
#    Command line =  
#        -f C:\Users\Tim\AppData\Local\Temp\EWE983.tmp
#        (C:\Users\Tim\Programming\Code\ARM_32\Patterns\03_HardwareMediatorPattern\Code\C\Debug\Obj\Action.o
#        C:\Users\Tim\Programming\Code\ARM_32\Patterns\03_HardwareMediatorPattern\Code\C\Debug\Obj\GraspingManipulator.o
#        C:\Users\Tim\Programming\Code\ARM_32\Patterns\03_HardwareMediatorPattern\Code\C\Debug\Obj\main.o
#        C:\Users\Tim\Programming\Code\ARM_32\Patterns\03_HardwareMediatorPattern\Code\C\Debug\Obj\RobotArmManager.o
#        C:\Users\Tim\Programming\Code\ARM_32\Patterns\03_HardwareMediatorPattern\Code\C\Debug\Obj\RotatingArmJoint.o
#        C:\Users\Tim\Programming\Code\ARM_32\Patterns\03_HardwareMediatorPattern\Code\C\Debug\Obj\SlidingArmJoint.o
#        -o
#        C:\Users\Tim\Programming\Code\ARM_32\Patterns\03_HardwareMediatorPattern\Code\C\Debug\Exe\HardwareMediatorPattern.out
#        --map
#        C:\Users\Tim\Programming\Code\ARM_32\Patterns\03_HardwareMediatorPattern\Code\C\Debug\List\HardwareMediatorPattern.map
#        --config "C:\Program Files (x86)\IAR Systems\Embedded Workbench
#        8.0\arm\CONFIG\generic_cortex.icf" --semihosting --entry
#        __iar_program_start --no_vfe --text_out locale)
#
###############################################################################

*******************************************************************************
*** RUNTIME MODEL ATTRIBUTES
***

CppFlavor       = *
__Heap_Handler  = DLMalloc
__SystemLibrary = DLib
__dlib_version  = 6


*******************************************************************************
*** HEAP SELECTION
***

The advanced heap was selected because the application calls memory
allocation functions outside of system library functions, and there
are calls to deallocation functions in the application.


*******************************************************************************
*** PLACEMENT SUMMARY
***

"A0":  place at 0x00000000 { ro section .intvec };
"P1":  place in [from 0x00000000 to 0x0007ffff] { ro };
define block CSTACK with size = 1K, alignment = 8 { };
define block PROC_STACK with size = 0M, alignment = 8 { };
define block HEAP with size = 2K, alignment = 8 { };
"P2":  place in [from 0x20000000 to 0x2000ffff] {
          rw, block CSTACK, block PROC_STACK, block HEAP };

  Section          Kind        Address    Size  Object
  -------          ----        -------    ----  ------
"A0":                                     0x40
  .intvec          ro code  0x00000000    0x40  vector_table_M.o [4]
                          - 0x00000040    0x40

"P1":                                   0x1a7a
  .text            ro code  0x00000040  0x14d4  dlmalloc.o [3]
  .text            ro code  0x00001514     0x6  abort.o [3]
  .text            ro code  0x0000151a     0x2  vector_table_M.o [4]
  .text            ro code  0x0000151c    0x2c  xgetmemchunk.o [3]
  .text            ro code  0x00001548    0x14  exit.o [5]
  .text            ro code  0x0000155c   0x39e  RobotArmManager.o [1]
  .text            ro code  0x000018fa    0x1a  Action.o [1]
  .text            ro code  0x00001914    0x32  RotatingArmJoint.o [1]
  .text            ro code  0x00001946    0x30  SlidingArmJoint.o [1]
  .text            ro code  0x00001976    0x20  GraspingManipulator.o [1]
  .text            ro code  0x00001996     0x4  heaptramp0.o [3]
  .text            ro code  0x0000199a    0x6a  main.o [1]
  .text            ro code  0x00001a04    0x40  zero_init3.o [4]
  .text            ro code  0x00001a44    0x28  data_init.o [4]
  .iar.init_table  const    0x00001a6c    0x10  - Linker created -
  .text            ro code  0x00001a7c    0x1e  cmain.o [4]
  .text            ro code  0x00001a9a     0x4  low_level_init.o [3]
  .text            ro code  0x00001a9e     0x4  exit.o [3]
  .text            ro code  0x00001aa4     0xa  cexit.o [4]
  .text            ro code  0x00001aae     0xc  cstartup_M.o [4]
  .rodata          const    0x00001aba     0x0  zero_init3.o [4]
                          - 0x00001aba  0x1a7a

"P2", part 1 of 2:                       0x1f4
  .bss             zero     0x20000000   0x1d8  dlmalloc.o [3]
  .bss             zero     0x200001d8    0x18  dlmalloc.o [3]
  .bss             zero     0x200001f0     0x4  xgetmemchunk.o [3]
                          - 0x200001f4   0x1f4

"P2", part 2 of 2:                       0xc00
  CSTACK                    0x200001f8   0x400  <Block>
    CSTACK         uninit   0x200001f8   0x400  <Block tail>
  HEAP                      0x200005f8   0x800  <Block>
    HEAP           uninit   0x200005f8   0x800  <Block tail>
                          - 0x20000df8   0xc00


*******************************************************************************
*** INIT TABLE
***

          Address     Size
          -------     ----
Zero (__iar_zero_init3)
    1 destination range, total size 0x1f4:
          0x20000000  0x1f4



*******************************************************************************
*** MODULE SUMMARY
***

    Module                 ro code  ro data  rw data
    ------                 -------  -------  -------
C:\Users\Tim\Programming\Code\ARM_32\Patterns\03_HardwareMediatorPattern\Code\C\Debug\Obj: [1]
    Action.o                    26
    GraspingManipulator.o       32
    RobotArmManager.o          926
    RotatingArmJoint.o          50
    SlidingArmJoint.o           48
    main.o                     106
    ------------------------------------------------
    Total:                   1 188

command line: [2]
    ------------------------------------------------
    Total:

dl7M_tln.a: [3]
    abort.o                      6
    dlmalloc.o               5 332               496
    exit.o                       4
    heaptramp0.o                 4
    low_level_init.o             4
    xgetmemchunk.o              44                 4
    ------------------------------------------------
    Total:                   5 394               500

rt7M_tl.a: [4]
    cexit.o                     10
    cmain.o                     30
    cstartup_M.o                12
    data_init.o                 40
    vector_table_M.o            66
    zero_init3.o                64
    ------------------------------------------------
    Total:                     222

shb_l.a: [5]
    exit.o                      20
    ------------------------------------------------
    Total:                      20

    Gaps                         2
    Linker created                       16    3 072
----------------------------------------------------
    Grand Total:             6 826       16    3 572


*******************************************************************************
*** ENTRY LIST
***

Entry                      Address   Size  Type      Object
-----                      -------   ----  ----      ------
.iar.init_table$$Base   0x00001a6c          --   Gb  - Linker created -
.iar.init_table$$Limit  0x00001a7c          --   Gb  - Linker created -
?main                   0x00001a7d         Code  Gb  cmain.o [4]
Action_Create           0x000018fb    0xa  Code  Gb  Action.o [1]
Action_Delete           0x00001905   0x10  Code  Gb  Action.o [1]
CSTACK$$Base            0x200001f8          --   Gb  - Linker created -
CSTACK$$Limit           0x200005f8          --   Gb  - Linker created -
GraspingManipulator_close
                        0x0000197d    0x6  Code  Gb  GraspingManipulator.o [1]
GraspingManipulator_open
                        0x00001977    0x6  Code  Gb  GraspingManipulator.o [1]
GraspingManipulator_setMaxForce
                        0x00001983   0x14  Code  Gb  GraspingManipulator.o [1]
HEAP$$Base              0x200005f8          --   Gb  - Linker created -
HEAP$$Limit             0x20000df8          --   Gb  - Linker created -
Region$$Table$$Base     0x00001a6c          --   Gb  - Linker created -
Region$$Table$$Limit    0x00001a7c          --   Gb  - Linker created -
RobotArmManager_Create  0x000018e1   0x1a  Code  Gb  RobotArmManager.o [1]
RobotArmManager_Init    0x0000155d   0x40  Code  Gb  RobotArmManager.o [1]
RobotArmManager_addItsAction
                        0x000018a1   0x1e  Code  Gb  RobotArmManager.o [1]
RobotArmManager_addItsRotatingArmJoint
                        0x00001865   0x1e  Code  Gb  RobotArmManager.o [1]
RobotArmManager_addItsSlidingArmJoint
                        0x00001883   0x1e  Code  Gb  RobotArmManager.o [1]
RobotArmManager_clearItsAction
                        0x000018bf   0x22  Code  Gb  RobotArmManager.o [1]
RobotArmManager_computeTrajectory
                        0x0000159d   0xdc  Code  Gb  RobotArmManager.o [1]
RobotArmManager_executeStep
                        0x00001679  0x100  Code  Gb  RobotArmManager.o [1]
RobotArmManager_graspAt
                        0x00001779   0x68  Code  Gb  RobotArmManager.o [1]
RobotArmManager_setItsGraspingManipulator
                        0x00001861    0x4  Code  Gb  RobotArmManager.o [1]
RobotArmManager_zero    0x000017e1   0x80  Code  Gb  RobotArmManager.o [1]
RotatingArmJoint_rotate
                        0x00001915   0x1c  Code  Gb  RotatingArmJoint.o [1]
RotatingArmJoint_zero   0x00001931   0x16  Code  Gb  RotatingArmJoint.o [1]
SlidingArmJoint_setLength
                        0x00001947   0x1a  Code  Gb  SlidingArmJoint.o [1]
SlidingArmJoint_zero    0x00001961   0x16  Code  Gb  SlidingArmJoint.o [1]
__cmain                 0x00001a7d         Code  Gb  cmain.o [4]
__data_GetMemChunk      0x0000151d   0x2c  Code  Gb  xgetmemchunk.o [3]
__data_GetMemChunk::start
                        0x200001f0    0x4  Data  Lc  xgetmemchunk.o [3]
__exit                  0x00001549   0x14  Code  Gb  exit.o [5]
__iar_data_init3        0x00001a45   0x28  Code  Gb  data_init.o [4]
__iar_dlfree            0x0000101b  0x4f6  Code  Gb  dlmalloc.o [3]
__iar_dlmalloc          0x00000d65  0x2b6  Code  Gb  dlmalloc.o [3]
__iar_program_start     0x00001aaf         Code  Gb  cstartup_M.o [4]
__iar_systems$$module {Abs}
                        0x00000001         Data  Gb  command line/config [2]
__iar_zero_init3        0x00001a05   0x40  Code  Gb  zero_init3.o [4]
__low_level_init        0x00001a9b    0x4  Code  Gb  low_level_init.o [3]
__vector_table          0x00000000         Data  Gb  vector_table_M.o [4]
_call_main              0x00001a89         Code  Gb  cmain.o [4]
_exit                   0x00001aa5         Code  Gb  cexit.o [4]
_gm_                    0x20000000  0x1d8  Data  Lc  dlmalloc.o [3]
_main                   0x00001a97         Code  Gb  cmain.o [4]
abort                   0x00001515    0x6  Code  Gb  abort.o [3]
add_segment             0x00000405  0x1f2  Code  Lc  dlmalloc.o [3]
exit                    0x00001a9f    0x4  Code  Gb  exit.o [3]
free                    0x00001997    0x4  Code  Gb  heaptramp0.o [3]
init_mparams            0x0000005f   0x32  Code  Lc  dlmalloc.o [3]
init_top                0x00000091   0x32  Code  Lc  dlmalloc.o [3]
main                    0x0000199b   0x6a  Code  Gb  main.o [1]
mparams                 0x200001d8   0x18  Data  Lc  dlmalloc.o [3]
prepend_alloc           0x000000c3  0x342  Code  Lc  dlmalloc.o [3]
segment_holding         0x00000041   0x1e  Code  Lc  dlmalloc.o [3]
sys_alloc               0x000005fd  0x164  Code  Lc  dlmalloc.o [3]
sys_trim                0x00000761   0x66  Code  Lc  dlmalloc.o [3]
tmalloc_large           0x000007d5  0x384  Code  Lc  dlmalloc.o [3]
tmalloc_small           0x00000b59  0x1fe  Code  Lc  dlmalloc.o [3]


[1] = C:\Users\Tim\Programming\Code\ARM_32\Patterns\03_HardwareMediatorPattern\Code\C\Debug\Obj
[2] = command line
[3] = dl7M_tln.a
[4] = rt7M_tl.a
[5] = shb_l.a

  6 826 bytes of readonly  code memory
     16 bytes of readonly  data memory
  3 572 bytes of readwrite data memory

Errors: none
Warnings: none
