###############################################################################
#
# IAR ELF Linker V8.22.2.15995/W32 for ARM                23/Apr/2018  02:50:35
# Copyright 2007-2018 IAR Systems AB.
#
#    Output file  =  
#        C:\Users\Tim\Programming\Code\ARM_32\Patterns\04_ECG\ECGcpp\Debug\Exe\ECGcpp.out
#    Map file     =  
#        C:\Users\Tim\Programming\Code\ARM_32\Patterns\04_ECG\ECGcpp\Debug\List\ECGcpp.map
#    Command line =  
#        -f C:\Users\Tim\AppData\Local\Temp\EW2212.tmp
#        (C:\Users\Tim\Programming\Code\ARM_32\Patterns\04_ECG\ECGcpp\Debug\Obj\ECG_Module.o
#        C:\Users\Tim\Programming\Code\ARM_32\Patterns\04_ECG\ECGcpp\Debug\Obj\HistogramDisplay.o
#        C:\Users\Tim\Programming\Code\ARM_32\Patterns\04_ECG\ECGcpp\Debug\Obj\main.o
#        C:\Users\Tim\Programming\Code\ARM_32\Patterns\04_ECG\ECGcpp\Debug\Obj\TestBuilder.o
#        C:\Users\Tim\Programming\Code\ARM_32\Patterns\04_ECG\ECGcpp\Debug\Obj\TMDQueue.o
#        -o
#        C:\Users\Tim\Programming\Code\ARM_32\Patterns\04_ECG\ECGcpp\Debug\Exe\ECGcpp.out
#        --map
#        C:\Users\Tim\Programming\Code\ARM_32\Patterns\04_ECG\ECGcpp\Debug\List\ECGcpp.map
#        --config "C:\Program Files (x86)\IAR Systems\Embedded Workbench
#        8.0\arm\CONFIG\generic_cortex.icf" --semihosting --entry
#        __iar_program_start --no_vfe --text_out locale)
#
###############################################################################

*******************************************************************************
*** RUNTIME MODEL ATTRIBUTES
***

CppFlavor        = *
__CPP_Exceptions = Disabled
__CPP_Language   = C++14
__Heap_Handler   = DLMalloc
__SystemLibrary  = DLib
__dlib_version   = 6


*******************************************************************************
*** HEAP SELECTION
***

The advanced heap was selected because the application calls memory
allocation functions outside of system library functions, and there
are calls to deallocation functions in the application.


*******************************************************************************
*** PLACEMENT SUMMARY
***

"A0":  place at 0x00000000 { ro section .intvec };
"P1":  place in [from 0x00000000 to 0x0007ffff] { ro };
define block CSTACK with size = 1K, alignment = 8 { };
define block PROC_STACK with size = 0M, alignment = 8 { };
define block HEAP with size = 2K, alignment = 8 { };
"P2":  place in [from 0x20000000 to 0x2000ffff] {
          rw, block CSTACK, block PROC_STACK, block HEAP };
initialize by copy { rw };

  Section            Kind        Address    Size  Object
  -------            ----        -------    ----  ------
"A0":                                       0x40
  .intvec            ro code  0x00000000    0x40  vector_table_M.o [5]
                            - 0x00000040    0x40

"P1":                                     0x1d6c
  .text              ro code  0x00000040  0x14d4  dlmalloc.o [3]
  .text              ro code  0x00001514     0x6  abort.o [3]
  .text              ro code  0x0000151a     0x2  vector_table_M.o [5]
  .text              ro code  0x0000151c    0x2c  xgetmemchunk.o [3]
  .text              ro code  0x00001548    0x14  exit.o [6]
  .text              ro code  0x0000155c    0x7c  iarttio.o [6]
  .text              ro code  0x000015d8    0x3c  XShttio.o [3]
  .text              ro code  0x00001614   0x142  xprintftiny.o [3]
  .rodata            const    0x00001756     0x1  unwind_debug.o [6]
  .text              ro code  0x00001758    0x36  strlen.o [5]
  .text              ro code  0x00001790    0xbc  TMDQueue.o [1]
  .text              ro code  0x0000184c     0x4  TMDQueue.o [1]
  .text              ro code  0x00001850    0x28  printf.o [3]
  .text              ro code  0x00001878     0x4  TMDQueue.o [1]
  .text              ro code  0x0000187c    0x24  newop_0.o [4]
  .text              ro code  0x000018a0     0xe  TMDQueue.o [1]
  .text              ro code  0x000018ae     0x4  TMDQueue.o [1]
  .text              ro code  0x000018b2     0x4  TMDQueue.o [1]
  .text              ro code  0x000018b6     0x4  nomemory.o [4]
  .text              ro code  0x000018bc    0xa8  rand.o [3]
  .text              ro code  0x00001964    0x98  main.o [1]
  .text              ro code  0x000019fc    0x32  main.o [1]
  .text              ro code  0x00001a2e     0x8  TestBuilder.o [1]
  .text              ro code  0x00001a36    0x40  ECG_Module.o [1]
  .text              ro code  0x00001a78    0x50  HistogramDisplay.o [1]
  .text              ro code  0x00001ac8    0x1e  main.o [1]
  .text              ro code  0x00001ae6     0xa  delop_0.o [4]
  .text              ro code  0x00001af0    0x34  main.o [1]
  .text              ro code  0x00001b24     0xa  main.o [1]
  .text              ro code  0x00001b2e     0xa  main.o [1]
  .text              ro code  0x00001b38    0x14  main.o [1]
  .text              ro code  0x00001b4c    0x14  main.o [1]
  .text              ro code  0x00001b60    0x10  main.o [1]
  .text              ro code  0x00001b70     0x4  heaptramp0.o [3]
  .text              ro code  0x00001b74     0xc  main.o [1]
  .text              ro code  0x00001b80     0x4  delaop_0.o [4]
  .text              ro code  0x00001b84    0x40  zero_init3.o [5]
  .rodata            const    0x00001bc4    0x38  HistogramDisplay.o [1]
  .text              ro code  0x00001bfc    0x2c  copy_init3.o [5]
  .text              ro code  0x00001c28    0x28  data_init.o [5]
  .text              ro code  0x00001c50    0x22  iarwrite.o [6]
  .iar.init_table    const    0x00001c74    0x24  - Linker created -
  .text              ro code  0x00001c98    0x20  putchar.o [3]
  .text              ro code  0x00001cb8    0x10  write.o [6]
  .text              ro code  0x00001cc8    0x1e  dwrite.o [6]
  .text              ro code  0x00001ce6    0x20  iarwstd.o [6]
  .text              ro code  0x00001d08    0x1e  cmain.o [5]
  .text              ro code  0x00001d26     0x4  low_level_init.o [3]
  .text              ro code  0x00001d2a     0x4  exit.o [3]
  .text              ro code  0x00001d30     0xa  cexit.o [5]
  .rodata            const    0x00001d3c    0x1c  TMDQueue.o [1]
  .rodata            const    0x00001d58    0x18  TMDQueue.o [1]
  .text              ro code  0x00001d70    0x16  xprout.o [3]
  Initializer bytes  const    0x00001d88    0x10  <for P2-1>
  .text              ro code  0x00001d98     0xc  cstartup_M.o [5]
  .rodata            const    0x00001da4     0x8  main.o [1]
  .rodata            const    0x00001dac     0x0  zero_init3.o [5]
  .rodata            const    0x00001dac     0x0  copy_init3.o [5]
                            - 0x00001dac  0x1d6c

"P2", part 1 of 3:                          0x10
  P2-1                        0x20000000    0x10  <Init block>
    .data            inited   0x20000000     0x8  rand.o [3]
    .data            inited   0x20000008     0x8  XShttio.o [3]
                            - 0x20000010    0x10

"P2", part 2 of 3:                         0x280
  .bss               zero     0x20000010   0x1d8  dlmalloc.o [3]
  .bss               zero     0x200001e8    0x84  rand.o [3]
  .bss               zero     0x2000026c    0x18  dlmalloc.o [3]
  .bss               zero     0x20000284     0x4  new.o [4]
  .bss               zero     0x20000288     0x4  xgetmemchunk.o [3]
  .bss               zero     0x2000028c     0x1  XShttio.o [3]
                            - 0x2000028d   0x27d

"P2", part 3 of 3:                         0xc00
  CSTACK                      0x20000290   0x400  <Block>
    CSTACK           uninit   0x20000290   0x400  <Block tail>
  HEAP                        0x20000690   0x800  <Block>
    HEAP             uninit   0x20000690   0x800  <Block tail>
                            - 0x20000e90   0xc00


*******************************************************************************
*** INIT TABLE
***

          Address     Size
          -------     ----
Zero (__iar_zero_init3)
    1 destination range, total size 0x27d:
          0x20000010  0x27d

Copy (__iar_copy_init3)
    1 source range, total size 0x10:
          0x00001d88   0x10
    1 destination range, total size 0x10:
          0x20000000   0x10



*******************************************************************************
*** MODULE SUMMARY
***

    Module              ro code  ro data  rw data
    ------              -------  -------  -------
C:\Users\Tim\Programming\Code\ARM_32\Patterns\04_ECG\ECGcpp\Debug\Obj: [1]
    ECG_Module.o             64
    HistogramDisplay.o       80       56
    TMDQueue.o              218       52
    TestBuilder.o             8
    main.o                  372        8
    ---------------------------------------------
    Total:                  742      116

command line: [2]
    ---------------------------------------------
    Total:

dl7M_tln.a: [3]
    XShttio.o                60        8        9
    abort.o                   6
    dlmalloc.o            5 332               496
    exit.o                    4
    heaptramp0.o              4
    low_level_init.o          4
    printf.o                 40
    putchar.o                32
    rand.o                  168        8      140
    xgetmemchunk.o           44                 4
    xprintftiny.o           322
    xprout.o                 22
    ---------------------------------------------
    Total:                6 038       16      649

dlpp7M_tl_nc.a: [4]
    delaop_0.o                4
    delop_0.o                10
    new.o                                       4
    newop_0.o                36
    nomemory.o                4
    ---------------------------------------------
    Total:                   54                 4

rt7M_tl.a: [5]
    cexit.o                  10
    cmain.o                  30
    copy_init3.o             44
    cstartup_M.o             12
    data_init.o              40
    strlen.o                 54
    vector_table_M.o         66
    zero_init3.o             64
    ---------------------------------------------
    Total:                  320

shb_l.a: [6]
    dwrite.o                 30
    exit.o                   20
    iarttio.o               124
    iarwrite.o               34
    iarwstd.o                32
    unwind_debug.o                     1
    write.o                  16
    ---------------------------------------------
    Total:                  256        1

    Gaps                     11        4
    Linker created                    38    3 072
-------------------------------------------------
    Grand Total:          7 421      175    3 725


*******************************************************************************
*** ENTRY LIST
***

Entry                      Address   Size  Type      Object
-----                      -------   ----  ----      ------
.iar.init_table$$Base   0x00001c74          --   Gb  - Linker created -
.iar.init_table$$Limit  0x00001c98          --   Gb  - Linker created -
?main                   0x00001d09         Code  Gb  cmain.o [5]
CSTACK$$Base            0x20000290          --   Gb  - Linker created -
CSTACK$$Limit           0x20000690          --   Gb  - Linker created -
ECG_Module::ECG_Module()
                        0x00001b25    0xa  Code  Gb  main.o [1]
ECG_Module::acquireValue()
                        0x00001a37   0x3c  Code  Gb  ECG_Module.o [1]
ECG_Module::setItsTMDQueue(TMDQueue *)
                        0x00001a73    0x4  Code  Gb  ECG_Module.o [1]
ECG_Module::~ECG_Module()
                        0x00001b4d   0x14  Code  Gb  main.o [1]
HEAP$$Base              0x20000690          --   Gb  - Linker created -
HEAP$$Limit             0x20000e90          --   Gb  - Linker created -
HistogramDisplay::HistogramDisplay()
                        0x00001b2f    0xa  Code  Gb  main.o [1]
HistogramDisplay::getValue()
                        0x00001a79   0x48  Code  Gb  HistogramDisplay.o [1]
HistogramDisplay::setItsTMDQueue(TMDQueue *)
                        0x00001ac5    0x4  Code  Gb  HistogramDisplay.o [1]
HistogramDisplay::~HistogramDisplay()
                        0x00001b39   0x14  Code  Gb  main.o [1]
Region$$Table$$Base     0x00001c74          --   Gb  - Linker created -
Region$$Table$$Limit    0x00001c98          --   Gb  - Linker created -
TMDQueue::TMDQueue()    0x00001af1   0x34  Code  Gb  main.o [1]
TMDQueue::getNextIndex(int)
                        0x00001791   0x12  Code  Gb  TMDQueue.o [1]
TMDQueue::insert(TimeMarkedData *)
                        0x000017a3   0x44  Code  Gb  TMDQueue.o [1]
TMDQueue::isEmpty()     0x000017e7   0x10  Code  Gb  TMDQueue.o [1]
TMDQueue::remove(int)   0x000017f7   0x4a  Code  Gb  TMDQueue.o [1]
TMDQueue::~TMDQueue()   0x00001b61   0x10  Code  Gb  main.o [1]
TestBuilder::TestBuilder()
                        0x000019fd   0x32  Code  Gb  main.o [1]
TestBuilder::getItsECG_Module()
                        0x00001a2f    0x4  Code  Gb  TestBuilder.o [1]
TestBuilder::getItsHistogram()
                        0x00001a33    0x4  Code  Gb  TestBuilder.o [1]
TestBuilder::~TestBuilder()
                        0x00001ac9   0x1e  Code  Gb  main.o [1]
TimeMarkedData::TimeMarkedData()
                        0x000018a1    0xe  Code  Gb  TMDQueue.o [1]
TimeMarkedData::TimeMarkedData(TMDQueue *)
                        0x00001b75    0xc  Code  Gb  main.o [1]
TimeMarkedData::getDataValue()
                        0x00001879    0x4  Code  Gb  TMDQueue.o [1]
TimeMarkedData::getTimeInterval()
                        0x0000184d    0x4  Code  Gb  TMDQueue.o [1]
TimeMarkedData::setDataValue(int)
                        0x000018b3    0x4  Code  Gb  TMDQueue.o [1]
TimeMarkedData::setTimeInterval(int)
                        0x000018af    0x4  Code  Gb  TMDQueue.o [1]
_PrintfTiny             0x00001631  0x126  Code  Gb  xprintftiny.o [3]
_Prout                  0x00001d71   0x16  Code  Gb  xprout.o [3]
_Rand_idx               0x20000268    0x4  Data  Lc  rand.o [3]
_Rand_rv                0x200001e8   0x80  Data  Lc  rand.o [3]
_Randinit               0x20000000    0x1  Data  Gb  rand.o [3]
_Randseed               0x20000004    0x4  Data  Gb  rand.o [3]
__cmain                 0x00001d09         Code  Gb  cmain.o [5]
__data_GetMemChunk      0x0000151d   0x2c  Code  Gb  xgetmemchunk.o [3]
__data_GetMemChunk::start
                        0x20000288    0x4  Data  Lc  xgetmemchunk.o [3]
__dwrite                0x00001cc9   0x1e  Code  Gb  dwrite.o [6]
__exit                  0x00001549   0x14  Code  Gb  exit.o [6]
__iar_close_ttio        0x0000155d   0x2c  Code  Gb  iarttio.o [6]
__iar_copy_init3        0x00001bfd   0x2c  Code  Gb  copy_init3.o [5]
__iar_data_init3        0x00001c29   0x28  Code  Gb  data_init.o [5]
__iar_debug_exceptions  0x00001756    0x1  Data  Gb  unwind_debug.o [6]
__iar_dlfree            0x0000101b  0x4f6  Code  Gb  dlmalloc.o [3]
__iar_dlmalloc          0x00000d65  0x2b6  Code  Gb  dlmalloc.o [3]
__iar_get_ttio          0x00001589   0x4c  Code  Gb  iarttio.o [6]
__iar_lookup_ttioh      0x00001607    0x4  Code  Gb  XShttio.o [3]
__iar_program_start     0x00001d99         Code  Gb  cstartup_M.o [5]
__iar_sh_stdout         0x00001ce7   0x20  Code  Gb  iarwstd.o [6]
__iar_sh_write          0x00001c51   0x22  Code  Gb  iarwrite.o [6]
__iar_systems$$module {Abs}
                        0x00000001         Data  Gb  command line/config [2]
__iar_ttio_guard_lock   0x000015d9   0x1e  Code  Gb  XShttio.o [3]
__iar_ttio_guard_unlock
                        0x000015f7   0x10  Code  Gb  XShttio.o [3]
__iar_ttio_handles      0x20000008    0x8  Data  Lc  XShttio.o [3]
__iar_zero_init3        0x00001b85   0x40  Code  Gb  zero_init3.o [5]
__low_level_init        0x00001d27    0x4  Code  Gb  low_level_init.o [3]
__vector_table          0x00000000         Data  Gb  vector_table_M.o [5]
__write                 0x00001cb9   0x10  Code  Gb  write.o [6]
_call_main              0x00001d15         Code  Gb  cmain.o [5]
_exit                   0x00001d31         Code  Gb  cexit.o [5]
_gm_                    0x20000010  0x1d8  Data  Lc  dlmalloc.o [3]
_main                   0x00001d23         Code  Gb  cmain.o [5]
abort                   0x00001515    0x6  Code  Gb  abort.o [3]
add_segment             0x00000405  0x1f2  Code  Lc  dlmalloc.o [3]
exit                    0x00001d2b    0x4  Code  Gb  exit.o [3]
free                    0x00001b71    0x4  Code  Gb  heaptramp0.o [3]
init_mparams            0x0000005f   0x32  Code  Lc  dlmalloc.o [3]
init_top                0x00000091   0x32  Code  Lc  dlmalloc.o [3]
main                    0x00001965   0x98  Code  Gb  main.o [1]
mparams                 0x2000026c   0x18  Data  Lc  dlmalloc.o [3]
operator delete (void *)
                        0x00001ae7    0xa  Code  Gb  delop_0.o [4]
operator delete[] (void *)
                        0x00001b81    0x4  Code  Gb  delaop_0.o [4]
operator new (unsigned int)
                        0x0000187d   0x24  Code  Gb  newop_0.o [4]
out                     0x00001615   0x1c  Code  Lc  xprintftiny.o [3]
prepend_alloc           0x000000c3  0x342  Code  Lc  dlmalloc.o [3]
printf                  0x00001851   0x28  Code  Gb  printf.o [3]
putchar                 0x00001c99   0x20  Code  Gb  putchar.o [3]
rand                    0x000018bd   0x96  Code  Gb  rand.o [3]
segment_holding         0x00000041   0x1e  Code  Lc  dlmalloc.o [3]
std::_NomemoryNothrow()
                        0x000018b7    0x4  Code  Gb  nomemory.o [4]
std::__iar_New_hand     0x20000284    0x4  Data  Gb  new.o [4]
strlen                  0x00001759         Code  Gb  strlen.o [5]
sys_alloc               0x000005fd  0x164  Code  Lc  dlmalloc.o [3]
sys_trim                0x00000761   0x66  Code  Lc  dlmalloc.o [3]
tmalloc_large           0x000007d5  0x384  Code  Lc  dlmalloc.o [3]
tmalloc_small           0x00000b59  0x1fe  Code  Lc  dlmalloc.o [3]
ttio_guard              0x2000028c    0x1  Data  Lc  XShttio.o [3]


[1] = C:\Users\Tim\Programming\Code\ARM_32\Patterns\04_ECG\ECGcpp\Debug\Obj
[2] = command line
[3] = dl7M_tln.a
[4] = dlpp7M_tl_nc.a
[5] = rt7M_tl.a
[6] = shb_l.a

  7 421 bytes of readonly  code memory
    175 bytes of readonly  data memory
  3 725 bytes of readwrite data memory

Errors: none
Warnings: none
