###############################################################################
#
# IAR ELF Linker V8.22.2.15995/W32 for ARM                18/Apr/2018  13:42:54
# Copyright 2007-2018 IAR Systems AB.
#
#    Output file  =  
#        C:\Users\Tim\Programming\Code\ARM_32\SimpleFeatures\Exceptions\Code\C\Debug\Exe\Exceptions.out
#    Map file     =  
#        C:\Users\Tim\Programming\Code\ARM_32\SimpleFeatures\Exceptions\Code\C\Debug\List\Exceptions.map
#    Command line =  
#        -f C:\Users\Tim\AppData\Local\Temp\EWD5AC.tmp
#        (C:\Users\Tim\Programming\Code\ARM_32\SimpleFeatures\Exceptions\Code\C\Debug\Obj\main.o
#        -o
#        C:\Users\Tim\Programming\Code\ARM_32\SimpleFeatures\Exceptions\Code\C\Debug\Exe\Exceptions.out
#        --map
#        C:\Users\Tim\Programming\Code\ARM_32\SimpleFeatures\Exceptions\Code\C\Debug\List\Exceptions.map
#        --config "C:\Program Files (x86)\IAR Systems\Embedded Workbench
#        8.0\arm\CONFIG\generic_cortex.icf" --semihosting --entry
#        __iar_program_start --no_vfe --text_out locale)
#
###############################################################################

*******************************************************************************
*** RUNTIME MODEL ATTRIBUTES
***

CppFlavor                   = *
__SystemLibrary             = DLib
__dlib_jmp_buf_num_elements = 8
__dlib_version              = 6


*******************************************************************************
*** HEAP SELECTION
***

The basic heap was selected because no calls to memory allocation
functions were found in the application outside of system library
functions, and there are calls to deallocation functions in the
application.


*******************************************************************************
*** PLACEMENT SUMMARY
***

"A0":  place at 0x00000000 { ro section .intvec };
"P1":  place in [from 0x00000000 to 0x0007ffff] { ro };
define block CSTACK with size = 1K, alignment = 8 { };
define block PROC_STACK with size = 0M, alignment = 8 { };
define block HEAP with size = 2K, alignment = 8 { };
"P2":  place in [from 0x20000000 to 0x2000ffff] {
          rw, block CSTACK, block PROC_STACK, block HEAP };
initialize by copy { rw };

  Section            Kind        Address   Size  Object
  -------            ----        -------   ----  ------
"A0":                                      0x40
  .intvec            ro code  0x00000000   0x40  vector_table_M.o [5]
                            - 0x00000040   0x40

"P1":                                     0x4b2
  .text              ro code  0x00000040  0x142  xprintftiny.o [3]
  .text              ro code  0x00000182    0x2  vector_table_M.o [5]
  .text              ro code  0x00000184   0x36  strlen.o [5]
  .text              ro code  0x000001bc   0x7c  iarttio.o [6]
  .text              ro code  0x00000238   0x3c  XShttio.o [3]
  .text              ro code  0x00000274   0x68  main.o [1]
  .text              ro code  0x000002dc   0x24  setjmp.o [4]
  .text              ro code  0x00000300   0x28  printf.o [3]
  .text              ro code  0x00000328   0x38  packbits_init_single.o [5]
  .text              ro code  0x00000360   0x28  data_init.o [5]
  .text              ro code  0x00000388   0x22  iarwrite.o [6]
  .iar.init_table    const    0x000003ac   0x10  - Linker created -
  .rodata            const    0x000003bc   0x20  main.o [1]
  .rodata            const    0x000003dc   0x20  main.o [1]
  .text              ro code  0x000003fc   0x20  putchar.o [3]
  .text              ro code  0x0000041c   0x10  write.o [6]
  .text              ro code  0x0000042c   0x1e  dwrite.o [6]
  .text              ro code  0x0000044a   0x20  iarwstd.o [6]
  .text              ro code  0x0000046c   0x1e  cmain.o [5]
  .text              ro code  0x0000048a    0x4  low_level_init.o [3]
  .text              ro code  0x0000048e    0x4  exit.o [3]
  .text              ro code  0x00000494    0xa  cexit.o [5]
  .text              ro code  0x000004a0   0x14  exit.o [6]
  .text              ro code  0x000004b4   0x16  xprout.o [3]
  .rodata            const    0x000004cc   0x14  main.o [1]
  .text              ro code  0x000004e0    0xc  cstartup_M.o [5]
  .rodata            const    0x000004ec    0x0  packbits_init_single.o [5]
  Initializer bytes  const    0x000004ec    0x6  <for P2-1>
                            - 0x000004f2  0x4b2

"P2", part 1 of 2:                         0x4d
  P2-1                        0x20000000   0x4d  <Init block>
    .bss             inited   0x20000000   0x40  main.o [1]
    .data            inited   0x20000040    0x8  XShttio.o [3]
    .bss             inited   0x20000048    0x4  main.o [1]
    .bss             inited   0x2000004c    0x1  XShttio.o [3]
                            - 0x2000004d   0x4d

"P2", part 2 of 2:                        0x400
  CSTACK                      0x20000050  0x400  <Block>
    CSTACK           uninit   0x20000050  0x400  <Block tail>
                            - 0x20000450  0x400


*******************************************************************************
*** INIT TABLE
***

          Address     Size
          -------     ----
Copy/packbits (__iar_packbits_init_single3)
    1 source range, total size 0x6 (7% of destination):
          0x000004ec   0x6
    1 destination range, total size 0x4d:
          0x20000000  0x4d



*******************************************************************************
*** MODULE SUMMARY
***

    Module                  ro code  ro data  rw data
    ------                  -------  -------  -------
C:\Users\Tim\Programming\Code\ARM_32\SimpleFeatures\Exceptions\Code\C\Debug\Obj: [1]
    main.o                      104       88       68
    -------------------------------------------------
    Total:                      104       88       68

command line: [2]
    -------------------------------------------------
    Total:

dl7M_tln.a: [3]
    XShttio.o                    60        2        9
    exit.o                        4
    low_level_init.o              4
    printf.o                     40
    putchar.o                    32
    xprintftiny.o               322
    xprout.o                     22
    -------------------------------------------------
    Total:                      484        2        9

m7M_tl.a: [4]
    setjmp.o                     36
    -------------------------------------------------
    Total:                       36

rt7M_tl.a: [5]
    cexit.o                      10
    cmain.o                      30
    cstartup_M.o                 12
    data_init.o                  40
    packbits_init_single.o       56
    strlen.o                     54
    vector_table_M.o             66
    -------------------------------------------------
    Total:                      268

shb_l.a: [6]
    dwrite.o                     30
    exit.o                       20
    iarttio.o                   124
    iarwrite.o                   34
    iarwstd.o                    32
    write.o                      16
    -------------------------------------------------
    Total:                      256

    Gaps                          8        4
    Linker created                        16    1 024
-----------------------------------------------------
    Grand Total:              1 156      110    1 101


*******************************************************************************
*** ENTRY LIST
***

Entry                      Address   Size  Type      Object
-----                      -------   ----  ----      ------
.iar.init_table$$Base   0x000003ac          --   Gb  - Linker created -
.iar.init_table$$Limit  0x000003bc          --   Gb  - Linker created -
?main                   0x0000046d         Code  Gb  cmain.o [5]
CSTACK$$Base            0x20000050          --   Gb  - Linker created -
CSTACK$$Limit           0x20000450          --   Gb  - Linker created -
ConstCharStarException  0x20000000   0x40  Data  Gb  main.o [1]
ConstCharStarExceptionValue
                        0x20000048    0x4  Data  Gb  main.o [1]
Region$$Table$$Base     0x000003ac          --   Gb  - Linker created -
Region$$Table$$Limit    0x000003bc          --   Gb  - Linker created -
_PrintfTiny             0x0000005d  0x126  Code  Gb  xprintftiny.o [3]
_Prout                  0x000004b5   0x16  Code  Gb  xprout.o [3]
__aeabi_JMP_BUF_SIZE {Abs}
                        0x00000008          --   Gb  setjmp.o [4]
__cmain                 0x0000046d         Code  Gb  cmain.o [5]
__dwrite                0x0000042d   0x1e  Code  Gb  dwrite.o [6]
__exit                  0x000004a1   0x14  Code  Gb  exit.o [6]
__iar_close_ttio        0x000001bd   0x2c  Code  Gb  iarttio.o [6]
__iar_data_init3        0x00000361   0x28  Code  Gb  data_init.o [5]
__iar_get_ttio          0x000001e9   0x4c  Code  Gb  iarttio.o [6]
__iar_lookup_ttioh      0x00000267    0x4  Code  Gb  XShttio.o [3]
__iar_packbits_init_single3
                        0x00000329   0x38  Code  Gb  packbits_init_single.o [5]
__iar_program_start     0x000004e1         Code  Gb  cstartup_M.o [5]
__iar_sh_stdout         0x0000044b   0x20  Code  Gb  iarwstd.o [6]
__iar_sh_write          0x00000389   0x22  Code  Gb  iarwrite.o [6]
__iar_systems$$module {Abs}
                        0x00000001         Data  Gb  command line/config [2]
__iar_ttio_guard_lock   0x00000239   0x1e  Code  Gb  XShttio.o [3]
__iar_ttio_guard_unlock
                        0x00000257   0x10  Code  Gb  XShttio.o [3]
__iar_ttio_handles      0x20000040    0x8  Data  Lc  XShttio.o [3]
__low_level_init        0x0000048b    0x4  Code  Gb  low_level_init.o [3]
__vector_table          0x00000000         Data  Gb  vector_table_M.o [5]
__write                 0x0000041d   0x10  Code  Gb  write.o [6]
_call_main              0x00000479         Code  Gb  cmain.o [5]
_exit                   0x00000495         Code  Gb  cexit.o [5]
_main                   0x00000487         Code  Gb  cmain.o [5]
exit                    0x0000048f    0x4  Code  Gb  exit.o [3]
factorial               0x00000275   0x2a  Code  Gb  main.o [1]
longjmp                 0x000002ed         Code  Gb  setjmp.o [4]
main                    0x0000029f   0x2a  Code  Gb  main.o [1]
out                     0x00000041   0x1c  Code  Lc  xprintftiny.o [3]
printf                  0x00000301   0x28  Code  Gb  printf.o [3]
putchar                 0x000003fd   0x20  Code  Gb  putchar.o [3]
setjmp                  0x000002dd         Code  Gb  setjmp.o [4]
strlen                  0x00000185         Code  Gb  strlen.o [5]
ttio_guard              0x2000004c    0x1  Data  Lc  XShttio.o [3]


[1] = C:\Users\Tim\Programming\Code\ARM_32\SimpleFeatures\Exceptions\Code\C\Debug\Obj
[2] = command line
[3] = dl7M_tln.a
[4] = m7M_tl.a
[5] = rt7M_tl.a
[6] = shb_l.a

  1 156 bytes of readonly  code memory
    110 bytes of readonly  data memory
  1 101 bytes of readwrite data memory

Errors: none
Warnings: none
