###############################################################################
#
# IAR ANSI C/C++ Compiler V8.22.2.15995/W32 for ARM       19/Apr/2018  09:33:48
# Copyright 1999-2018 IAR Systems AB.
#
#    Cpu mode     =  thumb
#    Endian       =  little
#    Source file  =  
#        C:\Users\Tim\Programming\Code\ARM_32\SimpleFeatures\Class\Code\C\main.c
#    Command line =  
#        -f C:\Users\Tim\AppData\Local\Temp\EWD3A5.tmp
#        (C:\Users\Tim\Programming\Code\ARM_32\SimpleFeatures\Class\Code\C\main.c
#        -lC
#        C:\Users\Tim\Programming\Code\ARM_32\SimpleFeatures\Class\Code\C\Debug\List
#        -lA
#        C:\Users\Tim\Programming\Code\ARM_32\SimpleFeatures\Class\Code\C\Debug\List
#        -o
#        C:\Users\Tim\Programming\Code\ARM_32\SimpleFeatures\Class\Code\C\Debug\Obj
#        --no_cse --no_unroll --no_inline --no_code_motion --no_tbaa
#        --no_clustering --no_scheduling --debug --endian=little
#        --cpu=Cortex-M4 --fpu=None --dlib_config "C:\Program Files (x86)\IAR
#        Systems\Embedded Workbench 8.0\arm\INC\c\DLib_Config_Normal.h" -On)
#    Locale       =  C
#    List file    =  
#        C:\Users\Tim\Programming\Code\ARM_32\SimpleFeatures\Class\Code\C\Debug\List\main.lst
#    Object file  =  
#        C:\Users\Tim\Programming\Code\ARM_32\SimpleFeatures\Class\Code\C\Debug\Obj\main.o
#
###############################################################################

C:\Users\Tim\Programming\Code\ARM_32\SimpleFeatures\Class\Code\C\main.c
      1          /* C approximation */
      2          
      3          #include <stdio.h>
      4          
      5          struct A {
      6          	int x;
      7          };
      8          

   \                                 In section .text, align 2, keep-with-next
      9          void setX_A(struct A* this, int num) {
     10          	this->x = num;
   \                     setX_A: (+1)
   \   00000000   0x6001             STR      R1,[R0, #+0]
     11          }
   \   00000002   0x4770             BX       LR               ;; return
     12          

   \                                 In section .text, align 2, keep-with-next
     13          int getX_A(struct A* this) {
     14          	return this->x;
   \                     getX_A: (+1)
   \   00000000   0x6800             LDR      R0,[R0, #+0]
   \   00000002   0x4770             BX       LR               ;; return
     15          }
     16          

   \                                 In section .text, align 2, keep-with-next
     17          int main() {
   \                     main: (+1)
   \   00000000   0xB51C             PUSH     {R2-R4,LR}
     18          	struct A a;
     19          	int number = 5;
   \   00000002   0x2405             MOVS     R4,#+5
     20          
     21          	setX_A(&a,number);
   \   00000004   0x0021             MOVS     R1,R4
   \   00000006   0x4668             MOV      R0,SP
   \   00000008   0x.... 0x....      BL       setX_A
     22          
     23          	printf("Property x: %d\n",getX_A(&a));
   \   0000000C   0x4668             MOV      R0,SP
   \   0000000E   0x.... 0x....      BL       getX_A
   \   00000012   0x0001             MOVS     R1,R0
   \   00000014   0x....             LDR.N    R0,??DataTable1
   \   00000016   0x.... 0x....      BL       printf
     24          	
     25          	while (1) {
   \                     ??main_0: (+1)
   \   0000001A   0xE7FE             B.N      ??main_0
     26          		
     27          	}
     28          }

   \                                 In section .text, align 4, keep-with-next
   \                     ??DataTable1:
   \   00000000   0x........         DC32     ?_0

   \                                 In section .rodata, align 4
   \                     ?_0:
   \   00000000   0x50 0x72          DC8 "Property x: %d\012"
   \              0x6F 0x70    
   \              0x65 0x72    
   \              0x74 0x79    
   \              0x20 0x78    
   \              0x3A 0x20    
   \              0x25 0x64    
   \              0x0A 0x00    

   Maximum stack usage in bytes:

   .cstack Function
   ------- --------
       0   getX_A
      16   main
        16   -> getX_A
        16   -> printf
        16   -> setX_A
       0   setX_A


   Section sizes:

   Bytes  Function/Label
   -----  --------------
       4  ??DataTable1
      16  ?_0
       4  getX_A
      28  main
       4  setX_A

 
 16 bytes in section .rodata
 40 bytes in section .text
 
 40 bytes of CODE  memory
 16 bytes of CONST memory

Errors: none
Warnings: none
