###############################################################################
#
# IAR ELF Linker V8.22.2.15995/W32 for ARM                21/Apr/2018  09:33:35
# Copyright 2007-2018 IAR Systems AB.
#
#    Output file  =  
#        C:\Users\Tim\Programming\Code\ARM_32\Patterns\02_HardwareAdapterPattern\Code\C\Debug\Exe\HardwareAdapterPattern.out
#    Map file     =  
#        C:\Users\Tim\Programming\Code\ARM_32\Patterns\02_HardwareAdapterPattern\Code\C\Debug\List\HardwareAdapterPattern.map
#    Command line =  
#        -f C:\Users\Tim\AppData\Local\Temp\EWF53B.tmp
#        (C:\Users\Tim\Programming\Code\ARM_32\Patterns\02_HardwareAdapterPattern\Code\C\Debug\Obj\AcmeO2Adapter.o
#        C:\Users\Tim\Programming\Code\ARM_32\Patterns\02_HardwareAdapterPattern\Code\C\Debug\Obj\AcmeO2SensorProxy.o
#        C:\Users\Tim\Programming\Code\ARM_32\Patterns\02_HardwareAdapterPattern\Code\C\Debug\Obj\IO2Sensor.o
#        C:\Users\Tim\Programming\Code\ARM_32\Patterns\02_HardwareAdapterPattern\Code\C\Debug\Obj\main.o
#        C:\Users\Tim\Programming\Code\ARM_32\Patterns\02_HardwareAdapterPattern\Code\C\Debug\Obj\UltimateO2Adapter.o
#        -o
#        C:\Users\Tim\Programming\Code\ARM_32\Patterns\02_HardwareAdapterPattern\Code\C\Debug\Exe\HardwareAdapterPattern.out
#        --map
#        C:\Users\Tim\Programming\Code\ARM_32\Patterns\02_HardwareAdapterPattern\Code\C\Debug\List\HardwareAdapterPattern.map
#        --config "C:\Program Files (x86)\IAR Systems\Embedded Workbench
#        8.0\arm\CONFIG\generic_cortex.icf" --semihosting --entry
#        __iar_program_start --no_vfe --text_out locale)
#
###############################################################################

*******************************************************************************
*** RUNTIME MODEL ATTRIBUTES
***

CppFlavor       = *
__Heap_Handler  = DLMalloc
__SystemLibrary = DLib
__dlib_version  = 6


*******************************************************************************
*** HEAP SELECTION
***

The advanced heap was selected because the application calls memory
allocation functions outside of system library functions, and there
are calls to deallocation functions in the application.


*******************************************************************************
*** PLACEMENT SUMMARY
***

"A0":  place at 0x00000000 { ro section .intvec };
"P1":  place in [from 0x00000000 to 0x0007ffff] { ro };
define block CSTACK with size = 1K, alignment = 8 { };
define block PROC_STACK with size = 0M, alignment = 8 { };
define block HEAP with size = 2K, alignment = 8 { };
"P2":  place in [from 0x20000000 to 0x2000ffff] {
          rw, block CSTACK, block PROC_STACK, block HEAP };
initialize by copy { rw };

  Section            Kind        Address    Size  Object
  -------            ----        -------    ----  ------
"A0":                                       0x40
  .intvec            ro code  0x00000000    0x40  vector_table_M.o [5]
                            - 0x00000040    0x40

"P1":                                     0x1a68
  .text              ro code  0x00000040  0x14d4  dlmalloc.o [3]
  .text              ro code  0x00001514     0x6  abort.o [3]
  .text              ro code  0x0000151a     0x2  vector_table_M.o [5]
  .text              ro code  0x0000151c    0x2c  xgetmemchunk.o [3]
  .text              ro code  0x00001548    0x14  exit.o [6]
  .text              ro code  0x0000155c    0x7c  iarttio.o [6]
  .text              ro code  0x000015d8    0x3c  XShttio.o [3]
  .text              ro code  0x00001614   0x142  xprintftiny.o [3]
  .text              ro code  0x00001758    0x36  strlen.o [5]
  .text              ro code  0x00001790    0x6c  main.o [1]
  .text              ro code  0x000017fc    0x50  IO2Sensor.o [1]
  .text              ro code  0x0000184c    0x1e  AcmeO2SensorProxy.o [1]
  .text              ro code  0x0000186c    0x3c  AcmeO2Adapter.o [1]
  .text              ro code  0x000018a8    0x28  printf.o [3]
  .text              ro code  0x000018d0     0x4  heaptramp0.o [3]
  .text              ro code  0x000018d4    0x40  zero_init3.o [5]
  .text              ro code  0x00001914    0x2c  copy_init3.o [5]
  .text              ro code  0x00001940    0x28  data_init.o [5]
  .text              ro code  0x00001968    0x22  iarwrite.o [6]
  .iar.init_table    const    0x0000198c    0x24  - Linker created -
  .text              ro code  0x000019b0    0x20  putchar.o [3]
  .text              ro code  0x000019d0    0x10  write.o [6]
  .text              ro code  0x000019e0    0x1e  dwrite.o [6]
  .text              ro code  0x000019fe    0x20  iarwstd.o [6]
  .text              ro code  0x00001a20    0x1e  cmain.o [5]
  .text              ro code  0x00001a3e     0x4  low_level_init.o [3]
  .text              ro code  0x00001a42     0x4  exit.o [3]
  .text              ro code  0x00001a48     0xa  cexit.o [5]
  .rodata            const    0x00001a54    0x18  main.o [1]
  .text              ro code  0x00001a6c    0x16  xprout.o [3]
  .rodata            const    0x00001a84    0x10  main.o [1]
  .text              ro code  0x00001a94     0xc  cstartup_M.o [5]
  Initializer bytes  const    0x00001aa0     0x8  <for P2-1>
  .rodata            const    0x00001aa8     0x0  zero_init3.o [5]
  .rodata            const    0x00001aa8     0x0  copy_init3.o [5]
                            - 0x00001aa8  0x1a68

"P2", part 1 of 3:                           0x8
  P2-1                        0x20000000     0x8  <Init block>
    .data            inited   0x20000000     0x8  XShttio.o [3]
                            - 0x20000008     0x8

"P2", part 2 of 3:                         0x1f8
  .bss               zero     0x20000008   0x1d8  dlmalloc.o [3]
  .bss               zero     0x200001e0    0x18  dlmalloc.o [3]
  .bss               zero     0x200001f8     0x4  xgetmemchunk.o [3]
  .bss               zero     0x200001fc     0x1  XShttio.o [3]
                            - 0x200001fd   0x1f5

"P2", part 3 of 3:                         0xc00
  CSTACK                      0x20000200   0x400  <Block>
    CSTACK           uninit   0x20000200   0x400  <Block tail>
  HEAP                        0x20000600   0x800  <Block>
    HEAP             uninit   0x20000600   0x800  <Block tail>
                            - 0x20000e00   0xc00


*******************************************************************************
*** INIT TABLE
***

          Address     Size
          -------     ----
Zero (__iar_zero_init3)
    1 destination range, total size 0x1f5:
          0x20000008  0x1f5

Copy (__iar_copy_init3)
    1 source range, total size 0x8:
          0x00001aa0    0x8
    1 destination range, total size 0x8:
          0x20000000    0x8



*******************************************************************************
*** MODULE SUMMARY
***

    Module               ro code  ro data  rw data
    ------               -------  -------  -------
C:\Users\Tim\Programming\Code\ARM_32\Patterns\02_HardwareAdapterPattern\Code\C\Debug\Obj: [1]
    AcmeO2Adapter.o           60
    AcmeO2SensorProxy.o       30
    IO2Sensor.o               80
    main.o                   108       40
    ----------------------------------------------
    Total:                   278       40

command line: [2]
    ----------------------------------------------
    Total:

dl7M_tln.a: [3]
    XShttio.o                 60        8        9
    abort.o                    6
    dlmalloc.o             5 332               496
    exit.o                     4
    heaptramp0.o               4
    low_level_init.o           4
    printf.o                  40
    putchar.o                 32
    xgetmemchunk.o            44                 4
    xprintftiny.o            322
    xprout.o                  22
    ----------------------------------------------
    Total:                 5 870        8      509

m7M_tl.a: [4]
    ----------------------------------------------
    Total:

rt7M_tl.a: [5]
    cexit.o                   10
    cmain.o                   30
    copy_init3.o              44
    cstartup_M.o              12
    data_init.o               40
    strlen.o                  54
    vector_table_M.o          66
    zero_init3.o              64
    ----------------------------------------------
    Total:                   320

shb_l.a: [6]
    dwrite.o                  30
    exit.o                    20
    iarttio.o                124
    iarwrite.o                34
    iarwstd.o                 32
    write.o                   16
    ----------------------------------------------
    Total:                   256

    Gaps                      10        6
    Linker created                     36    3 072
--------------------------------------------------
    Grand Total:           6 734       90    3 581


*******************************************************************************
*** ENTRY LIST
***

Entry                      Address   Size  Type      Object
-----                      -------   ----  ----      ------
.iar.init_table$$Base   0x0000198c          --   Gb  - Linker created -
.iar.init_table$$Limit  0x000019b0          --   Gb  - Linker created -
?main                   0x00001a21         Code  Gb  cmain.o [5]
AcmeO2Adapter_Init      0x00001897    0xa  Code  Gb  AcmeO2Adapter.o [1]
AcmeO2Adapter_configure
                        0x00001893    0x4  Code  Gb  AcmeO2Adapter.o [1]
AcmeO2Adapter_gimmeO2Conc
                        0x0000186d    0xe  Code  Gb  AcmeO2Adapter.o [1]
AcmeO2Adapter_gimmeO2Flow
                        0x0000187b   0x18  Code  Gb  AcmeO2Adapter.o [1]
AcmeO2SensorProxy_Init  0x0000184d    0xe  Code  Gb  AcmeO2SensorProxy.o [1]
AcmeO2SensorProxy_getO2Conc
                        0x0000185d    0x6  Code  Gb  AcmeO2SensorProxy.o [1]
AcmeO2SensorProxy_getO2Flow
                        0x00001865    0x6  Code  Gb  AcmeO2SensorProxy.o [1]
CSTACK$$Base            0x20000200          --   Gb  - Linker created -
CSTACK$$Limit           0x20000600          --   Gb  - Linker created -
HEAP$$Base              0x20000600          --   Gb  - Linker created -
HEAP$$Limit             0x20000e00          --   Gb  - Linker created -
IO2Sensor_Create        0x000017fd   0x18  Code  Gb  IO2Sensor.o [1]
IO2Sensor_Destroy       0x00001815   0x10  Code  Gb  IO2Sensor.o [1]
IO2Sensor_Init          0x00001825    0xe  Code  Gb  IO2Sensor.o [1]
IO2Sensor_gimmeO2Conc   0x00001835    0xc  Code  Gb  IO2Sensor.o [1]
IO2Sensor_gimmeO2Flow   0x00001841    0xc  Code  Gb  IO2Sensor.o [1]
Region$$Table$$Base     0x0000198c          --   Gb  - Linker created -
Region$$Table$$Limit    0x000019b0          --   Gb  - Linker created -
_PrintfTiny             0x00001631  0x126  Code  Gb  xprintftiny.o [3]
_Prout                  0x00001a6d   0x16  Code  Gb  xprout.o [3]
__cmain                 0x00001a21         Code  Gb  cmain.o [5]
__data_GetMemChunk      0x0000151d   0x2c  Code  Gb  xgetmemchunk.o [3]
__data_GetMemChunk::start
                        0x200001f8    0x4  Data  Lc  xgetmemchunk.o [3]
__dwrite                0x000019e1   0x1e  Code  Gb  dwrite.o [6]
__exit                  0x00001549   0x14  Code  Gb  exit.o [6]
__iar_close_ttio        0x0000155d   0x2c  Code  Gb  iarttio.o [6]
__iar_copy_init3        0x00001915   0x2c  Code  Gb  copy_init3.o [5]
__iar_data_init3        0x00001941   0x28  Code  Gb  data_init.o [5]
__iar_dlfree            0x0000101b  0x4f6  Code  Gb  dlmalloc.o [3]
__iar_dlmalloc          0x00000d65  0x2b6  Code  Gb  dlmalloc.o [3]
__iar_get_ttio          0x00001589   0x4c  Code  Gb  iarttio.o [6]
__iar_lookup_ttioh      0x00001607    0x4  Code  Gb  XShttio.o [3]
__iar_program_start     0x00001a95         Code  Gb  cstartup_M.o [5]
__iar_sh_stdout         0x000019ff   0x20  Code  Gb  iarwstd.o [6]
__iar_sh_write          0x00001969   0x22  Code  Gb  iarwrite.o [6]
__iar_systems$$module {Abs}
                        0x00000001         Data  Gb  command line/config [2]
__iar_ttio_guard_lock   0x000015d9   0x1e  Code  Gb  XShttio.o [3]
__iar_ttio_guard_unlock
                        0x000015f7   0x10  Code  Gb  XShttio.o [3]
__iar_ttio_handles      0x20000000    0x8  Data  Lc  XShttio.o [3]
__iar_zero_init3        0x000018d5   0x40  Code  Gb  zero_init3.o [5]
__low_level_init        0x00001a3f    0x4  Code  Gb  low_level_init.o [3]
__vector_table          0x00000000         Data  Gb  vector_table_M.o [5]
__write                 0x000019d1   0x10  Code  Gb  write.o [6]
_call_main              0x00001a2d         Code  Gb  cmain.o [5]
_exit                   0x00001a49         Code  Gb  cexit.o [5]
_gm_                    0x20000008  0x1d8  Data  Lc  dlmalloc.o [3]
_main                   0x00001a3b         Code  Gb  cmain.o [5]
abort                   0x00001515    0x6  Code  Gb  abort.o [3]
add_segment             0x00000405  0x1f2  Code  Lc  dlmalloc.o [3]
exit                    0x00001a43    0x4  Code  Gb  exit.o [3]
free                    0x000018d1    0x4  Code  Gb  heaptramp0.o [3]
init_mparams            0x0000005f   0x32  Code  Lc  dlmalloc.o [3]
init_top                0x00000091   0x32  Code  Lc  dlmalloc.o [3]
main                    0x00001791   0x6c  Code  Gb  main.o [1]
mparams                 0x200001e0   0x18  Data  Lc  dlmalloc.o [3]
out                     0x00001615   0x1c  Code  Lc  xprintftiny.o [3]
prepend_alloc           0x000000c3  0x342  Code  Lc  dlmalloc.o [3]
printf                  0x000018a9   0x28  Code  Gb  printf.o [3]
putchar                 0x000019b1   0x20  Code  Gb  putchar.o [3]
segment_holding         0x00000041   0x1e  Code  Lc  dlmalloc.o [3]
strlen                  0x00001759         Code  Gb  strlen.o [5]
sys_alloc               0x000005fd  0x164  Code  Lc  dlmalloc.o [3]
sys_trim                0x00000761   0x66  Code  Lc  dlmalloc.o [3]
tmalloc_large           0x000007d5  0x384  Code  Lc  dlmalloc.o [3]
tmalloc_small           0x00000b59  0x1fe  Code  Lc  dlmalloc.o [3]
ttio_guard              0x200001fc    0x1  Data  Lc  XShttio.o [3]


[1] = C:\Users\Tim\Programming\Code\ARM_32\Patterns\02_HardwareAdapterPattern\Code\C\Debug\Obj
[2] = command line
[3] = dl7M_tln.a
[4] = m7M_tl.a
[5] = rt7M_tl.a
[6] = shb_l.a

  6 734 bytes of readonly  code memory
     90 bytes of readonly  data memory
  3 581 bytes of readwrite data memory

Errors: none
Warnings: none
