Archive member included to satisfy reference by file (symbol)

/usr/lib/arm-linux-gnueabihf/libc_nonshared.a(elf-init.oS)
                              /usr/lib/gcc/arm-linux-gnueabihf/4.9/../../../arm-linux-gnueabihf/crt1.o (__libc_csu_init)

Discarded input sections

 .note.GNU-stack
                0x00000000        0x0 /usr/lib/gcc/arm-linux-gnueabihf/4.9/../../../arm-linux-gnueabihf/crt1.o
 .gnu_debuglink
                0x00000000        0xc /usr/lib/gcc/arm-linux-gnueabihf/4.9/../../../arm-linux-gnueabihf/crt1.o
 .note.GNU-stack
                0x00000000        0x0 /usr/lib/gcc/arm-linux-gnueabihf/4.9/../../../arm-linux-gnueabihf/crti.o
 .gnu_debuglink
                0x00000000        0xc /usr/lib/gcc/arm-linux-gnueabihf/4.9/../../../arm-linux-gnueabihf/crti.o
 .note.GNU-stack
                0x00000000        0x0 /usr/lib/gcc/arm-linux-gnueabihf/4.9/crtbegin.o
 .group         0x00000000       0x10 main.o
 .group         0x00000000       0x10 main.o
 .note.GNU-stack
                0x00000000        0x0 main.o
 .note.GNU-stack
                0x00000000        0x0 MotorProxy.o
 .note.GNU-stack
                0x00000000        0x0 /usr/lib/arm-linux-gnueabihf/libc_nonshared.a(elf-init.oS)
 .note.GNU-stack
                0x00000000        0x0 /usr/lib/gcc/arm-linux-gnueabihf/4.9/crtend.o
 .note.GNU-stack
                0x00000000        0x0 /usr/lib/gcc/arm-linux-gnueabihf/4.9/../../../arm-linux-gnueabihf/crtn.o
 .gnu_debuglink
                0x00000000        0xc /usr/lib/gcc/arm-linux-gnueabihf/4.9/../../../arm-linux-gnueabihf/crtn.o

Memory Configuration

Name             Origin             Length             Attributes
*default*        0x00000000         0xffffffff

Linker script and memory map

LOAD /usr/lib/gcc/arm-linux-gnueabihf/4.9/../../../arm-linux-gnueabihf/crt1.o
LOAD /usr/lib/gcc/arm-linux-gnueabihf/4.9/../../../arm-linux-gnueabihf/crti.o
LOAD /usr/lib/gcc/arm-linux-gnueabihf/4.9/crtbegin.o
LOAD main.o
LOAD MotorProxy.o
LOAD /usr/lib/gcc/arm-linux-gnueabihf/4.9/libstdc++.so
LOAD /usr/lib/gcc/arm-linux-gnueabihf/4.9/../../../arm-linux-gnueabihf/libm.so
LOAD /usr/lib/gcc/arm-linux-gnueabihf/4.9/libgcc_s.so
START GROUP
LOAD /usr/lib/gcc/arm-linux-gnueabihf/4.9/libgcc_s.so.1
LOAD /usr/lib/gcc/arm-linux-gnueabihf/4.9/libgcc.a
END GROUP
LOAD /usr/lib/gcc/arm-linux-gnueabihf/4.9/libgcc.a
LOAD /usr/lib/gcc/arm-linux-gnueabihf/4.9/../../../arm-linux-gnueabihf/libc.so
START GROUP
LOAD /lib/arm-linux-gnueabihf/libc.so.6
LOAD /usr/lib/arm-linux-gnueabihf/libc_nonshared.a
LOAD /lib/arm-linux-gnueabihf/ld-linux-armhf.so.3
END GROUP
LOAD /usr/lib/gcc/arm-linux-gnueabihf/4.9/libgcc_s.so
START GROUP
LOAD /usr/lib/gcc/arm-linux-gnueabihf/4.9/libgcc_s.so.1
LOAD /usr/lib/gcc/arm-linux-gnueabihf/4.9/libgcc.a
END GROUP
LOAD /usr/lib/gcc/arm-linux-gnueabihf/4.9/libgcc.a
LOAD /usr/lib/gcc/arm-linux-gnueabihf/4.9/crtend.o
LOAD /usr/lib/gcc/arm-linux-gnueabihf/4.9/../../../arm-linux-gnueabihf/crtn.o
                0x00010000                PROVIDE (__executable_start, 0x10000)
                0x00010134                . = (0x10000 + SIZEOF_HEADERS)

.interp         0x00010134       0x19
 *(.interp)
 .interp        0x00010134       0x19 /usr/lib/gcc/arm-linux-gnueabihf/4.9/../../../arm-linux-gnueabihf/crt1.o

.note.ABI-tag   0x00010150       0x20
 .note.ABI-tag  0x00010150       0x20 /usr/lib/gcc/arm-linux-gnueabihf/4.9/../../../arm-linux-gnueabihf/crt1.o

.note.gnu.build-id
                0x00010170       0x24
 *(.note.gnu.build-id)
 .note.gnu.build-id
                0x00010170       0x24 linker stubs

.hash
 *(.hash)

.gnu.hash       0x00010194       0x34
 *(.gnu.hash)
 .gnu.hash      0x00010194       0x34 /usr/lib/gcc/arm-linux-gnueabihf/4.9/../../../arm-linux-gnueabihf/crt1.o

.dynsym         0x000101c8       0xa0
 *(.dynsym)
 .dynsym        0x000101c8       0xa0 /usr/lib/gcc/arm-linux-gnueabihf/4.9/../../../arm-linux-gnueabihf/crt1.o

.dynstr         0x00010268       0xe6
 *(.dynstr)
 .dynstr        0x00010268       0xe6 /usr/lib/gcc/arm-linux-gnueabihf/4.9/../../../arm-linux-gnueabihf/crt1.o

.gnu.version    0x0001034e       0x14
 *(.gnu.version)
 .gnu.version   0x0001034e       0x14 /usr/lib/gcc/arm-linux-gnueabihf/4.9/../../../arm-linux-gnueabihf/crt1.o

.gnu.version_d  0x00010364        0x0
 *(.gnu.version_d)
 .gnu.version_d
                0x00010364        0x0 /usr/lib/gcc/arm-linux-gnueabihf/4.9/../../../arm-linux-gnueabihf/crt1.o

.gnu.version_r  0x00010364       0x40
 *(.gnu.version_r)
 .gnu.version_r
                0x00010364       0x40 /usr/lib/gcc/arm-linux-gnueabihf/4.9/../../../arm-linux-gnueabihf/crt1.o

.rel.dyn        0x000103a4        0x8
 *(.rel.init)
 *(.rel.text .rel.text.* .rel.gnu.linkonce.t.*)
 *(.rel.fini)
 *(.rel.rodata .rel.rodata.* .rel.gnu.linkonce.r.*)
 *(.rel.data.rel.ro .rel.data.rel.ro.* .rel.gnu.linkonce.d.rel.ro.*)
 *(.rel.data .rel.data.* .rel.gnu.linkonce.d.*)
 *(.rel.tdata .rel.tdata.* .rel.gnu.linkonce.td.*)
 *(.rel.tbss .rel.tbss.* .rel.gnu.linkonce.tb.*)
 *(.rel.ctors)
 *(.rel.dtors)
 *(.rel.got)
 .rel.got       0x000103a4        0x8 /usr/lib/gcc/arm-linux-gnueabihf/4.9/../../../arm-linux-gnueabihf/crt1.o
 *(.rel.bss .rel.bss.* .rel.gnu.linkonce.b.*)
 .rel.bss       0x000103ac        0x0 /usr/lib/gcc/arm-linux-gnueabihf/4.9/../../../arm-linux-gnueabihf/crt1.o
                0x000103ac                PROVIDE (__rel_iplt_start, .)
 *(.rel.iplt)
 .rel.iplt      0x000103ac        0x0 /usr/lib/gcc/arm-linux-gnueabihf/4.9/../../../arm-linux-gnueabihf/crt1.o
                0x000103ac                PROVIDE (__rel_iplt_end, .)

.rela.dyn       0x000103ac        0x0
 *(.rela.init)
 *(.rela.text .rela.text.* .rela.gnu.linkonce.t.*)
 *(.rela.fini)
 *(.rela.rodata .rela.rodata.* .rela.gnu.linkonce.r.*)
 *(.rela.data .rela.data.* .rela.gnu.linkonce.d.*)
 *(.rela.tdata .rela.tdata.* .rela.gnu.linkonce.td.*)
 *(.rela.tbss .rela.tbss.* .rela.gnu.linkonce.tb.*)
 *(.rela.ctors)
 *(.rela.dtors)
 *(.rela.got)
 *(.rela.bss .rela.bss.* .rela.gnu.linkonce.b.*)
                0x000103ac                PROVIDE (__rela_iplt_start, .)
 *(.rela.iplt)
                0x000103ac                PROVIDE (__rela_iplt_end, .)

.rel.plt        0x000103ac       0x30
 *(.rel.plt)
 .rel.plt       0x000103ac       0x30 /usr/lib/gcc/arm-linux-gnueabihf/4.9/../../../arm-linux-gnueabihf/crt1.o

.rela.plt
 *(.rela.plt)

.init           0x000103dc        0xc
 *(SORT(.init))
 .init          0x000103dc        0x8 /usr/lib/gcc/arm-linux-gnueabihf/4.9/../../../arm-linux-gnueabihf/crti.o
                0x000103dc                _init
 .init          0x000103e4        0x4 /usr/lib/gcc/arm-linux-gnueabihf/4.9/../../../arm-linux-gnueabihf/crtn.o

.plt            0x000103e8       0x5c
 *(.plt)
 .plt           0x000103e8       0x5c /usr/lib/gcc/arm-linux-gnueabihf/4.9/../../../arm-linux-gnueabihf/crt1.o
                0x000103fc                abort@@GLIBC_2.4
                0x00010408                __libc_start_main@@GLIBC_2.4
                0x00010420                __cxa_end_cleanup@@CXXABI_1.3
                0x0001042c                printf@@GLIBC_2.4
                0x00010438                __gxx_personality_v0@@CXXABI_1.3

.iplt           0x00010444        0x0
 *(.iplt)
 .iplt          0x00010444        0x0 /usr/lib/gcc/arm-linux-gnueabihf/4.9/../../../arm-linux-gnueabihf/crt1.o

.text           0x00010448      0x9d0
 *(.text.unlikely .text.*_unlikely .text.unlikely.*)
 *(.text.exit .text.exit.*)
 *(.text.startup .text.startup.*)
 *(.text.hot .text.hot.*)
 *(.text .stub .text.* .gnu.linkonce.t.*)
 .text          0x00010448       0x3c /usr/lib/gcc/arm-linux-gnueabihf/4.9/../../../arm-linux-gnueabihf/crt1.o
                0x00010448                _start
 .text          0x00010484       0x24 /usr/lib/gcc/arm-linux-gnueabihf/4.9/../../../arm-linux-gnueabihf/crti.o
 .text          0x000104a8       0xc8 /usr/lib/gcc/arm-linux-gnueabihf/4.9/crtbegin.o
 .text          0x00010570      0x110 main.o
                0x00010570                main
 .text._ZN10MotorProxyC2Ev
                0x00010680       0x30 main.o
                0x00010680                MotorProxy::MotorProxy()
                0x00010680                MotorProxy::MotorProxy()
 .text._ZN10MotorProxyD2Ev
                0x000106b0       0x24 main.o
                0x000106b0                MotorProxy::~MotorProxy()
                0x000106b0                MotorProxy::~MotorProxy()
 *fill*         0x000106d4        0x4 
 .text          0x000106d8      0x6d8 MotorProxy.o
                0x000106d8                MotorProxy::getMotorDirection()
                0x00010748                MotorProxy::getMotorSpeed()
                0x000107b8                MotorProxy::getMotorState()
                0x00010828                MotorProxy::clearErrorStatus()
                0x00010874                MotorProxy::configure(unsigned int, unsigned int*)
                0x000108b0                MotorProxy::disable()
                0x00010904                MotorProxy::enable()
                0x00010950                MotorProxy::initialize()
                0x000109f0                MotorProxy::setMotorSpeed(DirectionType, unsigned int)
                0x00010b10                MotorProxy::marshal(MotorData const&)
                0x00010ca0                MotorProxy::unmarshal(unsigned int)
 .text          0x00010db0       0x68 /usr/lib/arm-linux-gnueabihf/libc_nonshared.a(elf-init.oS)
                0x00010db0                __libc_csu_init
                0x00010e14                __libc_csu_fini
 .text          0x00010e18        0x0 /usr/lib/gcc/arm-linux-gnueabihf/4.9/crtend.o
 .text          0x00010e18        0x0 /usr/lib/gcc/arm-linux-gnueabihf/4.9/../../../arm-linux-gnueabihf/crtn.o
 *(.gnu.warning)
 *(.glue_7t)
 .glue_7t       0x00010e18        0x0 linker stubs
 *(.glue_7)
 .glue_7        0x00010e18        0x0 linker stubs
 *(.vfp11_veneer)
 .vfp11_veneer  0x00010e18        0x0 linker stubs
 *(.v4_bx)
 .v4_bx         0x00010e18        0x0 linker stubs

.fini           0x00010e18        0x8
 *(SORT(.fini))
 .fini          0x00010e18        0x4 /usr/lib/gcc/arm-linux-gnueabihf/4.9/../../../arm-linux-gnueabihf/crti.o
                0x00010e18                _fini
 .fini          0x00010e1c        0x4 /usr/lib/gcc/arm-linux-gnueabihf/4.9/../../../arm-linux-gnueabihf/crtn.o
                0x00010e20                PROVIDE (__etext, .)
                0x00010e20                PROVIDE (_etext, .)
                0x00010e20                PROVIDE (etext, .)

.rodata         0x00010e20       0x60
 *(.rodata .rodata.* .gnu.linkonce.r.*)
 .rodata.cst4   0x00010e20        0x4 /usr/lib/gcc/arm-linux-gnueabihf/4.9/../../../arm-linux-gnueabihf/crt1.o
                0x00010e20                _IO_stdin_used
 .rodata        0x00010e24       0x5c main.o

.rodata1
 *(.rodata1)

.ARM.extab      0x00010e80       0x1c
 *(.ARM.extab* .gnu.linkonce.armextab.*)
 .ARM.extab     0x00010e80        0x0 /usr/lib/gcc/arm-linux-gnueabihf/4.9/../../../arm-linux-gnueabihf/crt1.o
 .ARM.extab.text._ZN10MotorProxyC2Ev
                0x00010e80        0x0 main.o
 .ARM.extab.text._ZN10MotorProxyD2Ev
                0x00010e80        0x0 main.o
 .ARM.extab     0x00010e80       0x1c main.o
 .ARM.extab     0x00010e9c        0x0 MotorProxy.o
                0x00010e9c                PROVIDE (__exidx_start, .)

.ARM.exidx      0x00010e9c       0x18
 *(.ARM.exidx* .gnu.linkonce.armexidx.*)
 .ARM.exidx     0x00010e9c        0x8 /usr/lib/gcc/arm-linux-gnueabihf/4.9/../../../arm-linux-gnueabihf/crt1.o
 .ARM.exidx.text._ZN10MotorProxyC2Ev
                0x00010eac        0x8 main.o
 .ARM.exidx.text._ZN10MotorProxyD2Ev
                0x00010eb4        0x0 main.o
                                  0x8 (size before relaxing)
 .ARM.exidx     0x00010ea4        0x8 main.o
 .ARM.exidx     0x00010eb4        0x0 MotorProxy.o
                                 0x58 (size before relaxing)
                0x00010eb4                PROVIDE (__exidx_end, .)

.eh_frame_hdr   0x00010eb4        0x0
 *(.eh_frame_hdr)
 .eh_frame_hdr  0x00010eb4        0x0 /usr/lib/gcc/arm-linux-gnueabihf/4.9/../../../arm-linux-gnueabihf/crtn.o

.eh_frame       0x00010eb4        0x4
 *(.eh_frame)
 .eh_frame      0x00010eb4        0x4 /usr/lib/gcc/arm-linux-gnueabihf/4.9/crtend.o

.gcc_except_table
 *(.gcc_except_table .gcc_except_table.*)

.exception_ranges
 *(.exception_ranges .exception_ranges*)
                0x00010eb8                . = (ALIGN (0x10000) - ((0x10000 - .) & 0xffff))
                0x00020eb8                . = DATA_SEGMENT_ALIGN (0x10000, 0x1000)

.eh_frame
 *(.eh_frame)

.gcc_except_table
 *(.gcc_except_table .gcc_except_table.*)

.exception_ranges
 *(.exception_ranges .exception_ranges*)

.tdata
 *(.tdata .tdata.* .gnu.linkonce.td.*)

.tbss
 *(.tbss .tbss.* .gnu.linkonce.tb.*)
 *(.tcommon)

.preinit_array  0x00020eb8        0x0
                0x00020eb8                PROVIDE (__preinit_array_start, .)
 *(.preinit_array)
                0x00020eb8                PROVIDE (__preinit_array_end, .)

.init_array     0x00020eb8        0x4
                0x00020eb8                PROVIDE (__init_array_start, .)
 *(SORT(.init_array.*) SORT(.ctors.*))
 *(.init_array EXCLUDE_FILE(*crtend?.o *crtend.o *crtbegin?.o *crtbegin.o) .ctors)
 .init_array    0x00020eb8        0x4 /usr/lib/gcc/arm-linux-gnueabihf/4.9/crtbegin.o
                0x00020ebc                PROVIDE (__init_array_end, .)

.fini_array     0x00020ebc        0x4
                0x00020ebc                PROVIDE (__fini_array_start, .)
 *(SORT(.fini_array.*) SORT(.dtors.*))
 *(.fini_array EXCLUDE_FILE(*crtend?.o *crtend.o *crtbegin?.o *crtbegin.o) .dtors)
 .fini_array    0x00020ebc        0x4 /usr/lib/gcc/arm-linux-gnueabihf/4.9/crtbegin.o
                0x00020ec0                PROVIDE (__fini_array_end, .)

.ctors
 *crtbegin.o(.ctors)
 *crtbegin?.o(.ctors)
 *(EXCLUDE_FILE(*crtend?.o *crtend.o) .ctors)
 *(SORT(.ctors.*))
 *(.ctors)

.dtors
 *crtbegin.o(.dtors)
 *crtbegin?.o(.dtors)
 *(EXCLUDE_FILE(*crtend?.o *crtend.o) .dtors)
 *(SORT(.dtors.*))
 *(.dtors)

.jcr            0x00020ec0        0x4
 *(.jcr)
 .jcr           0x00020ec0        0x0 /usr/lib/gcc/arm-linux-gnueabihf/4.9/crtbegin.o
 .jcr           0x00020ec0        0x4 /usr/lib/gcc/arm-linux-gnueabihf/4.9/crtend.o

.data.rel.ro
 *(.data.rel.ro.local* .gnu.linkonce.d.rel.ro.local.*)
 *(.data.rel.ro .data.rel.ro.* .gnu.linkonce.d.rel.ro.*)

.dynamic        0x00020ec4      0x100
 *(.dynamic)
 .dynamic       0x00020ec4      0x100 /usr/lib/gcc/arm-linux-gnueabihf/4.9/../../../arm-linux-gnueabihf/crt1.o
                0x00020ec4                _DYNAMIC
                0x00020fc4                . = DATA_SEGMENT_RELRO_END (., 0x0)

.got            0x00020fc4       0x28
 *(.got.plt)
 .got.plt       0x00020fc4       0x24 /usr/lib/gcc/arm-linux-gnueabihf/4.9/../../../arm-linux-gnueabihf/crt1.o
                0x00020fc4                _GLOBAL_OFFSET_TABLE_
 *(.igot.plt)
 .igot.plt      0x00020fe8        0x0 /usr/lib/gcc/arm-linux-gnueabihf/4.9/../../../arm-linux-gnueabihf/crt1.o
 *(.got)
 .got           0x00020fe8        0x4 /usr/lib/gcc/arm-linux-gnueabihf/4.9/../../../arm-linux-gnueabihf/crt1.o
 *(.igot)

.data           0x00020fec        0x8
                0x00020fec                PROVIDE (__data_start, .)
 *(.data .data.* .gnu.linkonce.d.*)
 .data          0x00020fec        0x4 /usr/lib/gcc/arm-linux-gnueabihf/4.9/../../../arm-linux-gnueabihf/crt1.o
                0x00020fec                data_start
                0x00020fec                __data_start
 .data          0x00020ff0        0x0 /usr/lib/gcc/arm-linux-gnueabihf/4.9/../../../arm-linux-gnueabihf/crti.o
 .data          0x00020ff0        0x4 /usr/lib/gcc/arm-linux-gnueabihf/4.9/crtbegin.o
                0x00020ff0                __dso_handle
 .data          0x00020ff4        0x0 main.o
 .data          0x00020ff4        0x0 MotorProxy.o
 .data          0x00020ff4        0x0 /usr/lib/arm-linux-gnueabihf/libc_nonshared.a(elf-init.oS)
 .data          0x00020ff4        0x0 /usr/lib/gcc/arm-linux-gnueabihf/4.9/crtend.o
 .data          0x00020ff4        0x0 /usr/lib/gcc/arm-linux-gnueabihf/4.9/../../../arm-linux-gnueabihf/crtn.o

.tm_clone_table
                0x00020ff4        0x0
 .tm_clone_table
                0x00020ff4        0x0 /usr/lib/gcc/arm-linux-gnueabihf/4.9/crtbegin.o
 .tm_clone_table
                0x00020ff4        0x0 /usr/lib/gcc/arm-linux-gnueabihf/4.9/crtend.o

.data1
 *(.data1)
                0x00020ff4                _edata = .
                0x00020ff4                PROVIDE (edata, .)
                0x00020ff4                . = .
                0x00020ff4                __bss_start = .
                0x00020ff4                __bss_start__ = .

.bss            0x00020ff4        0x4
 *(.dynbss)
 .dynbss        0x00020ff4        0x0 /usr/lib/gcc/arm-linux-gnueabihf/4.9/../../../arm-linux-gnueabihf/crt1.o
 *(.bss .bss.* .gnu.linkonce.b.*)
 .bss           0x00020ff4        0x0 /usr/lib/gcc/arm-linux-gnueabihf/4.9/../../../arm-linux-gnueabihf/crt1.o
 .bss           0x00020ff4        0x0 /usr/lib/gcc/arm-linux-gnueabihf/4.9/../../../arm-linux-gnueabihf/crti.o
 .bss           0x00020ff4        0x1 /usr/lib/gcc/arm-linux-gnueabihf/4.9/crtbegin.o
 .bss           0x00020ff5        0x0 main.o
 .bss           0x00020ff5        0x0 MotorProxy.o
 .bss           0x00020ff5        0x0 /usr/lib/arm-linux-gnueabihf/libc_nonshared.a(elf-init.oS)
 .bss           0x00020ff5        0x0 /usr/lib/gcc/arm-linux-gnueabihf/4.9/crtend.o
 .bss           0x00020ff5        0x0 /usr/lib/gcc/arm-linux-gnueabihf/4.9/../../../arm-linux-gnueabihf/crtn.o
 *(COMMON)
                0x00020ff8                . = ALIGN ((. != 0x0)?0x4:0x1)
 *fill*         0x00020ff5        0x3 
                0x00020ff8                _bss_end__ = .
                0x00020ff8                __bss_end__ = .
                0x00020ff8                . = ALIGN (0x4)
                0x00020ff8                . = SEGMENT_START ("ldata-segment", .)
                0x00020ff8                . = ALIGN (0x4)
                0x00020ff8                __end__ = .
                0x00020ff8                _end = .
                0x00020ff8                PROVIDE (end, .)
                0x00020ff8                . = DATA_SEGMENT_END (.)

.stab
 *(.stab)

.stabstr
 *(.stabstr)

.stab.excl
 *(.stab.excl)

.stab.exclstr
 *(.stab.exclstr)

.stab.index
 *(.stab.index)

.stab.indexstr
 *(.stab.indexstr)

.comment        0x00000000       0x44
 *(.comment)
 .comment       0x00000000       0x26 /usr/lib/gcc/arm-linux-gnueabihf/4.9/crtbegin.o
                                 0x27 (size before relaxing)
 .comment       0x00000026       0x27 main.o
 .comment       0x00000026       0x27 MotorProxy.o
 .comment       0x00000026       0x1e /usr/lib/arm-linux-gnueabihf/libc_nonshared.a(elf-init.oS)
                                 0x1f (size before relaxing)
 .comment       0x00000044       0x27 /usr/lib/gcc/arm-linux-gnueabihf/4.9/crtend.o

.ARM.attributes
                0x00000000       0x31
 .ARM.attributes
                0x00000000       0x31 /usr/lib/gcc/arm-linux-gnueabihf/4.9/../../../arm-linux-gnueabihf/crt1.o
 .ARM.attributes
                0x00000031       0x23 /usr/lib/gcc/arm-linux-gnueabihf/4.9/../../../arm-linux-gnueabihf/crti.o
 .ARM.attributes
                0x00000054       0x31 /usr/lib/gcc/arm-linux-gnueabihf/4.9/crtbegin.o
 .ARM.attributes
                0x00000085       0x31 main.o
 .ARM.attributes
                0x000000b6       0x31 MotorProxy.o
 .ARM.attributes
                0x000000e7       0x33 /usr/lib/arm-linux-gnueabihf/libc_nonshared.a(elf-init.oS)
 .ARM.attributes
                0x0000011a       0x31 /usr/lib/gcc/arm-linux-gnueabihf/4.9/crtend.o
 .ARM.attributes
                0x0000014b       0x23 /usr/lib/gcc/arm-linux-gnueabihf/4.9/../../../arm-linux-gnueabihf/crtn.o

.debug
 *(.debug)

.line
 *(.line)

.debug_srcinfo
 *(.debug_srcinfo)

.debug_sfnames
 *(.debug_sfnames)

.debug_aranges
 *(.debug_aranges)

.debug_pubnames
 *(.debug_pubnames)

.debug_info
 *(.debug_info .gnu.linkonce.wi.*)

.debug_abbrev
 *(.debug_abbrev)

.debug_line
 *(.debug_line .debug_line.* .debug_line_end)

.debug_frame
 *(.debug_frame)

.debug_str
 *(.debug_str)

.debug_loc
 *(.debug_loc)

.debug_macinfo
 *(.debug_macinfo)

.debug_weaknames
 *(.debug_weaknames)

.debug_funcnames
 *(.debug_funcnames)

.debug_typenames
 *(.debug_typenames)

.debug_varnames
 *(.debug_varnames)

.debug_pubtypes
 *(.debug_pubtypes)

.debug_ranges
 *(.debug_ranges)

.debug_macro
 *(.debug_macro)

.gnu.attributes
 *(.gnu.attributes)

.note.gnu.arm.ident
 *(.note.gnu.arm.ident)

/DISCARD/
 *(.note.GNU-stack)
 *(.gnu_debuglink)
 *(.gnu.lto_*)
OUTPUT(out.exe elf32-littlearm)
