Archive member included to satisfy reference by file (symbol)

/usr/lib/arm-linux-gnueabihf/libc_nonshared.a(elf-init.oS)
                              /usr/lib/gcc/arm-linux-gnueabihf/4.9/../../../arm-linux-gnueabihf/crt1.o (__libc_csu_init)

Discarded input sections

 .note.GNU-stack
                0x00000000        0x0 /usr/lib/gcc/arm-linux-gnueabihf/4.9/../../../arm-linux-gnueabihf/crt1.o
 .gnu_debuglink
                0x00000000        0xc /usr/lib/gcc/arm-linux-gnueabihf/4.9/../../../arm-linux-gnueabihf/crt1.o
 .note.GNU-stack
                0x00000000        0x0 /usr/lib/gcc/arm-linux-gnueabihf/4.9/../../../arm-linux-gnueabihf/crti.o
 .gnu_debuglink
                0x00000000        0xc /usr/lib/gcc/arm-linux-gnueabihf/4.9/../../../arm-linux-gnueabihf/crti.o
 .note.GNU-stack
                0x00000000        0x0 /usr/lib/gcc/arm-linux-gnueabihf/4.9/crtbegin.o
 .note.GNU-stack
                0x00000000        0x0 main.o
 .note.GNU-stack
                0x00000000        0x0 /usr/lib/arm-linux-gnueabihf/libc_nonshared.a(elf-init.oS)
 .note.GNU-stack
                0x00000000        0x0 /usr/lib/gcc/arm-linux-gnueabihf/4.9/crtend.o
 .note.GNU-stack
                0x00000000        0x0 /usr/lib/gcc/arm-linux-gnueabihf/4.9/../../../arm-linux-gnueabihf/crtn.o
 .gnu_debuglink
                0x00000000        0xc /usr/lib/gcc/arm-linux-gnueabihf/4.9/../../../arm-linux-gnueabihf/crtn.o

Memory Configuration

Name             Origin             Length             Attributes
*default*        0x00000000         0xffffffff

Linker script and memory map

LOAD /usr/lib/gcc/arm-linux-gnueabihf/4.9/../../../arm-linux-gnueabihf/crt1.o
LOAD /usr/lib/gcc/arm-linux-gnueabihf/4.9/../../../arm-linux-gnueabihf/crti.o
LOAD /usr/lib/gcc/arm-linux-gnueabihf/4.9/crtbegin.o
LOAD /usr/lib/libwiringPi.so
LOAD /usr/lib/arm-linux-gnueabihf/libmysqlclient.so
LOAD main.o
LOAD /usr/lib/arm-linux-gnueabihf/libm.so
LOAD /usr/lib/gcc/arm-linux-gnueabihf/4.9/libgcc.a
LOAD /usr/lib/gcc/arm-linux-gnueabihf/4.9/libgcc_s.so
START GROUP
LOAD /usr/lib/gcc/arm-linux-gnueabihf/4.9/libgcc_s.so.1
LOAD /usr/lib/gcc/arm-linux-gnueabihf/4.9/libgcc.a
END GROUP
LOAD /usr/lib/arm-linux-gnueabihf/libc.so
START GROUP
LOAD /lib/arm-linux-gnueabihf/libc.so.6
LOAD /usr/lib/arm-linux-gnueabihf/libc_nonshared.a
LOAD /lib/arm-linux-gnueabihf/ld-linux-armhf.so.3
END GROUP
LOAD /usr/lib/gcc/arm-linux-gnueabihf/4.9/libgcc.a
LOAD /usr/lib/gcc/arm-linux-gnueabihf/4.9/libgcc_s.so
START GROUP
LOAD /usr/lib/gcc/arm-linux-gnueabihf/4.9/libgcc_s.so.1
LOAD /usr/lib/gcc/arm-linux-gnueabihf/4.9/libgcc.a
END GROUP
LOAD /usr/lib/gcc/arm-linux-gnueabihf/4.9/crtend.o
LOAD /usr/lib/gcc/arm-linux-gnueabihf/4.9/../../../arm-linux-gnueabihf/crtn.o
                0x00010000                PROVIDE (__executable_start, 0x10000)
                0x00010134                . = (0x10000 + SIZEOF_HEADERS)

.interp         0x00010134       0x19
 *(.interp)
 .interp        0x00010134       0x19 /usr/lib/gcc/arm-linux-gnueabihf/4.9/../../../arm-linux-gnueabihf/crt1.o

.note.ABI-tag   0x00010150       0x20
 .note.ABI-tag  0x00010150       0x20 /usr/lib/gcc/arm-linux-gnueabihf/4.9/../../../arm-linux-gnueabihf/crt1.o

.note.gnu.build-id
                0x00010170       0x24
 *(.note.gnu.build-id)
 .note.gnu.build-id
                0x00010170       0x24 linker stubs

.hash
 *(.hash)

.gnu.hash       0x00010194      0x104
 *(.gnu.hash)
 .gnu.hash      0x00010194      0x104 /usr/lib/gcc/arm-linux-gnueabihf/4.9/../../../arm-linux-gnueabihf/crt1.o

.dynsym         0x00010298      0x290
 *(.dynsym)
 .dynsym        0x00010298      0x290 /usr/lib/gcc/arm-linux-gnueabihf/4.9/../../../arm-linux-gnueabihf/crt1.o

.dynstr         0x00010528      0x1ec
 *(.dynstr)
 .dynstr        0x00010528      0x1ec /usr/lib/gcc/arm-linux-gnueabihf/4.9/../../../arm-linux-gnueabihf/crt1.o

.gnu.version    0x00010714       0x52
 *(.gnu.version)
 .gnu.version   0x00010714       0x52 /usr/lib/gcc/arm-linux-gnueabihf/4.9/../../../arm-linux-gnueabihf/crt1.o

.gnu.version_d  0x00010768        0x0
 *(.gnu.version_d)
 .gnu.version_d
                0x00010768        0x0 /usr/lib/gcc/arm-linux-gnueabihf/4.9/../../../arm-linux-gnueabihf/crt1.o

.gnu.version_r  0x00010768       0x60
 *(.gnu.version_r)
 .gnu.version_r
                0x00010768       0x60 /usr/lib/gcc/arm-linux-gnueabihf/4.9/../../../arm-linux-gnueabihf/crt1.o

.rel.dyn        0x000107c8       0x10
 *(.rel.init)
 *(.rel.text .rel.text.* .rel.gnu.linkonce.t.*)
 *(.rel.fini)
 *(.rel.rodata .rel.rodata.* .rel.gnu.linkonce.r.*)
 *(.rel.data.rel.ro .rel.data.rel.ro.* .rel.gnu.linkonce.d.rel.ro.*)
 *(.rel.data .rel.data.* .rel.gnu.linkonce.d.*)
 *(.rel.tdata .rel.tdata.* .rel.gnu.linkonce.td.*)
 *(.rel.tbss .rel.tbss.* .rel.gnu.linkonce.tb.*)
 *(.rel.ctors)
 *(.rel.dtors)
 *(.rel.got)
 .rel.got       0x000107c8        0x8 /usr/lib/gcc/arm-linux-gnueabihf/4.9/../../../arm-linux-gnueabihf/crt1.o
 *(.rel.bss .rel.bss.* .rel.gnu.linkonce.b.*)
 .rel.bss       0x000107d0        0x8 /usr/lib/gcc/arm-linux-gnueabihf/4.9/../../../arm-linux-gnueabihf/crt1.o
                0x000107d8                PROVIDE (__rel_iplt_start, .)
 *(.rel.iplt)
 .rel.iplt      0x000107d8        0x0 /usr/lib/gcc/arm-linux-gnueabihf/4.9/../../../arm-linux-gnueabihf/crt1.o
                0x000107d8                PROVIDE (__rel_iplt_end, .)

.rela.dyn       0x000107d8        0x0
 *(.rela.init)
 *(.rela.text .rela.text.* .rela.gnu.linkonce.t.*)
 *(.rela.fini)
 *(.rela.rodata .rela.rodata.* .rela.gnu.linkonce.r.*)
 *(.rela.data .rela.data.* .rela.gnu.linkonce.d.*)
 *(.rela.tdata .rela.tdata.* .rela.gnu.linkonce.td.*)
 *(.rela.tbss .rela.tbss.* .rela.gnu.linkonce.tb.*)
 *(.rela.ctors)
 *(.rela.dtors)
 *(.rela.got)
 *(.rela.bss .rela.bss.* .rela.gnu.linkonce.b.*)
                0x000107d8                PROVIDE (__rela_iplt_start, .)
 *(.rela.iplt)
                0x000107d8                PROVIDE (__rela_iplt_end, .)

.rel.plt        0x000107d8       0xd8
 *(.rel.plt)
 .rel.plt       0x000107d8       0xd8 /usr/lib/gcc/arm-linux-gnueabihf/4.9/../../../arm-linux-gnueabihf/crt1.o

.rela.plt
 *(.rela.plt)

.init           0x000108b0        0xc
 *(SORT(.init))
 .init          0x000108b0        0x8 /usr/lib/gcc/arm-linux-gnueabihf/4.9/../../../arm-linux-gnueabihf/crti.o
                0x000108b0                _init
 .init          0x000108b8        0x4 /usr/lib/gcc/arm-linux-gnueabihf/4.9/../../../arm-linux-gnueabihf/crtn.o

.plt            0x000108bc      0x158
 *(.plt)
 .plt           0x000108bc      0x158 /usr/lib/gcc/arm-linux-gnueabihf/4.9/../../../arm-linux-gnueabihf/crt1.o
                0x000108d0                round@@GLIBC_2.4
                0x000108dc                mysql_real_connect@@libmysqlclient_18
                0x000108e8                free@@GLIBC_2.4
                0x000108f4                exit@@GLIBC_2.4
                0x00010900                printf@@GLIBC_2.4
                0x0001090c                puts@@GLIBC_2.4
                0x00010918                atoi@@GLIBC_2.4
                0x00010924                abort@@GLIBC_2.4
                0x00010930                mysql_store_result@@libmysqlclient_18
                0x0001093c                strcat@@GLIBC_2.4
                0x00010948                sleep@@GLIBC_2.4
                0x00010954                wiringPiSPISetup
                0x00010960                fwrite@@GLIBC_2.4
                0x0001096c                memcpy@@GLIBC_2.4
                0x00010978                malloc@@GLIBC_2.4
                0x00010984                strlen@@GLIBC_2.4
                0x00010990                usleep@@GLIBC_2.4
                0x0001099c                wiringPiSPIDataRW
                0x000109a8                atof@@GLIBC_2.4
                0x000109b4                sprintf@@GLIBC_2.4
                0x000109c0                mysql_query@@libmysqlclient_18
                0x000109cc                mysql_close@@libmysqlclient_18
                0x000109d8                mysql_init@@libmysqlclient_18
                0x000109e4                __libc_start_main@@GLIBC_2.4
                0x000109fc                mysql_fetch_row@@libmysqlclient_18
                0x00010a08                mysql_free_result@@libmysqlclient_18

.iplt           0x00010a14        0x0
 *(.iplt)
 .iplt          0x00010a14        0x0 /usr/lib/gcc/arm-linux-gnueabihf/4.9/../../../arm-linux-gnueabihf/crt1.o

.text           0x00010a18      0x820
 *(.text.unlikely .text.*_unlikely .text.unlikely.*)
 *(.text.exit .text.exit.*)
 *(.text.startup .text.startup.*)
 *(.text.hot .text.hot.*)
 *(.text .stub .text.* .gnu.linkonce.t.*)
 .text          0x00010a18       0x3c /usr/lib/gcc/arm-linux-gnueabihf/4.9/../../../arm-linux-gnueabihf/crt1.o
                0x00010a18                _start
 .text          0x00010a54       0x24 /usr/lib/gcc/arm-linux-gnueabihf/4.9/../../../arm-linux-gnueabihf/crti.o
 .text          0x00010a78       0xc8 /usr/lib/gcc/arm-linux-gnueabihf/4.9/crtbegin.o
 .text          0x00010b40      0x690 main.o
                0x00010b40                MCP3008_Create
                0x00010b6c                MCP3008_Delete
                0x00010b98                MCP3008_Init
                0x00010bfc                MCP3008_config
                0x00010c54                MCP3008_analogRead
                0x00010cf4                getReading
                0x00010de0                writeToDB
                0x00010ec4                readFromDB
                0x00010f74                main
 .text          0x000111d0       0x68 /usr/lib/arm-linux-gnueabihf/libc_nonshared.a(elf-init.oS)
                0x000111d0                __libc_csu_init
                0x00011234                __libc_csu_fini
 .text          0x00011238        0x0 /usr/lib/gcc/arm-linux-gnueabihf/4.9/crtend.o
 .text          0x00011238        0x0 /usr/lib/gcc/arm-linux-gnueabihf/4.9/../../../arm-linux-gnueabihf/crtn.o
 *(.gnu.warning)
 *(.glue_7t)
 .glue_7t       0x00011238        0x0 linker stubs
 *(.glue_7)
 .glue_7        0x00011238        0x0 linker stubs
 *(.vfp11_veneer)
 .vfp11_veneer  0x00011238        0x0 linker stubs
 *(.v4_bx)
 .v4_bx         0x00011238        0x0 linker stubs

.fini           0x00011238        0x8
 *(SORT(.fini))
 .fini          0x00011238        0x4 /usr/lib/gcc/arm-linux-gnueabihf/4.9/../../../arm-linux-gnueabihf/crti.o
                0x00011238                _fini
 .fini          0x0001123c        0x4 /usr/lib/gcc/arm-linux-gnueabihf/4.9/../../../arm-linux-gnueabihf/crtn.o
                0x00011240                PROVIDE (__etext, .)
                0x00011240                PROVIDE (_etext, .)
                0x00011240                PROVIDE (etext, .)

.rodata         0x00011240      0x150
 *(.rodata .rodata.* .gnu.linkonce.r.*)
 .rodata.cst4   0x00011240        0x4 /usr/lib/gcc/arm-linux-gnueabihf/4.9/../../../arm-linux-gnueabihf/crt1.o
                0x00011240                _IO_stdin_used
 .rodata        0x00011244      0x14c main.o

.rodata1
 *(.rodata1)

.ARM.extab      0x00011390        0x0
 *(.ARM.extab* .gnu.linkonce.armextab.*)
 .ARM.extab     0x00011390        0x0 /usr/lib/gcc/arm-linux-gnueabihf/4.9/../../../arm-linux-gnueabihf/crt1.o
                0x00011390                PROVIDE (__exidx_start, .)

.ARM.exidx      0x00011390        0x8
 *(.ARM.exidx* .gnu.linkonce.armexidx.*)
 .ARM.exidx     0x00011390        0x8 /usr/lib/gcc/arm-linux-gnueabihf/4.9/../../../arm-linux-gnueabihf/crt1.o
                0x00011398                PROVIDE (__exidx_end, .)

.eh_frame_hdr   0x00011398        0x0
 *(.eh_frame_hdr)
 .eh_frame_hdr  0x00011398        0x0 /usr/lib/gcc/arm-linux-gnueabihf/4.9/../../../arm-linux-gnueabihf/crtn.o

.eh_frame       0x00011398        0x4
 *(.eh_frame)
 .eh_frame      0x00011398        0x4 /usr/lib/gcc/arm-linux-gnueabihf/4.9/crtend.o

.gcc_except_table
 *(.gcc_except_table .gcc_except_table.*)

.exception_ranges
 *(.exception_ranges .exception_ranges*)
                0x0001139c                . = (ALIGN (0x10000) - ((0x10000 - .) & 0xffff))
                0x0002139c                . = DATA_SEGMENT_ALIGN (0x10000, 0x1000)

.eh_frame
 *(.eh_frame)

.gcc_except_table
 *(.gcc_except_table .gcc_except_table.*)

.exception_ranges
 *(.exception_ranges .exception_ranges*)

.tdata
 *(.tdata .tdata.* .gnu.linkonce.td.*)

.tbss
 *(.tbss .tbss.* .gnu.linkonce.tb.*)
 *(.tcommon)

.preinit_array  0x0002139c        0x0
                0x0002139c                PROVIDE (__preinit_array_start, .)
 *(.preinit_array)
                0x0002139c                PROVIDE (__preinit_array_end, .)

.init_array     0x0002139c        0x4
                0x0002139c                PROVIDE (__init_array_start, .)
 *(SORT(.init_array.*) SORT(.ctors.*))
 *(.init_array EXCLUDE_FILE(*crtend?.o *crtend.o *crtbegin?.o *crtbegin.o) .ctors)
 .init_array    0x0002139c        0x4 /usr/lib/gcc/arm-linux-gnueabihf/4.9/crtbegin.o
                0x000213a0                PROVIDE (__init_array_end, .)

.fini_array     0x000213a0        0x4
                0x000213a0                PROVIDE (__fini_array_start, .)
 *(SORT(.fini_array.*) SORT(.dtors.*))
 *(.fini_array EXCLUDE_FILE(*crtend?.o *crtend.o *crtbegin?.o *crtbegin.o) .dtors)
 .fini_array    0x000213a0        0x4 /usr/lib/gcc/arm-linux-gnueabihf/4.9/crtbegin.o
                0x000213a4                PROVIDE (__fini_array_end, .)

.ctors
 *crtbegin.o(.ctors)
 *crtbegin?.o(.ctors)
 *(EXCLUDE_FILE(*crtend?.o *crtend.o) .ctors)
 *(SORT(.ctors.*))
 *(.ctors)

.dtors
 *crtbegin.o(.dtors)
 *crtbegin?.o(.dtors)
 *(EXCLUDE_FILE(*crtend?.o *crtend.o) .dtors)
 *(SORT(.dtors.*))
 *(.dtors)

.jcr            0x000213a4        0x4
 *(.jcr)
 .jcr           0x000213a4        0x0 /usr/lib/gcc/arm-linux-gnueabihf/4.9/crtbegin.o
 .jcr           0x000213a4        0x4 /usr/lib/gcc/arm-linux-gnueabihf/4.9/crtend.o

.data.rel.ro
 *(.data.rel.ro.local* .gnu.linkonce.d.rel.ro.local.*)
 *(.data.rel.ro .data.rel.ro.* .gnu.linkonce.d.rel.ro.*)

.dynamic        0x000213a8      0x100
 *(.dynamic)
 .dynamic       0x000213a8      0x100 /usr/lib/gcc/arm-linux-gnueabihf/4.9/../../../arm-linux-gnueabihf/crt1.o
                0x000213a8                _DYNAMIC
                0x000214a8                . = DATA_SEGMENT_RELRO_END (., 0x0)

.got            0x000214a8       0x7c
 *(.got.plt)
 .got.plt       0x000214a8       0x78 /usr/lib/gcc/arm-linux-gnueabihf/4.9/../../../arm-linux-gnueabihf/crt1.o
                0x000214a8                _GLOBAL_OFFSET_TABLE_
 *(.igot.plt)
 .igot.plt      0x00021520        0x0 /usr/lib/gcc/arm-linux-gnueabihf/4.9/../../../arm-linux-gnueabihf/crt1.o
 *(.got)
 .got           0x00021520        0x4 /usr/lib/gcc/arm-linux-gnueabihf/4.9/../../../arm-linux-gnueabihf/crt1.o
 *(.igot)

.data           0x00021524        0x8
                0x00021524                PROVIDE (__data_start, .)
 *(.data .data.* .gnu.linkonce.d.*)
 .data          0x00021524        0x4 /usr/lib/gcc/arm-linux-gnueabihf/4.9/../../../arm-linux-gnueabihf/crt1.o
                0x00021524                data_start
                0x00021524                __data_start
 .data          0x00021528        0x0 /usr/lib/gcc/arm-linux-gnueabihf/4.9/../../../arm-linux-gnueabihf/crti.o
 .data          0x00021528        0x4 /usr/lib/gcc/arm-linux-gnueabihf/4.9/crtbegin.o
                0x00021528                __dso_handle
 .data          0x0002152c        0x0 main.o
 .data          0x0002152c        0x0 /usr/lib/arm-linux-gnueabihf/libc_nonshared.a(elf-init.oS)
 .data          0x0002152c        0x0 /usr/lib/gcc/arm-linux-gnueabihf/4.9/crtend.o
 .data          0x0002152c        0x0 /usr/lib/gcc/arm-linux-gnueabihf/4.9/../../../arm-linux-gnueabihf/crtn.o

.tm_clone_table
                0x0002152c        0x0
 .tm_clone_table
                0x0002152c        0x0 /usr/lib/gcc/arm-linux-gnueabihf/4.9/crtbegin.o
 .tm_clone_table
                0x0002152c        0x0 /usr/lib/gcc/arm-linux-gnueabihf/4.9/crtend.o

.data1
 *(.data1)
                0x0002152c                _edata = .
                0x0002152c                PROVIDE (edata, .)
                0x0002152c                . = .
                0x0002152c                __bss_start = .
                0x0002152c                __bss_start__ = .

.bss            0x00021530        0x8
 *(.dynbss)
 *fill*         0x00021530        0x0 
 .dynbss        0x00021530        0x4 /usr/lib/gcc/arm-linux-gnueabihf/4.9/../../../arm-linux-gnueabihf/crt1.o
                0x00021530                stderr@@GLIBC_2.4
 *(.bss .bss.* .gnu.linkonce.b.*)
 .bss           0x00021534        0x0 /usr/lib/gcc/arm-linux-gnueabihf/4.9/../../../arm-linux-gnueabihf/crt1.o
 .bss           0x00021534        0x0 /usr/lib/gcc/arm-linux-gnueabihf/4.9/../../../arm-linux-gnueabihf/crti.o
 .bss           0x00021534        0x1 /usr/lib/gcc/arm-linux-gnueabihf/4.9/crtbegin.o
 .bss           0x00021535        0x0 main.o
 .bss           0x00021535        0x0 /usr/lib/arm-linux-gnueabihf/libc_nonshared.a(elf-init.oS)
 .bss           0x00021535        0x0 /usr/lib/gcc/arm-linux-gnueabihf/4.9/crtend.o
 .bss           0x00021535        0x0 /usr/lib/gcc/arm-linux-gnueabihf/4.9/../../../arm-linux-gnueabihf/crtn.o
 *(COMMON)
                0x00021538                . = ALIGN ((. != 0x0)?0x4:0x1)
 *fill*         0x00021535        0x3 
                0x00021538                _bss_end__ = .
                0x00021538                __bss_end__ = .
                0x00021538                . = ALIGN (0x4)
                0x00021538                . = SEGMENT_START ("ldata-segment", .)
                0x00021538                . = ALIGN (0x4)
                0x00021538                __end__ = .
                0x00021538                _end = .
                0x00021538                PROVIDE (end, .)
                0x00021538                . = DATA_SEGMENT_END (.)

.stab
 *(.stab)

.stabstr
 *(.stabstr)

.stab.excl
 *(.stab.excl)

.stab.exclstr
 *(.stab.exclstr)

.stab.index
 *(.stab.index)

.stab.indexstr
 *(.stab.indexstr)

.comment        0x00000000       0x44
 *(.comment)
 .comment       0x00000000       0x26 /usr/lib/gcc/arm-linux-gnueabihf/4.9/crtbegin.o
                                 0x27 (size before relaxing)
 .comment       0x00000026       0x27 main.o
 .comment       0x00000026       0x1e /usr/lib/arm-linux-gnueabihf/libc_nonshared.a(elf-init.oS)
                                 0x1f (size before relaxing)
 .comment       0x00000044       0x27 /usr/lib/gcc/arm-linux-gnueabihf/4.9/crtend.o

.ARM.attributes
                0x00000000       0x31
 .ARM.attributes
                0x00000000       0x31 /usr/lib/gcc/arm-linux-gnueabihf/4.9/../../../arm-linux-gnueabihf/crt1.o
 .ARM.attributes
                0x00000031       0x23 /usr/lib/gcc/arm-linux-gnueabihf/4.9/../../../arm-linux-gnueabihf/crti.o
 .ARM.attributes
                0x00000054       0x31 /usr/lib/gcc/arm-linux-gnueabihf/4.9/crtbegin.o
 .ARM.attributes
                0x00000085       0x31 main.o
 .ARM.attributes
                0x000000b6       0x33 /usr/lib/arm-linux-gnueabihf/libc_nonshared.a(elf-init.oS)
 .ARM.attributes
                0x000000e9       0x31 /usr/lib/gcc/arm-linux-gnueabihf/4.9/crtend.o
 .ARM.attributes
                0x0000011a       0x23 /usr/lib/gcc/arm-linux-gnueabihf/4.9/../../../arm-linux-gnueabihf/crtn.o

.debug
 *(.debug)

.line
 *(.line)

.debug_srcinfo
 *(.debug_srcinfo)

.debug_sfnames
 *(.debug_sfnames)

.debug_aranges
 *(.debug_aranges)

.debug_pubnames
 *(.debug_pubnames)

.debug_info
 *(.debug_info .gnu.linkonce.wi.*)

.debug_abbrev
 *(.debug_abbrev)

.debug_line
 *(.debug_line .debug_line.* .debug_line_end)

.debug_frame
 *(.debug_frame)

.debug_str
 *(.debug_str)

.debug_loc
 *(.debug_loc)

.debug_macinfo
 *(.debug_macinfo)

.debug_weaknames
 *(.debug_weaknames)

.debug_funcnames
 *(.debug_funcnames)

.debug_typenames
 *(.debug_typenames)

.debug_varnames
 *(.debug_varnames)

.debug_pubtypes
 *(.debug_pubtypes)

.debug_ranges
 *(.debug_ranges)

.debug_macro
 *(.debug_macro)

.gnu.attributes
 *(.gnu.attributes)

.note.gnu.arm.ident
 *(.note.gnu.arm.ident)

/DISCARD/
 *(.note.GNU-stack)
 *(.gnu_debuglink)
 *(.gnu.lto_*)
OUTPUT(out elf32-littlearm)
