###############################################################################
#
# IAR ANSI C/C++ Compiler V8.22.2.15995/W32 for ARM       21/Apr/2018  16:38:14
# Copyright 1999-2018 IAR Systems AB.
#
#    Cpu mode     =  thumb
#    Endian       =  little
#    Source file  =  
#        C:\Users\Tim\Programming\Code\ARM_32\Patterns\03_HardwareMediatorPattern\Code\Cpp\RotatingArmJoint.cpp
#    Command line =  
#        -f C:\Users\Tim\AppData\Local\Temp\EWBCBE.tmp
#        (C:\Users\Tim\Programming\Code\ARM_32\Patterns\03_HardwareMediatorPattern\Code\Cpp\RotatingArmJoint.cpp
#        -lC
#        C:\Users\Tim\Programming\Code\ARM_32\Patterns\03_HardwareMediatorPattern\Code\Cpp\Debug\List
#        -lA
#        C:\Users\Tim\Programming\Code\ARM_32\Patterns\03_HardwareMediatorPattern\Code\Cpp\Debug\List
#        -o
#        C:\Users\Tim\Programming\Code\ARM_32\Patterns\03_HardwareMediatorPattern\Code\Cpp\Debug\Obj
#        --no_cse --no_unroll --no_inline --no_code_motion --no_tbaa
#        --no_clustering --no_scheduling --debug --endian=little
#        --cpu=Cortex-M4 --fpu=None --dlib_config "C:\Program Files (x86)\IAR
#        Systems\Embedded Workbench 8.0\arm\INC\c\DLib_Config_Normal.h" -On
#        --c++ --no_exceptions --no_rtti --no_static_destruction)
#    Locale       =  C
#    List file    =  
#        C:\Users\Tim\Programming\Code\ARM_32\Patterns\03_HardwareMediatorPattern\Code\Cpp\Debug\List\RotatingArmJoint.lst
#    Object file  =  
#        C:\Users\Tim\Programming\Code\ARM_32\Patterns\03_HardwareMediatorPattern\Code\Cpp\Debug\Obj\RotatingArmJoint.o
#
###############################################################################

C:\Users\Tim\Programming\Code\ARM_32\Patterns\03_HardwareMediatorPattern\Code\Cpp\RotatingArmJoint.cpp
      1          #include "RotatingArmJoint.h"
      2          

   \                                 In section .text, align 2, keep-with-next
      3          int RotatingArmJoint::getRotation() {
      4          	return this->angle;
   \                     _ZN16RotatingArmJoint11getRotationEv: (+1)
   \   00000000   0x6800             LDR      R0,[R0, #+0]
   \   00000002   0x4770             BX       LR               ;; return
      5          }
      6          

   \                                 In section .text, align 2, keep-with-next
      7          int RotatingArmJoint::rotate(int x) {
   \                     _ZN16RotatingArmJoint6rotateEi: (+1)
   \   00000000   0x0002             MOVS     R2,R0
      8          	if ((x + this->angle) < 360) {
   \   00000002   0x6810             LDR      R0,[R2, #+0]
   \   00000004   0x1840             ADDS     R0,R0,R1
   \   00000006   0xF5B0 0x7FB4      CMP      R0,#+360
   \   0000000A   0xDA04             BGE.N    ??rotate_0
      9          		this->angle += x;
   \   0000000C   0x6810             LDR      R0,[R2, #+0]
   \   0000000E   0x1808             ADDS     R0,R1,R0
   \   00000010   0x6010             STR      R0,[R2, #+0]
     10          		return 0;
   \   00000012   0x2000             MOVS     R0,#+0
   \   00000014   0xE001             B.N      ??rotate_1
     11          	}
     12          
     13          	return -1;
   \                     ??rotate_0: (+1)
   \   00000016   0xF05F 0x30FF      MOVS     R0,#-1
   \                     ??rotate_1: (+1)
   \   0000001A   0x4770             BX       LR               ;; return
     14          }
     15          

   \                                 In section .text, align 2, keep-with-next
     16          int RotatingArmJoint::zero() {
   \                     _ZN16RotatingArmJoint4zeroEv: (+1)
   \   00000000   0x0001             MOVS     R1,R0
     17          	this->angle = 0;
   \   00000002   0x2000             MOVS     R0,#+0
   \   00000004   0x6008             STR      R0,[R1, #+0]
     18          
     19          	if (this->angle == 0) {
   \   00000006   0x6808             LDR      R0,[R1, #+0]
   \   00000008   0x2800             CMP      R0,#+0
   \   0000000A   0xD101             BNE.N    ??zero_0
     20          		return 0;
   \   0000000C   0x2000             MOVS     R0,#+0
   \   0000000E   0xE001             B.N      ??zero_1
     21          	}
     22          
     23          	return -1;
   \                     ??zero_0: (+1)
   \   00000010   0xF05F 0x30FF      MOVS     R0,#-1
   \                     ??zero_1: (+1)
   \   00000014   0x4770             BX       LR               ;; return
     24          }

   Maximum stack usage in bytes:

   .cstack Function
   ------- --------
       0   RotatingArmJoint::getRotation()
       0   RotatingArmJoint::rotate(int)
       0   RotatingArmJoint::zero()


   Section sizes:

   Bytes  Function/Label
   -----  --------------
       4  RotatingArmJoint::getRotation()
      28  RotatingArmJoint::rotate(int)
      22  RotatingArmJoint::zero()

 
 54 bytes in section .text
 
 54 bytes of CODE memory

Errors: none
Warnings: none
