###############################################################################
#
# IAR ELF Linker V8.22.2.15995/W32 for ARM                18/Apr/2018  12:36:04
# Copyright 2007-2018 IAR Systems AB.
#
#    Output file  =  
#        C:\Users\Tim\Programming\Code\ARM_32\SimpleFeatures\Container\Code\C\Debug\Exe\Container.out
#    Map file     =  
#        C:\Users\Tim\Programming\Code\ARM_32\SimpleFeatures\Container\Code\C\Debug\List\Container.map
#    Command line =  
#        -f C:\Users\Tim\AppData\Local\Temp\EWA297.tmp
#        (C:\Users\Tim\Programming\Code\ARM_32\SimpleFeatures\Container\Code\C\Debug\Obj\main.o
#        -o
#        C:\Users\Tim\Programming\Code\ARM_32\SimpleFeatures\Container\Code\C\Debug\Exe\Container.out
#        --map
#        C:\Users\Tim\Programming\Code\ARM_32\SimpleFeatures\Container\Code\C\Debug\List\Container.map
#        --config "C:\Program Files (x86)\IAR Systems\Embedded Workbench
#        8.0\arm\CONFIG\generic_cortex.icf" --semihosting --entry
#        __iar_program_start --no_vfe --text_out locale)
#
###############################################################################

*******************************************************************************
*** RUNTIME MODEL ATTRIBUTES
***

CppFlavor       = *
__Heap_Handler  = DLMalloc
__SystemLibrary = DLib
__dlib_version  = 6


*******************************************************************************
*** HEAP SELECTION
***

The advanced heap was selected because the application calls memory
allocation functions outside of system library functions, and there
are calls to deallocation functions in the application.


*******************************************************************************
*** PLACEMENT SUMMARY
***

"A0":  place at 0x00000000 { ro section .intvec };
"P1":  place in [from 0x00000000 to 0x0007ffff] { ro };
define block CSTACK with size = 1K, alignment = 8 { };
define block PROC_STACK with size = 0M, alignment = 8 { };
define block HEAP with size = 2K, alignment = 8 { };
"P2":  place in [from 0x20000000 to 0x2000ffff] {
          rw, block CSTACK, block PROC_STACK, block HEAP };
initialize by copy { rw };

  Section            Kind        Address    Size  Object
  -------            ----        -------    ----  ------
"A0":                                       0x40
  .intvec            ro code  0x00000000    0x40  vector_table_M.o [4]
                            - 0x00000040    0x40

"P1":                                     0x1a1c
  .text              ro code  0x00000040  0x14d4  dlmalloc.o [3]
  .text              ro code  0x00001514     0x6  abort.o [3]
  .text              ro code  0x0000151a     0x2  vector_table_M.o [4]
  .text              ro code  0x0000151c    0x2c  xgetmemchunk.o [3]
  .text              ro code  0x00001548    0x14  exit.o [5]
  .text              ro code  0x0000155c    0x7c  iarttio.o [5]
  .text              ro code  0x000015d8    0x3c  XShttio.o [3]
  .text              ro code  0x00001614   0x142  xprintftiny.o [3]
  .text              ro code  0x00001758    0x36  strlen.o [4]
  .text              ro code  0x00001790    0x90  main.o [1]
  .text              ro code  0x00001820     0x4  heaptramp0.o [3]
  .text              ro code  0x00001824    0x56  ABImemcpy_unaligned.o [4]
  .text              ro code  0x0000187c    0x28  printf.o [3]
  .text              ro code  0x000018a4    0x40  zero_init3.o [4]
  .text              ro code  0x000018e4    0x2c  copy_init3.o [4]
  .text              ro code  0x00001910    0x28  data_init.o [4]
  .text              ro code  0x00001938    0x22  iarwrite.o [5]
  .iar.init_table    const    0x0000195c    0x24  - Linker created -
  .text              ro code  0x00001980    0x20  putchar.o [3]
  .text              ro code  0x000019a0    0x10  write.o [5]
  .text              ro code  0x000019b0    0x1e  dwrite.o [5]
  .text              ro code  0x000019ce    0x20  iarwstd.o [5]
  .text              ro code  0x000019f0    0x1e  cmain.o [4]
  .text              ro code  0x00001a0e     0x4  low_level_init.o [3]
  .text              ro code  0x00001a12     0x4  exit.o [3]
  .text              ro code  0x00001a18     0xa  cexit.o [4]
  .text              ro code  0x00001a22    0x16  xprout.o [3]
  .rodata            const    0x00001a38    0x10  main.o [1]
  .text              ro code  0x00001a48     0xc  cstartup_M.o [4]
  Initializer bytes  const    0x00001a54     0x8  <for P2-1>
  .rodata            const    0x00001a5c     0x0  zero_init3.o [4]
  .rodata            const    0x00001a5c     0x0  copy_init3.o [4]
                            - 0x00001a5c  0x1a1c

"P2", part 1 of 3:                           0x8
  P2-1                        0x20000000     0x8  <Init block>
    .data            inited   0x20000000     0x8  XShttio.o [3]
                            - 0x20000008     0x8

"P2", part 2 of 3:                         0x1f8
  .bss               zero     0x20000008   0x1d8  dlmalloc.o [3]
  .bss               zero     0x200001e0    0x18  dlmalloc.o [3]
  .bss               zero     0x200001f8     0x4  xgetmemchunk.o [3]
  .bss               zero     0x200001fc     0x1  XShttio.o [3]
                            - 0x200001fd   0x1f5

"P2", part 3 of 3:                         0xc00
  CSTACK                      0x20000200   0x400  <Block>
    CSTACK           uninit   0x20000200   0x400  <Block tail>
  HEAP                        0x20000600   0x800  <Block>
    HEAP             uninit   0x20000600   0x800  <Block tail>
                            - 0x20000e00   0xc00


*******************************************************************************
*** INIT TABLE
***

          Address     Size
          -------     ----
Zero (__iar_zero_init3)
    1 destination range, total size 0x1f5:
          0x20000008  0x1f5

Copy (__iar_copy_init3)
    1 source range, total size 0x8:
          0x00001a54    0x8
    1 destination range, total size 0x8:
          0x20000000    0x8



*******************************************************************************
*** MODULE SUMMARY
***

    Module                 ro code  ro data  rw data
    ------                 -------  -------  -------
C:\Users\Tim\Programming\Code\ARM_32\SimpleFeatures\Container\Code\C\Debug\Obj: [1]
    main.o                     144       16
    ------------------------------------------------
    Total:                     144       16

command line: [2]
    ------------------------------------------------
    Total:

dl7M_tln.a: [3]
    XShttio.o                   60        8        9
    abort.o                      6
    dlmalloc.o               5 332               496
    exit.o                       4
    heaptramp0.o                 4
    low_level_init.o             4
    printf.o                    40
    putchar.o                   32
    xgetmemchunk.o              44                 4
    xprintftiny.o              322
    xprout.o                    22
    ------------------------------------------------
    Total:                   5 870        8      509

rt7M_tl.a: [4]
    ABImemcpy_unaligned.o       86
    cexit.o                     10
    cmain.o                     30
    copy_init3.o                44
    cstartup_M.o                12
    data_init.o                 40
    strlen.o                    54
    vector_table_M.o            66
    zero_init3.o                64
    ------------------------------------------------
    Total:                     406

shb_l.a: [5]
    dwrite.o                    30
    exit.o                      20
    iarttio.o                  124
    iarwrite.o                  34
    iarwstd.o                   32
    write.o                     16
    ------------------------------------------------
    Total:                     256

    Gaps                        10        2
    Linker created                       36    3 072
----------------------------------------------------
    Grand Total:             6 686       62    3 581


*******************************************************************************
*** ENTRY LIST
***

Entry                      Address   Size  Type      Object
-----                      -------   ----  ----      ------
.iar.init_table$$Base   0x0000195c          --   Gb  - Linker created -
.iar.init_table$$Limit  0x00001980          --   Gb  - Linker created -
?main                   0x000019f1         Code  Gb  cmain.o [4]
CSTACK$$Base            0x20000200          --   Gb  - Linker created -
CSTACK$$Limit           0x20000600          --   Gb  - Linker created -
HEAP$$Base              0x20000600          --   Gb  - Linker created -
HEAP$$Limit             0x20000e00          --   Gb  - Linker created -
Region$$Table$$Base     0x0000195c          --   Gb  - Linker created -
Region$$Table$$Limit    0x00001980          --   Gb  - Linker created -
_PrintfTiny             0x00001631  0x126  Code  Gb  xprintftiny.o [3]
_Prout                  0x00001a23   0x16  Code  Gb  xprout.o [3]
__cmain                 0x000019f1         Code  Gb  cmain.o [4]
__data_GetMemChunk      0x0000151d   0x2c  Code  Gb  xgetmemchunk.o [3]
__data_GetMemChunk::start
                        0x200001f8    0x4  Data  Lc  xgetmemchunk.o [3]
__dwrite                0x000019b1   0x1e  Code  Gb  dwrite.o [5]
__exit                  0x00001549   0x14  Code  Gb  exit.o [5]
__iar_close_ttio        0x0000155d   0x2c  Code  Gb  iarttio.o [5]
__iar_copy_init3        0x000018e5   0x2c  Code  Gb  copy_init3.o [4]
__iar_data_init3        0x00001911   0x28  Code  Gb  data_init.o [4]
__iar_dlfree            0x0000101b  0x4f6  Code  Gb  dlmalloc.o [3]
__iar_dlmalloc          0x00000d65  0x2b6  Code  Gb  dlmalloc.o [3]
__iar_get_ttio          0x00001589   0x4c  Code  Gb  iarttio.o [5]
__iar_lookup_ttioh      0x00001607    0x4  Code  Gb  XShttio.o [3]
__iar_program_start     0x00001a49         Code  Gb  cstartup_M.o [4]
__iar_sh_stdout         0x000019cf   0x20  Code  Gb  iarwstd.o [5]
__iar_sh_write          0x00001939   0x22  Code  Gb  iarwrite.o [5]
__iar_systems$$module {Abs}
                        0x00000001         Data  Gb  command line/config [2]
__iar_ttio_guard_lock   0x000015d9   0x1e  Code  Gb  XShttio.o [3]
__iar_ttio_guard_unlock
                        0x000015f7   0x10  Code  Gb  XShttio.o [3]
__iar_ttio_handles      0x20000000    0x8  Data  Lc  XShttio.o [3]
__iar_unaligned_memcpy4
                        0x00001825         Code  Gb  ABImemcpy_unaligned.o [4]
__iar_unaligned_memcpy8
                        0x00001825         Code  Gb  ABImemcpy_unaligned.o [4]
__iar_zero_init3        0x000018a5   0x40  Code  Gb  zero_init3.o [4]
__low_level_init        0x00001a0f    0x4  Code  Gb  low_level_init.o [3]
__vector_table          0x00000000         Data  Gb  vector_table_M.o [4]
__write                 0x000019a1   0x10  Code  Gb  write.o [5]
_call_main              0x000019fd         Code  Gb  cmain.o [4]
_exit                   0x00001a19         Code  Gb  cexit.o [4]
_gm_                    0x20000008  0x1d8  Data  Lc  dlmalloc.o [3]
_main                   0x00001a0b         Code  Gb  cmain.o [4]
abort                   0x00001515    0x6  Code  Gb  abort.o [3]
add_segment             0x00000405  0x1f2  Code  Lc  dlmalloc.o [3]
exit                    0x00001a13    0x4  Code  Gb  exit.o [3]
free                    0x00001821    0x4  Code  Gb  heaptramp0.o [3]
init_mparams            0x0000005f   0x32  Code  Lc  dlmalloc.o [3]
init_top                0x00000091   0x32  Code  Lc  dlmalloc.o [3]
int_container_create    0x00001791   0x34  Code  Gb  main.o [1]
int_container_destroy   0x000017c5    0xc  Code  Gb  main.o [1]
int_container_value     0x000017d1   0x16  Code  Gb  main.o [1]
main                    0x000017e7   0x30  Code  Gb  main.o [1]
mparams                 0x200001e0   0x18  Data  Lc  dlmalloc.o [3]
out                     0x00001615   0x1c  Code  Lc  xprintftiny.o [3]
prepend_alloc           0x000000c3  0x342  Code  Lc  dlmalloc.o [3]
printf                  0x0000187d   0x28  Code  Gb  printf.o [3]
putchar                 0x00001981   0x20  Code  Gb  putchar.o [3]
segment_holding         0x00000041   0x1e  Code  Lc  dlmalloc.o [3]
strlen                  0x00001759         Code  Gb  strlen.o [4]
sys_alloc               0x000005fd  0x164  Code  Lc  dlmalloc.o [3]
sys_trim                0x00000761   0x66  Code  Lc  dlmalloc.o [3]
tmalloc_large           0x000007d5  0x384  Code  Lc  dlmalloc.o [3]
tmalloc_small           0x00000b59  0x1fe  Code  Lc  dlmalloc.o [3]
ttio_guard              0x200001fc    0x1  Data  Lc  XShttio.o [3]


[1] = C:\Users\Tim\Programming\Code\ARM_32\SimpleFeatures\Container\Code\C\Debug\Obj
[2] = command line
[3] = dl7M_tln.a
[4] = rt7M_tl.a
[5] = shb_l.a

  6 686 bytes of readonly  code memory
     62 bytes of readonly  data memory
  3 581 bytes of readwrite data memory

Errors: none
Warnings: none
