###############################################################################
#
# IAR ELF Linker V8.22.2.15995/W32 for ARM                21/Apr/2018  09:23:11
# Copyright 2007-2018 IAR Systems AB.
#
#    Output file  =  
#        C:\Users\Tim\Programming\Code\ARM_32\Patterns\01_HardwareProxyPattern\Code\Cpp\Debug\Exe\HardwareProxyPatternCpp.out
#    Map file     =  
#        C:\Users\Tim\Programming\Code\ARM_32\Patterns\01_HardwareProxyPattern\Code\Cpp\Debug\List\HardwareProxyPatternCpp.map
#    Command line =  
#        -f C:\Users\Tim\AppData\Local\Temp\EW70CC.tmp
#        (C:\Users\Tim\Programming\Code\ARM_32\Patterns\01_HardwareProxyPattern\Code\Cpp\Debug\Obj\main.o
#        C:\Users\Tim\Programming\Code\ARM_32\Patterns\01_HardwareProxyPattern\Code\Cpp\Debug\Obj\MotorProxy.o
#        -o
#        C:\Users\Tim\Programming\Code\ARM_32\Patterns\01_HardwareProxyPattern\Code\Cpp\Debug\Exe\HardwareProxyPatternCpp.out
#        --map
#        C:\Users\Tim\Programming\Code\ARM_32\Patterns\01_HardwareProxyPattern\Code\Cpp\Debug\List\HardwareProxyPatternCpp.map
#        --config "C:\Program Files (x86)\IAR Systems\Embedded Workbench
#        8.0\arm\CONFIG\generic_cortex.icf" --semihosting --entry
#        __iar_program_start --no_vfe --text_out locale)
#
###############################################################################

*******************************************************************************
*** RUNTIME MODEL ATTRIBUTES
***

CppFlavor        = *
__CPP_Exceptions = Disabled
__CPP_Language   = C++14
__SystemLibrary  = DLib
__dlib_version   = 6


*******************************************************************************
*** HEAP SELECTION
***

The basic heap was selected because no calls to memory allocation
functions were found in the application outside of system library
functions, and there are calls to deallocation functions in the
application.


*******************************************************************************
*** PLACEMENT SUMMARY
***

"A0":  place at 0x00000000 { ro section .intvec };
"P1":  place in [from 0x00000000 to 0x0007ffff] { ro };
define block CSTACK with size = 1K, alignment = 8 { };
define block PROC_STACK with size = 0M, alignment = 8 { };
define block HEAP with size = 2K, alignment = 8 { };
"P2":  place in [from 0x20000000 to 0x2000ffff] {
          rw, block CSTACK, block PROC_STACK, block HEAP };
initialize by copy { rw };

  Section            Kind        Address   Size  Object
  -------            ----        -------   ----  ------
"A0":                                      0x40
  .intvec            ro code  0x00000000   0x40  vector_table_M.o [5]
                            - 0x00000040   0x40

"P1":                                     0xbb0
  .text              ro code  0x00000040  0x26e  MotorProxy.o [1]
  .text              ro code  0x000002ae    0x2  vector_table_M.o [5]
  .text              ro code  0x000002b0   0x1a  U32ToDbl.o [4]
  .rodata            const    0x000002ca    0x1  unwind_debug.o [6]
  .text              ro code  0x000002cc  0x246  DblDiv.o [4]
  .text              ro code  0x00000514  0x1a2  DblMul.o [4]
  .text              ro code  0x000006b8   0x3a  DblToS32.o [4]
  .text              ro code  0x000006f4   0x56  ABImemcpy_unaligned.o [5]
  .text              ro code  0x0000074a  0x142  xprintftiny.o [3]
  .text              ro code  0x0000088c   0x36  strlen.o [5]
  .text              ro code  0x000008c4   0x7c  iarttio.o [6]
  .text              ro code  0x00000940   0x3c  XShttio.o [3]
  .text              ro code  0x0000097c   0x74  main.o [1]
  .text              ro code  0x000009f0    0x6  main.o [1]
  .text              ro code  0x000009f8   0x28  printf.o [3]
  .text              ro code  0x00000a20   0x2c  copy_init3.o [5]
  .text              ro code  0x00000a4c   0x28  data_init.o [5]
  .text              ro code  0x00000a74   0x22  iarwrite.o [6]
  .iar.init_table    const    0x00000a98   0x14  - Linker created -
  .text              ro code  0x00000aac   0x20  putchar.o [3]
  .text              ro code  0x00000acc   0x10  write.o [6]
  .text              ro code  0x00000adc   0x1e  dwrite.o [6]
  .text              ro code  0x00000afa   0x20  iarwstd.o [6]
  .text              ro code  0x00000b1c   0x1e  cmain.o [5]
  .text              ro code  0x00000b3a    0x4  low_level_init.o [3]
  .text              ro code  0x00000b3e    0x4  exit.o [3]
  .text              ro code  0x00000b44    0xa  cexit.o [5]
  .text              ro code  0x00000b50   0x14  exit.o [6]
  .rodata            const    0x00000b64   0x18  main.o [1]
  .rodata            const    0x00000b7c   0x18  main.o [1]
  .rodata            const    0x00000b94   0x18  main.o [1]
  .text              ro code  0x00000bac   0x16  xprout.o [3]
  .rodata            const    0x00000bc4   0x14  main.o [1]
  .text              ro code  0x00000bd8    0xc  cstartup_M.o [5]
  Initializer bytes  const    0x00000be4    0xc  <for P2-1>
  .rodata            const    0x00000bf0    0x0  copy_init3.o [5]
                            - 0x00000bf0  0xbb0

"P2", part 1 of 2:                          0xc
  P2-1                        0x20000000    0x9  <Init block>
    .data            inited   0x20000000    0x8  XShttio.o [3]
    .bss             inited   0x20000008    0x1  XShttio.o [3]
                            - 0x20000009    0x9

"P2", part 2 of 2:                        0x400
  CSTACK                      0x20000010  0x400  <Block>
    CSTACK           uninit   0x20000010  0x400  <Block tail>
                            - 0x20000410  0x400


*******************************************************************************
*** INIT TABLE
***

          Address     Size
          -------     ----
Copy (__iar_copy_init3)
    1 source range, total size 0xc (133% of destination):
          0x00000be4   0xc
    1 destination range, total size 0x9:
          0x20000000   0x9



*******************************************************************************
*** MODULE SUMMARY
***

    Module                 ro code  ro data  rw data
    ------                 -------  -------  -------
C:\Users\Tim\Programming\Code\ARM_32\Patterns\01_HardwareProxyPattern\Code\Cpp\Debug\Obj: [1]
    MotorProxy.o               622
    main.o                     122       92
    ------------------------------------------------
    Total:                     744       92

command line: [2]
    ------------------------------------------------
    Total:

dl7M_tln.a: [3]
    XShttio.o                   60        9        9
    exit.o                       4
    low_level_init.o             4
    printf.o                    40
    putchar.o                   32
    xprintftiny.o              322
    xprout.o                    22
    ------------------------------------------------
    Total:                     484        9        9

m7M_tl.a: [4]
    DblDiv.o                   582
    DblMul.o                   418
    DblToS32.o                  58
    U32ToDbl.o                  26
    ------------------------------------------------
    Total:                   1 084

rt7M_tl.a: [5]
    ABImemcpy_unaligned.o       86
    cexit.o                     10
    cmain.o                     30
    copy_init3.o                44
    cstartup_M.o                12
    data_init.o                 40
    strlen.o                    54
    vector_table_M.o            66
    ------------------------------------------------
    Total:                     342

shb_l.a: [6]
    dwrite.o                    30
    exit.o                      20
    iarttio.o                  124
    iarwrite.o                  34
    iarwstd.o                   32
    unwind_debug.o                        1
    write.o                     16
    ------------------------------------------------
    Total:                     256        1

    Gaps                        17        4
    Linker created                       23    1 024
----------------------------------------------------
    Grand Total:             2 927      129    1 033


*******************************************************************************
*** ENTRY LIST
***

Entry                      Address   Size  Type      Object
-----                      -------   ----  ----      ------
.iar.init_table$$Base   0x00000a98          --   Gb  - Linker created -
.iar.init_table$$Limit  0x00000aac          --   Gb  - Linker created -
?main                   0x00000b1d         Code  Gb  cmain.o [5]
CSTACK$$Base            0x20000010          --   Gb  - Linker created -
CSTACK$$Limit           0x20000410          --   Gb  - Linker created -
MotorProxy::MotorProxy()
                        0x000009f1    0x6  Code  Gb  main.o [1]
MotorProxy::configure(unsigned int, unsigned int *)
                        0x000000a9    0x6  Code  Gb  MotorProxy.o [1]
MotorProxy::disable()   0x000000af   0x16  Code  Gb  MotorProxy.o [1]
MotorProxy::enable()    0x000000c5   0x14  Code  Gb  MotorProxy.o [1]
MotorProxy::getMotorDirection()
                        0x00000041   0x24  Code  Gb  MotorProxy.o [1]
MotorProxy::getMotorSpeed()
                        0x00000065   0x22  Code  Gb  MotorProxy.o [1]
MotorProxy::getMotorState()
                        0x00000087   0x22  Code  Gb  MotorProxy.o [1]
MotorProxy::initialize()
                        0x000000d9   0x4c  Code  Gb  MotorProxy.o [1]
MotorProxy::marshal(MotorData const &)
                        0x000001b9   0x82  Code  Gb  MotorProxy.o [1]
MotorProxy::setMotorSpeed(DirectionType, unsigned int)
                        0x00000125   0x86  Code  Gb  MotorProxy.o [1]
MotorProxy::unmarshal(unsigned int)
                        0x0000023b   0x74  Code  Gb  MotorProxy.o [1]
Region$$Table$$Base     0x00000a98          --   Gb  - Linker created -
Region$$Table$$Limit    0x00000aac          --   Gb  - Linker created -
_PrintfTiny             0x00000767  0x126  Code  Gb  xprintftiny.o [3]
_Prout                  0x00000bad   0x16  Code  Gb  xprout.o [3]
__aeabi_d2iz            0x000006b9         Code  Gb  DblToS32.o [4]
__aeabi_ddiv            0x000002cd         Code  Gb  DblDiv.o [4]
__aeabi_dmul            0x00000515         Code  Gb  DblMul.o [4]
__aeabi_ui2d            0x000002b1         Code  Gb  U32ToDbl.o [4]
__cmain                 0x00000b1d         Code  Gb  cmain.o [5]
__dwrite                0x00000add   0x1e  Code  Gb  dwrite.o [6]
__exit                  0x00000b51   0x14  Code  Gb  exit.o [6]
__iar_close_ttio        0x000008c5   0x2c  Code  Gb  iarttio.o [6]
__iar_copy_init3        0x00000a21   0x2c  Code  Gb  copy_init3.o [5]
__iar_data_init3        0x00000a4d   0x28  Code  Gb  data_init.o [5]
__iar_debug_exceptions  0x000002ca    0x1  Data  Gb  unwind_debug.o [6]
__iar_get_ttio          0x000008f1   0x4c  Code  Gb  iarttio.o [6]
__iar_lookup_ttioh      0x0000096f    0x4  Code  Gb  XShttio.o [3]
__iar_program_start     0x00000bd9         Code  Gb  cstartup_M.o [5]
__iar_sh_stdout         0x00000afb   0x20  Code  Gb  iarwstd.o [6]
__iar_sh_write          0x00000a75   0x22  Code  Gb  iarwrite.o [6]
__iar_systems$$module {Abs}
                        0x00000001         Data  Gb  command line/config [2]
__iar_ttio_guard_lock   0x00000941   0x1e  Code  Gb  XShttio.o [3]
__iar_ttio_guard_unlock
                        0x0000095f   0x10  Code  Gb  XShttio.o [3]
__iar_ttio_handles      0x20000000    0x8  Data  Lc  XShttio.o [3]
__iar_unaligned_memcpy4
                        0x000006f5         Code  Gb  ABImemcpy_unaligned.o [5]
__iar_unaligned_memcpy8
                        0x000006f5         Code  Gb  ABImemcpy_unaligned.o [5]
__low_level_init        0x00000b3b    0x4  Code  Gb  low_level_init.o [3]
__vector_table          0x00000000         Data  Gb  vector_table_M.o [5]
__write                 0x00000acd   0x10  Code  Gb  write.o [6]
_call_main              0x00000b29         Code  Gb  cmain.o [5]
_exit                   0x00000b45         Code  Gb  cexit.o [5]
_main                   0x00000b37         Code  Gb  cmain.o [5]
exit                    0x00000b3f    0x4  Code  Gb  exit.o [3]
main                    0x0000097d   0x74  Code  Gb  main.o [1]
out                     0x0000074b   0x1c  Code  Lc  xprintftiny.o [3]
printf                  0x000009f9   0x28  Code  Gb  printf.o [3]
putchar                 0x00000aad   0x20  Code  Gb  putchar.o [3]
strlen                  0x0000088d         Code  Gb  strlen.o [5]
ttio_guard              0x20000008    0x1  Data  Lc  XShttio.o [3]


[1] = C:\Users\Tim\Programming\Code\ARM_32\Patterns\01_HardwareProxyPattern\Code\Cpp\Debug\Obj
[2] = command line
[3] = dl7M_tln.a
[4] = m7M_tl.a
[5] = rt7M_tl.a
[6] = shb_l.a

  2 927 bytes of readonly  code memory
    129 bytes of readonly  data memory
  1 033 bytes of readwrite data memory

Errors: none
Warnings: none
