###############################################################################
#
# IAR ELF Linker V8.22.2.15995/W32 for ARM                18/Apr/2018  13:03:47
# Copyright 2007-2018 IAR Systems AB.
#
#    Output file  =  
#        C:\Users\Tim\Programming\Code\ARM_32\SimpleFeatures\Container\Code\Cpp\Debug\Exe\ContainerCpp.out
#    Map file     =  
#        C:\Users\Tim\Programming\Code\ARM_32\SimpleFeatures\Container\Code\Cpp\Debug\List\ContainerCpp.map
#    Command line =  
#        -f C:\Users\Tim\AppData\Local\Temp\EW5C7.tmp
#        (C:\Users\Tim\Programming\Code\ARM_32\SimpleFeatures\Container\Code\Cpp\Debug\Obj\main.o
#        -o
#        C:\Users\Tim\Programming\Code\ARM_32\SimpleFeatures\Container\Code\Cpp\Debug\Exe\ContainerCpp.out
#        --map
#        C:\Users\Tim\Programming\Code\ARM_32\SimpleFeatures\Container\Code\Cpp\Debug\List\ContainerCpp.map
#        --config "C:\Program Files (x86)\IAR Systems\Embedded Workbench
#        8.0\arm\CONFIG\generic_cortex.icf" --semihosting --entry
#        __iar_program_start --no_vfe --text_out locale)
#
###############################################################################

*******************************************************************************
*** RUNTIME MODEL ATTRIBUTES
***

CppFlavor        = *
__CPP_Exceptions = Disabled
__CPP_Language   = C++14
__Heap_Handler   = DLMalloc
__SystemLibrary  = DLib
__dlib_version   = 6


*******************************************************************************
*** HEAP SELECTION
***

The advanced heap was selected because the application calls memory
allocation functions outside of system library functions, and there
are calls to deallocation functions in the application.


*******************************************************************************
*** PLACEMENT SUMMARY
***

"A0":  place at 0x00000000 { ro section .intvec };
"P1":  place in [from 0x00000000 to 0x0007ffff] { ro };
define block CSTACK with size = 1K, alignment = 8 { };
define block PROC_STACK with size = 0M, alignment = 8 { };
define block HEAP with size = 2K, alignment = 8 { };
"P2":  place in [from 0x20000000 to 0x2000ffff] {
          rw, block CSTACK, block PROC_STACK, block HEAP };
initialize by copy { rw };

  Section            Kind        Address    Size  Object
  -------            ----        -------    ----  ------
"A0":                                       0x40
  .intvec            ro code  0x00000000    0x40  vector_table_M.o [5]
                            - 0x00000040    0x40

"P1":                                     0x14d8
  .text              ro code  0x00000040   0xf78  dlmalloc.o [3]
  .text              ro code  0x00000fb8     0x6  abort.o [3]
  .text              ro code  0x00000fbe     0x2  vector_table_M.o [5]
  .text              ro code  0x00000fc0    0x2c  xgetmemchunk.o [3]
  .text              ro code  0x00000fec    0x14  exit.o [6]
  .text              ro code  0x00001000    0x7c  iarttio.o [6]
  .text              ro code  0x0000107c    0x3c  XShttio.o [3]
  .text              ro code  0x000010b8   0x142  xprintftiny.o [3]
  .rodata            const    0x000011fa     0x1  unwind_debug.o [6]
  .text              ro code  0x000011fc    0x36  strlen.o [5]
  .text              ro code  0x00001234    0x56  ABImemcpy_unaligned.o [5]
  .text              ro code  0x0000128a    0x40  zero_init3.o [5]
  .text              ro code  0x000012ca    0x38  main.o [1]
  .text              ro code  0x00001302     0x4  newaop_0.o [4]
  .text              ro code  0x00001308    0x24  newop_0.o [4]
  .text              ro code  0x0000132c     0x4  nomemory.o [4]
  .text              ro code  0x00001330    0x30  main.o [1]
  .text              ro code  0x00001360    0x16  main.o [1]
  .text              ro code  0x00001378    0x28  printf.o [3]
  .text              ro code  0x000013a0    0x2c  copy_init3.o [5]
  .text              ro code  0x000013cc    0x28  data_init.o [5]
  .text              ro code  0x000013f4    0x22  iarwrite.o [6]
  .iar.init_table    const    0x00001418    0x24  - Linker created -
  .text              ro code  0x0000143c    0x20  putchar.o [3]
  .text              ro code  0x0000145c    0x10  write.o [6]
  .text              ro code  0x0000146c    0x1e  dwrite.o [6]
  .text              ro code  0x0000148a    0x20  iarwstd.o [6]
  .text              ro code  0x000014ac    0x1e  cmain.o [5]
  .text              ro code  0x000014ca     0x4  low_level_init.o [3]
  .text              ro code  0x000014ce     0x4  exit.o [3]
  .text              ro code  0x000014d4     0xa  cexit.o [5]
  .text              ro code  0x000014de    0x16  xprout.o [3]
  .rodata            const    0x000014f4    0x10  main.o [1]
  .text              ro code  0x00001504     0xc  cstartup_M.o [5]
  Initializer bytes  const    0x00001510     0x8  <for P2-1>
  .rodata            const    0x00001518     0x0  zero_init3.o [5]
  .rodata            const    0x00001518     0x0  copy_init3.o [5]
                            - 0x00001518  0x14d8

"P2", part 1 of 3:                           0x8
  P2-1                        0x20000000     0x8  <Init block>
    .data            inited   0x20000000     0x8  XShttio.o [3]
                            - 0x20000008     0x8

"P2", part 2 of 3:                         0x1fc
  .bss               zero     0x20000008   0x1d8  dlmalloc.o [3]
  .bss               zero     0x200001e0    0x18  dlmalloc.o [3]
  .bss               zero     0x200001f8     0x4  new.o [4]
  .bss               zero     0x200001fc     0x4  xgetmemchunk.o [3]
  .bss               zero     0x20000200     0x1  XShttio.o [3]
                            - 0x20000201   0x1f9

"P2", part 3 of 3:                         0xc00
  CSTACK                      0x20000208   0x400  <Block>
    CSTACK           uninit   0x20000208   0x400  <Block tail>
  HEAP                        0x20000608   0x800  <Block>
    HEAP             uninit   0x20000608   0x800  <Block tail>
                            - 0x20000e08   0xc00


*******************************************************************************
*** INIT TABLE
***

          Address     Size
          -------     ----
Zero (__iar_zero_init3)
    1 destination range, total size 0x1f9:
          0x20000008  0x1f9

Copy (__iar_copy_init3)
    1 source range, total size 0x8:
          0x00001510    0x8
    1 destination range, total size 0x8:
          0x20000000    0x8



*******************************************************************************
*** MODULE SUMMARY
***

    Module                 ro code  ro data  rw data
    ------                 -------  -------  -------
C:\Users\Tim\Programming\Code\ARM_32\SimpleFeatures\Container\Code\Cpp\Debug\Obj: [1]
    main.o                     126       16
    ------------------------------------------------
    Total:                     126       16

command line: [2]
    ------------------------------------------------
    Total:

dl7M_tln.a: [3]
    XShttio.o                   60        8        9
    abort.o                      6
    dlmalloc.o               3 960               496
    exit.o                       4
    low_level_init.o             4
    printf.o                    40
    putchar.o                   32
    xgetmemchunk.o              44                 4
    xprintftiny.o              322
    xprout.o                    22
    ------------------------------------------------
    Total:                   4 494        8      509

dlpp7M_tl_nc.a: [4]
    new.o                                          4
    newaop_0.o                   4
    newop_0.o                   36
    nomemory.o                   4
    ------------------------------------------------
    Total:                      44                 4

rt7M_tl.a: [5]
    ABImemcpy_unaligned.o       86
    cexit.o                     10
    cmain.o                     30
    copy_init3.o                44
    cstartup_M.o                12
    data_init.o                 40
    strlen.o                    54
    vector_table_M.o            66
    zero_init3.o                64
    ------------------------------------------------
    Total:                     406

shb_l.a: [6]
    dwrite.o                    30
    exit.o                      20
    iarttio.o                  124
    iarwrite.o                  34
    iarwstd.o                   32
    unwind_debug.o                        1
    write.o                     16
    ------------------------------------------------
    Total:                     256        1

    Gaps                        11        2
    Linker created                       36    3 072
----------------------------------------------------
    Grand Total:             5 337       63    3 585


*******************************************************************************
*** ENTRY LIST
***

Entry                      Address   Size  Type      Object
-----                      -------   ----  ----      ------
.iar.init_table$$Base   0x00001418          --   Gb  - Linker created -
.iar.init_table$$Limit  0x0000143c          --   Gb  - Linker created -
?main                   0x000014ad         Code  Gb  cmain.o [5]
CSTACK$$Base            0x20000208          --   Gb  - Linker created -
CSTACK$$Limit           0x20000608          --   Gb  - Linker created -
HEAP$$Base              0x20000608          --   Gb  - Linker created -
HEAP$$Limit             0x20000e08          --   Gb  - Linker created -
Region$$Table$$Base     0x00001418          --   Gb  - Linker created -
Region$$Table$$Limit    0x0000143c          --   Gb  - Linker created -
_PrintfTiny             0x000010d5  0x126  Code  Gb  xprintftiny.o [3]
_Prout                  0x000014df   0x16  Code  Gb  xprout.o [3]
__cmain                 0x000014ad         Code  Gb  cmain.o [5]
__data_GetMemChunk      0x00000fc1   0x2c  Code  Gb  xgetmemchunk.o [3]
__data_GetMemChunk::start
                        0x200001fc    0x4  Data  Lc  xgetmemchunk.o [3]
__dwrite                0x0000146d   0x1e  Code  Gb  dwrite.o [6]
__exit                  0x00000fed   0x14  Code  Gb  exit.o [6]
__iar_close_ttio        0x00001001   0x2c  Code  Gb  iarttio.o [6]
__iar_copy_init3        0x000013a1   0x2c  Code  Gb  copy_init3.o [5]
__iar_data_init3        0x000013cd   0x28  Code  Gb  data_init.o [5]
__iar_debug_exceptions  0x000011fa    0x1  Data  Gb  unwind_debug.o [6]
__iar_dlmalloc          0x00000cfd  0x2b6  Code  Gb  dlmalloc.o [3]
__iar_get_ttio          0x0000102d   0x4c  Code  Gb  iarttio.o [6]
__iar_lookup_ttioh      0x000010ab    0x4  Code  Gb  XShttio.o [3]
__iar_program_start     0x00001505         Code  Gb  cstartup_M.o [5]
__iar_sh_stdout         0x0000148b   0x20  Code  Gb  iarwstd.o [6]
__iar_sh_write          0x000013f5   0x22  Code  Gb  iarwrite.o [6]
__iar_systems$$module {Abs}
                        0x00000001         Data  Gb  command line/config [2]
__iar_ttio_guard_lock   0x0000107d   0x1e  Code  Gb  XShttio.o [3]
__iar_ttio_guard_unlock
                        0x0000109b   0x10  Code  Gb  XShttio.o [3]
__iar_ttio_handles      0x20000000    0x8  Data  Lc  XShttio.o [3]
__iar_unaligned_memcpy4
                        0x00001235         Code  Gb  ABImemcpy_unaligned.o [5]
__iar_unaligned_memcpy8
                        0x00001235         Code  Gb  ABImemcpy_unaligned.o [5]
__iar_zero_init3        0x0000128b   0x40  Code  Gb  zero_init3.o [5]
__low_level_init        0x000014cb    0x4  Code  Gb  low_level_init.o [3]
__vector_table          0x00000000         Data  Gb  vector_table_M.o [5]
__write                 0x0000145d   0x10  Code  Gb  write.o [6]
_call_main              0x000014b9         Code  Gb  cmain.o [5]
_exit                   0x000014d5         Code  Gb  cexit.o [5]
_gm_                    0x20000008  0x1d8  Data  Lc  dlmalloc.o [3]
_main                   0x000014c7         Code  Gb  cmain.o [5]
abort                   0x00000fb9    0x6  Code  Gb  abort.o [3]
add_segment             0x00000405  0x1f2  Code  Lc  dlmalloc.o [3]
exit                    0x000014cf    0x4  Code  Gb  exit.o [3]
init_mparams            0x0000005f   0x32  Code  Lc  dlmalloc.o [3]
init_top                0x00000091   0x32  Code  Lc  dlmalloc.o [3]
int_container::int_container(int const *, unsigned int)
                        0x000012cb   0x38  Code  Gb  main.o [1]
int_container::operator [](int) const
                        0x00001361   0x16  Code  Gb  main.o [1]
main                    0x00001331   0x30  Code  Gb  main.o [1]
mparams                 0x200001e0   0x18  Data  Lc  dlmalloc.o [3]
operator new (unsigned int)
                        0x00001309   0x24  Code  Gb  newop_0.o [4]
operator new[] (unsigned int)
                        0x00001303    0x4  Code  Gb  newaop_0.o [4]
out                     0x000010b9   0x1c  Code  Lc  xprintftiny.o [3]
prepend_alloc           0x000000c3  0x342  Code  Lc  dlmalloc.o [3]
printf                  0x00001379   0x28  Code  Gb  printf.o [3]
putchar                 0x0000143d   0x20  Code  Gb  putchar.o [3]
segment_holding         0x00000041   0x1e  Code  Lc  dlmalloc.o [3]
std::_NomemoryNothrow()
                        0x0000132d    0x4  Code  Gb  nomemory.o [4]
std::__iar_New_hand     0x200001f8    0x4  Data  Gb  new.o [4]
strlen                  0x000011fd         Code  Gb  strlen.o [5]
sys_alloc               0x000005fd  0x164  Code  Lc  dlmalloc.o [3]
tmalloc_large           0x0000076d  0x384  Code  Lc  dlmalloc.o [3]
tmalloc_small           0x00000af1  0x1fe  Code  Lc  dlmalloc.o [3]
ttio_guard              0x20000200    0x1  Data  Lc  XShttio.o [3]


[1] = C:\Users\Tim\Programming\Code\ARM_32\SimpleFeatures\Container\Code\Cpp\Debug\Obj
[2] = command line
[3] = dl7M_tln.a
[4] = dlpp7M_tl_nc.a
[5] = rt7M_tl.a
[6] = shb_l.a

  5 337 bytes of readonly  code memory
     63 bytes of readonly  data memory
  3 585 bytes of readwrite data memory

Errors: none
Warnings: none
