Archive member included to satisfy reference by file (symbol)

/usr/lib/arm-linux-gnueabihf/libc_nonshared.a(elf-init.oS)
                              /usr/lib/gcc/arm-linux-gnueabihf/4.9/../../../arm-linux-gnueabihf/crt1.o (__libc_csu_init)

Discarded input sections

 .note.GNU-stack
                0x00000000        0x0 /usr/lib/gcc/arm-linux-gnueabihf/4.9/../../../arm-linux-gnueabihf/crt1.o
 .gnu_debuglink
                0x00000000        0xc /usr/lib/gcc/arm-linux-gnueabihf/4.9/../../../arm-linux-gnueabihf/crt1.o
 .note.GNU-stack
                0x00000000        0x0 /usr/lib/gcc/arm-linux-gnueabihf/4.9/../../../arm-linux-gnueabihf/crti.o
 .gnu_debuglink
                0x00000000        0xc /usr/lib/gcc/arm-linux-gnueabihf/4.9/../../../arm-linux-gnueabihf/crti.o
 .note.GNU-stack
                0x00000000        0x0 /usr/lib/gcc/arm-linux-gnueabihf/4.9/crtbegin.o
 .group         0x00000000       0x10 main.o
 .group         0x00000000       0x10 main.o
 .note.GNU-stack
                0x00000000        0x0 main.o
 .note.GNU-stack
                0x00000000        0x0 RobotArmManager.o
 .note.GNU-stack
                0x00000000        0x0 GraspingManipulator.o
 .note.GNU-stack
                0x00000000        0x0 RotatingArmJoint.o
 .note.GNU-stack
                0x00000000        0x0 SlidingArmJoint.o
 .note.GNU-stack
                0x00000000        0x0 /usr/lib/arm-linux-gnueabihf/libc_nonshared.a(elf-init.oS)
 .note.GNU-stack
                0x00000000        0x0 /usr/lib/gcc/arm-linux-gnueabihf/4.9/crtend.o
 .note.GNU-stack
                0x00000000        0x0 /usr/lib/gcc/arm-linux-gnueabihf/4.9/../../../arm-linux-gnueabihf/crtn.o
 .gnu_debuglink
                0x00000000        0xc /usr/lib/gcc/arm-linux-gnueabihf/4.9/../../../arm-linux-gnueabihf/crtn.o

Memory Configuration

Name             Origin             Length             Attributes
*default*        0x00000000         0xffffffff

Linker script and memory map

LOAD /usr/lib/gcc/arm-linux-gnueabihf/4.9/../../../arm-linux-gnueabihf/crt1.o
LOAD /usr/lib/gcc/arm-linux-gnueabihf/4.9/../../../arm-linux-gnueabihf/crti.o
LOAD /usr/lib/gcc/arm-linux-gnueabihf/4.9/crtbegin.o
LOAD main.o
LOAD RobotArmManager.o
LOAD GraspingManipulator.o
LOAD RotatingArmJoint.o
LOAD SlidingArmJoint.o
LOAD /usr/lib/gcc/arm-linux-gnueabihf/4.9/libstdc++.so
LOAD /usr/lib/gcc/arm-linux-gnueabihf/4.9/../../../arm-linux-gnueabihf/libm.so
LOAD /usr/lib/gcc/arm-linux-gnueabihf/4.9/libgcc_s.so
START GROUP
LOAD /usr/lib/gcc/arm-linux-gnueabihf/4.9/libgcc_s.so.1
LOAD /usr/lib/gcc/arm-linux-gnueabihf/4.9/libgcc.a
END GROUP
LOAD /usr/lib/gcc/arm-linux-gnueabihf/4.9/libgcc.a
LOAD /usr/lib/gcc/arm-linux-gnueabihf/4.9/../../../arm-linux-gnueabihf/libc.so
START GROUP
LOAD /lib/arm-linux-gnueabihf/libc.so.6
LOAD /usr/lib/arm-linux-gnueabihf/libc_nonshared.a
LOAD /lib/arm-linux-gnueabihf/ld-linux-armhf.so.3
END GROUP
LOAD /usr/lib/gcc/arm-linux-gnueabihf/4.9/libgcc_s.so
START GROUP
LOAD /usr/lib/gcc/arm-linux-gnueabihf/4.9/libgcc_s.so.1
LOAD /usr/lib/gcc/arm-linux-gnueabihf/4.9/libgcc.a
END GROUP
LOAD /usr/lib/gcc/arm-linux-gnueabihf/4.9/libgcc.a
LOAD /usr/lib/gcc/arm-linux-gnueabihf/4.9/crtend.o
LOAD /usr/lib/gcc/arm-linux-gnueabihf/4.9/../../../arm-linux-gnueabihf/crtn.o
                0x00010000                PROVIDE (__executable_start, 0x10000)
                0x00010134                . = (0x10000 + SIZEOF_HEADERS)

.interp         0x00010134       0x19
 *(.interp)
 .interp        0x00010134       0x19 /usr/lib/gcc/arm-linux-gnueabihf/4.9/../../../arm-linux-gnueabihf/crt1.o

.note.ABI-tag   0x00010150       0x20
 .note.ABI-tag  0x00010150       0x20 /usr/lib/gcc/arm-linux-gnueabihf/4.9/../../../arm-linux-gnueabihf/crt1.o

.note.gnu.build-id
                0x00010170       0x24
 *(.note.gnu.build-id)
 .note.gnu.build-id
                0x00010170       0x24 linker stubs

.hash
 *(.hash)

.gnu.hash       0x00010194       0x30
 *(.gnu.hash)
 .gnu.hash      0x00010194       0x30 /usr/lib/gcc/arm-linux-gnueabihf/4.9/../../../arm-linux-gnueabihf/crt1.o

.dynsym         0x000101c4       0xa0
 *(.dynsym)
 .dynsym        0x000101c4       0xa0 /usr/lib/gcc/arm-linux-gnueabihf/4.9/../../../arm-linux-gnueabihf/crt1.o

.dynstr         0x00010264       0xfe
 *(.dynstr)
 .dynstr        0x00010264       0xfe /usr/lib/gcc/arm-linux-gnueabihf/4.9/../../../arm-linux-gnueabihf/crt1.o

.gnu.version    0x00010362       0x14
 *(.gnu.version)
 .gnu.version   0x00010362       0x14 /usr/lib/gcc/arm-linux-gnueabihf/4.9/../../../arm-linux-gnueabihf/crt1.o

.gnu.version_d  0x00010378        0x0
 *(.gnu.version_d)
 .gnu.version_d
                0x00010378        0x0 /usr/lib/gcc/arm-linux-gnueabihf/4.9/../../../arm-linux-gnueabihf/crt1.o

.gnu.version_r  0x00010378       0x60
 *(.gnu.version_r)
 .gnu.version_r
                0x00010378       0x60 /usr/lib/gcc/arm-linux-gnueabihf/4.9/../../../arm-linux-gnueabihf/crt1.o

.rel.dyn        0x000103d8        0x8
 *(.rel.init)
 *(.rel.text .rel.text.* .rel.gnu.linkonce.t.*)
 *(.rel.fini)
 *(.rel.rodata .rel.rodata.* .rel.gnu.linkonce.r.*)
 *(.rel.data.rel.ro .rel.data.rel.ro.* .rel.gnu.linkonce.d.rel.ro.*)
 *(.rel.data .rel.data.* .rel.gnu.linkonce.d.*)
 *(.rel.tdata .rel.tdata.* .rel.gnu.linkonce.td.*)
 *(.rel.tbss .rel.tbss.* .rel.gnu.linkonce.tb.*)
 *(.rel.ctors)
 *(.rel.dtors)
 *(.rel.got)
 .rel.got       0x000103d8        0x8 /usr/lib/gcc/arm-linux-gnueabihf/4.9/../../../arm-linux-gnueabihf/crt1.o
 *(.rel.bss .rel.bss.* .rel.gnu.linkonce.b.*)
 .rel.bss       0x000103e0        0x0 /usr/lib/gcc/arm-linux-gnueabihf/4.9/../../../arm-linux-gnueabihf/crt1.o
                0x000103e0                PROVIDE (__rel_iplt_start, .)
 *(.rel.iplt)
 .rel.iplt      0x000103e0        0x0 /usr/lib/gcc/arm-linux-gnueabihf/4.9/../../../arm-linux-gnueabihf/crt1.o
                0x000103e0                PROVIDE (__rel_iplt_end, .)

.rela.dyn       0x000103e0        0x0
 *(.rela.init)
 *(.rela.text .rela.text.* .rela.gnu.linkonce.t.*)
 *(.rela.fini)
 *(.rela.rodata .rela.rodata.* .rela.gnu.linkonce.r.*)
 *(.rela.data .rela.data.* .rela.gnu.linkonce.d.*)
 *(.rela.tdata .rela.tdata.* .rela.gnu.linkonce.td.*)
 *(.rela.tbss .rela.tbss.* .rela.gnu.linkonce.tb.*)
 *(.rela.ctors)
 *(.rela.dtors)
 *(.rela.got)
 *(.rela.bss .rela.bss.* .rela.gnu.linkonce.b.*)
                0x000103e0                PROVIDE (__rela_iplt_start, .)
 *(.rela.iplt)
                0x000103e0                PROVIDE (__rela_iplt_end, .)

.rel.plt        0x000103e0       0x28
 *(.rel.plt)
 .rel.plt       0x000103e0       0x28 /usr/lib/gcc/arm-linux-gnueabihf/4.9/../../../arm-linux-gnueabihf/crt1.o

.rela.plt
 *(.rela.plt)

.init           0x00010408        0xc
 *(SORT(.init))
 .init          0x00010408        0x8 /usr/lib/gcc/arm-linux-gnueabihf/4.9/../../../arm-linux-gnueabihf/crti.o
                0x00010408                _init
 .init          0x00010410        0x4 /usr/lib/gcc/arm-linux-gnueabihf/4.9/../../../arm-linux-gnueabihf/crtn.o

.plt            0x00010414       0x50
 *(.plt)
 .plt           0x00010414       0x50 /usr/lib/gcc/arm-linux-gnueabihf/4.9/../../../arm-linux-gnueabihf/crt1.o
                0x00010428                abort@@GLIBC_2.4
                0x00010434                __libc_start_main@@GLIBC_2.4
                0x0001044c                __cxa_end_cleanup@@CXXABI_1.3
                0x00010458                __gxx_personality_v0@@CXXABI_1.3

.iplt           0x00010464        0x0
 *(.iplt)
 .iplt          0x00010464        0x0 /usr/lib/gcc/arm-linux-gnueabihf/4.9/../../../arm-linux-gnueabihf/crt1.o

.text           0x00010464     0x11d8
 *(.text.unlikely .text.*_unlikely .text.unlikely.*)
 *(.text.exit .text.exit.*)
 *(.text.startup .text.startup.*)
 *(.text.hot .text.hot.*)
 *(.text .stub .text.* .gnu.linkonce.t.*)
 .text          0x00010464       0x3c /usr/lib/gcc/arm-linux-gnueabihf/4.9/../../../arm-linux-gnueabihf/crt1.o
                0x00010464                _start
 .text          0x000104a0       0x24 /usr/lib/gcc/arm-linux-gnueabihf/4.9/../../../arm-linux-gnueabihf/crti.o
 .text          0x000104c4       0xc8 /usr/lib/gcc/arm-linux-gnueabihf/4.9/crtbegin.o
 .text          0x0001058c      0x124 main.o
                0x0001058c                main
 .text._ZN15RobotArmManagerC2Ev
                0x000106b0       0xfc main.o
                0x000106b0                RobotArmManager::RobotArmManager()
                0x000106b0                RobotArmManager::RobotArmManager()
 .text._ZN15RobotArmManagerD2Ev
                0x000107ac       0x40 main.o
                0x000107ac                RobotArmManager::~RobotArmManager()
                0x000107ac                RobotArmManager::~RobotArmManager()
 .text          0x000107ec      0xb84 RobotArmManager.o
                0x000107ec                RobotArmManager::computeTrajectory(int, int, int, int)
                0x00010920                RobotArmManager::executeStep()
                0x00010c04                RobotArmManager::graspAt(int, int, int, int)
                0x00010ce0                RobotArmManager::zero()
                0x00010e6c                RobotArmManager::getItsGraspingManipulator()
                0x00010e94                RobotArmManager::setItsGraspingManipulator(GraspingManipulator*)
                0x00010ec0                RobotArmManager::getItsRotatingArmJoint()
                0x00010ee8                RobotArmManager::addItsRotatingArmJoint(RotatingArmJoint*)
                0x00010f6c                RobotArmManager::removeItsRotatingArmJoint(RotatingArmJoint*)
                0x00010ff4                RobotArmManager::clearItsRotatingArmJoint()
                0x00011050                RobotArmManager::getItsSlidingArmJoint()
                0x00011078                RobotArmManager::addItsSlidingArmJoint(SlidingArmJoint*)
                0x000110fc                RobotArmManager::removeItsSlidingAmJoint(SlidingArmJoint*)
                0x00011184                RobotArmManager::clearItsSlidingArmJoint()
                0x000111e0                RobotArmManager::getItsAction()
                0x00011208                RobotArmManager::addItsAction(Action*)
                0x0001128c                RobotArmManager::removeItsAction(Action*)
                0x00011314                RobotArmManager::clearItsAction()
 .text          0x00011370       0xc0 GraspingManipulator.o
                0x00011370                GraspingManipulator::open()
                0x00011394                GraspingManipulator::close()
                0x000113b8                GraspingManipulator::setMaxForce(int)
                0x00011408                GraspingManipulator::getClosure()
 .text          0x00011430       0xd0 RotatingArmJoint.o
                0x00011430                RotatingArmJoint::getRotation()
                0x00011458                RotatingArmJoint::rotate(int)
                0x000114b8                RotatingArmJoint::zero()
 .text          0x00011500       0xd4 SlidingArmJoint.o
                0x00011500                SlidingArmJoint::getLength()
                0x00011528                SlidingArmJoint::setLength(int)
                0x0001158c                SlidingArmJoint::zero()
 .text          0x000115d4       0x68 /usr/lib/arm-linux-gnueabihf/libc_nonshared.a(elf-init.oS)
                0x000115d4                __libc_csu_init
                0x00011638                __libc_csu_fini
 .text          0x0001163c        0x0 /usr/lib/gcc/arm-linux-gnueabihf/4.9/crtend.o
 .text          0x0001163c        0x0 /usr/lib/gcc/arm-linux-gnueabihf/4.9/../../../arm-linux-gnueabihf/crtn.o
 *(.gnu.warning)
 *(.glue_7t)
 .glue_7t       0x0001163c        0x0 linker stubs
 *(.glue_7)
 .glue_7        0x0001163c        0x0 linker stubs
 *(.vfp11_veneer)
 .vfp11_veneer  0x0001163c        0x0 linker stubs
 *(.v4_bx)
 .v4_bx         0x0001163c        0x0 linker stubs

.fini           0x0001163c        0x8
 *(SORT(.fini))
 .fini          0x0001163c        0x4 /usr/lib/gcc/arm-linux-gnueabihf/4.9/../../../arm-linux-gnueabihf/crti.o
                0x0001163c                _fini
 .fini          0x00011640        0x4 /usr/lib/gcc/arm-linux-gnueabihf/4.9/../../../arm-linux-gnueabihf/crtn.o
                0x00011644                PROVIDE (__etext, .)
                0x00011644                PROVIDE (_etext, .)
                0x00011644                PROVIDE (etext, .)

.rodata         0x00011644        0x4
 *(.rodata .rodata.* .gnu.linkonce.r.*)
 .rodata.cst4   0x00011644        0x4 /usr/lib/gcc/arm-linux-gnueabihf/4.9/../../../arm-linux-gnueabihf/crt1.o
                0x00011644                _IO_stdin_used

.rodata1
 *(.rodata1)

.ARM.extab      0x00011648       0x40
 *(.ARM.extab* .gnu.linkonce.armextab.*)
 .ARM.extab     0x00011648        0x0 /usr/lib/gcc/arm-linux-gnueabihf/4.9/../../../arm-linux-gnueabihf/crt1.o
 .ARM.extab.text._ZN15RobotArmManagerC2Ev
                0x00011648        0x0 main.o
 .ARM.extab.text._ZN15RobotArmManagerD2Ev
                0x00011648        0x0 main.o
 .ARM.extab     0x00011648       0x1c main.o
 .ARM.extab     0x00011664       0x24 RobotArmManager.o
 .ARM.extab     0x00011688        0x0 GraspingManipulator.o
 .ARM.extab     0x00011688        0x0 RotatingArmJoint.o
 .ARM.extab     0x00011688        0x0 SlidingArmJoint.o
                0x00011688                PROVIDE (__exidx_start, .)

.ARM.exidx      0x00011688       0x38
 *(.ARM.exidx* .gnu.linkonce.armexidx.*)
 .ARM.exidx     0x00011688        0x8 /usr/lib/gcc/arm-linux-gnueabihf/4.9/../../../arm-linux-gnueabihf/crt1.o
 .ARM.exidx.text._ZN15RobotArmManagerC2Ev
                0x00011698        0x8 main.o
 .ARM.exidx.text._ZN15RobotArmManagerD2Ev
                0x000116a0        0x0 main.o
                                  0x8 (size before relaxing)
 .ARM.exidx     0x00011690        0x8 main.o
 .ARM.exidx     0x000116a0       0x20 RobotArmManager.o
                                 0x90 (size before relaxing)
 .ARM.exidx     0x000116c0        0x0 GraspingManipulator.o
                                 0x20 (size before relaxing)
 .ARM.exidx     0x000116c0        0x0 RotatingArmJoint.o
                                 0x18 (size before relaxing)
 .ARM.exidx     0x000116c0        0x0 SlidingArmJoint.o
                                 0x18 (size before relaxing)
                0x000116c0                PROVIDE (__exidx_end, .)

.eh_frame_hdr   0x000116c0        0x0
 *(.eh_frame_hdr)
 .eh_frame_hdr  0x000116c0        0x0 /usr/lib/gcc/arm-linux-gnueabihf/4.9/../../../arm-linux-gnueabihf/crtn.o

.eh_frame       0x000116c0        0x4
 *(.eh_frame)
 .eh_frame      0x000116c0        0x4 /usr/lib/gcc/arm-linux-gnueabihf/4.9/crtend.o

.gcc_except_table
 *(.gcc_except_table .gcc_except_table.*)

.exception_ranges
 *(.exception_ranges .exception_ranges*)
                0x000116c4                . = (ALIGN (0x10000) - ((0x10000 - .) & 0xffff))
                0x000216c4                . = DATA_SEGMENT_ALIGN (0x10000, 0x1000)

.eh_frame
 *(.eh_frame)

.gcc_except_table
 *(.gcc_except_table .gcc_except_table.*)

.exception_ranges
 *(.exception_ranges .exception_ranges*)

.tdata
 *(.tdata .tdata.* .gnu.linkonce.td.*)

.tbss
 *(.tbss .tbss.* .gnu.linkonce.tb.*)
 *(.tcommon)

.preinit_array  0x000216c4        0x0
                0x000216c4                PROVIDE (__preinit_array_start, .)
 *(.preinit_array)
                0x000216c4                PROVIDE (__preinit_array_end, .)

.init_array     0x000216c4        0x4
                0x000216c4                PROVIDE (__init_array_start, .)
 *(SORT(.init_array.*) SORT(.ctors.*))
 *(.init_array EXCLUDE_FILE(*crtend?.o *crtend.o *crtbegin?.o *crtbegin.o) .ctors)
 .init_array    0x000216c4        0x4 /usr/lib/gcc/arm-linux-gnueabihf/4.9/crtbegin.o
                0x000216c8                PROVIDE (__init_array_end, .)

.fini_array     0x000216c8        0x4
                0x000216c8                PROVIDE (__fini_array_start, .)
 *(SORT(.fini_array.*) SORT(.dtors.*))
 *(.fini_array EXCLUDE_FILE(*crtend?.o *crtend.o *crtbegin?.o *crtbegin.o) .dtors)
 .fini_array    0x000216c8        0x4 /usr/lib/gcc/arm-linux-gnueabihf/4.9/crtbegin.o
                0x000216cc                PROVIDE (__fini_array_end, .)

.ctors
 *crtbegin.o(.ctors)
 *crtbegin?.o(.ctors)
 *(EXCLUDE_FILE(*crtend?.o *crtend.o) .ctors)
 *(SORT(.ctors.*))
 *(.ctors)

.dtors
 *crtbegin.o(.dtors)
 *crtbegin?.o(.dtors)
 *(EXCLUDE_FILE(*crtend?.o *crtend.o) .dtors)
 *(SORT(.dtors.*))
 *(.dtors)

.jcr            0x000216cc        0x4
 *(.jcr)
 .jcr           0x000216cc        0x0 /usr/lib/gcc/arm-linux-gnueabihf/4.9/crtbegin.o
 .jcr           0x000216cc        0x4 /usr/lib/gcc/arm-linux-gnueabihf/4.9/crtend.o

.data.rel.ro
 *(.data.rel.ro.local* .gnu.linkonce.d.rel.ro.local.*)
 *(.data.rel.ro .data.rel.ro.* .gnu.linkonce.d.rel.ro.*)

.dynamic        0x000216d0      0x100
 *(.dynamic)
 .dynamic       0x000216d0      0x100 /usr/lib/gcc/arm-linux-gnueabihf/4.9/../../../arm-linux-gnueabihf/crt1.o
                0x000216d0                _DYNAMIC
                0x000217d0                . = DATA_SEGMENT_RELRO_END (., 0x0)

.got            0x000217d0       0x24
 *(.got.plt)
 .got.plt       0x000217d0       0x20 /usr/lib/gcc/arm-linux-gnueabihf/4.9/../../../arm-linux-gnueabihf/crt1.o
                0x000217d0                _GLOBAL_OFFSET_TABLE_
 *(.igot.plt)
 .igot.plt      0x000217f0        0x0 /usr/lib/gcc/arm-linux-gnueabihf/4.9/../../../arm-linux-gnueabihf/crt1.o
 *(.got)
 .got           0x000217f0        0x4 /usr/lib/gcc/arm-linux-gnueabihf/4.9/../../../arm-linux-gnueabihf/crt1.o
 *(.igot)

.data           0x000217f4        0x8
                0x000217f4                PROVIDE (__data_start, .)
 *(.data .data.* .gnu.linkonce.d.*)
 .data          0x000217f4        0x4 /usr/lib/gcc/arm-linux-gnueabihf/4.9/../../../arm-linux-gnueabihf/crt1.o
                0x000217f4                data_start
                0x000217f4                __data_start
 .data          0x000217f8        0x0 /usr/lib/gcc/arm-linux-gnueabihf/4.9/../../../arm-linux-gnueabihf/crti.o
 .data          0x000217f8        0x4 /usr/lib/gcc/arm-linux-gnueabihf/4.9/crtbegin.o
                0x000217f8                __dso_handle
 .data          0x000217fc        0x0 main.o
 .data          0x000217fc        0x0 RobotArmManager.o
 .data          0x000217fc        0x0 GraspingManipulator.o
 .data          0x000217fc        0x0 RotatingArmJoint.o
 .data          0x000217fc        0x0 SlidingArmJoint.o
 .data          0x000217fc        0x0 /usr/lib/arm-linux-gnueabihf/libc_nonshared.a(elf-init.oS)
 .data          0x000217fc        0x0 /usr/lib/gcc/arm-linux-gnueabihf/4.9/crtend.o
 .data          0x000217fc        0x0 /usr/lib/gcc/arm-linux-gnueabihf/4.9/../../../arm-linux-gnueabihf/crtn.o

.tm_clone_table
                0x000217fc        0x0
 .tm_clone_table
                0x000217fc        0x0 /usr/lib/gcc/arm-linux-gnueabihf/4.9/crtbegin.o
 .tm_clone_table
                0x000217fc        0x0 /usr/lib/gcc/arm-linux-gnueabihf/4.9/crtend.o

.data1
 *(.data1)
                0x000217fc                _edata = .
                0x000217fc                PROVIDE (edata, .)
                0x000217fc                . = .
                0x000217fc                __bss_start = .
                0x000217fc                __bss_start__ = .

.bss            0x000217fc        0x4
 *(.dynbss)
 .dynbss        0x000217fc        0x0 /usr/lib/gcc/arm-linux-gnueabihf/4.9/../../../arm-linux-gnueabihf/crt1.o
 *(.bss .bss.* .gnu.linkonce.b.*)
 .bss           0x000217fc        0x0 /usr/lib/gcc/arm-linux-gnueabihf/4.9/../../../arm-linux-gnueabihf/crt1.o
 .bss           0x000217fc        0x0 /usr/lib/gcc/arm-linux-gnueabihf/4.9/../../../arm-linux-gnueabihf/crti.o
 .bss           0x000217fc        0x1 /usr/lib/gcc/arm-linux-gnueabihf/4.9/crtbegin.o
 .bss           0x000217fd        0x0 main.o
 .bss           0x000217fd        0x0 RobotArmManager.o
 .bss           0x000217fd        0x0 GraspingManipulator.o
 .bss           0x000217fd        0x0 RotatingArmJoint.o
 .bss           0x000217fd        0x0 SlidingArmJoint.o
 .bss           0x000217fd        0x0 /usr/lib/arm-linux-gnueabihf/libc_nonshared.a(elf-init.oS)
 .bss           0x000217fd        0x0 /usr/lib/gcc/arm-linux-gnueabihf/4.9/crtend.o
 .bss           0x000217fd        0x0 /usr/lib/gcc/arm-linux-gnueabihf/4.9/../../../arm-linux-gnueabihf/crtn.o
 *(COMMON)
                0x00021800                . = ALIGN ((. != 0x0)?0x4:0x1)
 *fill*         0x000217fd        0x3 
                0x00021800                _bss_end__ = .
                0x00021800                __bss_end__ = .
                0x00021800                . = ALIGN (0x4)
                0x00021800                . = SEGMENT_START ("ldata-segment", .)
                0x00021800                . = ALIGN (0x4)
                0x00021800                __end__ = .
                0x00021800                _end = .
                0x00021800                PROVIDE (end, .)
                0x00021800                . = DATA_SEGMENT_END (.)

.stab
 *(.stab)

.stabstr
 *(.stabstr)

.stab.excl
 *(.stab.excl)

.stab.exclstr
 *(.stab.exclstr)

.stab.index
 *(.stab.index)

.stab.indexstr
 *(.stab.indexstr)

.comment        0x00000000       0x44
 *(.comment)
 .comment       0x00000000       0x26 /usr/lib/gcc/arm-linux-gnueabihf/4.9/crtbegin.o
                                 0x27 (size before relaxing)
 .comment       0x00000026       0x27 main.o
 .comment       0x00000026       0x27 RobotArmManager.o
 .comment       0x00000026       0x27 GraspingManipulator.o
 .comment       0x00000026       0x27 RotatingArmJoint.o
 .comment       0x00000026       0x27 SlidingArmJoint.o
 .comment       0x00000026       0x1e /usr/lib/arm-linux-gnueabihf/libc_nonshared.a(elf-init.oS)
                                 0x1f (size before relaxing)
 .comment       0x00000044       0x27 /usr/lib/gcc/arm-linux-gnueabihf/4.9/crtend.o

.ARM.attributes
                0x00000000       0x31
 .ARM.attributes
                0x00000000       0x31 /usr/lib/gcc/arm-linux-gnueabihf/4.9/../../../arm-linux-gnueabihf/crt1.o
 .ARM.attributes
                0x00000031       0x23 /usr/lib/gcc/arm-linux-gnueabihf/4.9/../../../arm-linux-gnueabihf/crti.o
 .ARM.attributes
                0x00000054       0x31 /usr/lib/gcc/arm-linux-gnueabihf/4.9/crtbegin.o
 .ARM.attributes
                0x00000085       0x31 main.o
 .ARM.attributes
                0x000000b6       0x31 RobotArmManager.o
 .ARM.attributes
                0x000000e7       0x31 GraspingManipulator.o
 .ARM.attributes
                0x00000118       0x31 RotatingArmJoint.o
 .ARM.attributes
                0x00000149       0x31 SlidingArmJoint.o
 .ARM.attributes
                0x0000017a       0x33 /usr/lib/arm-linux-gnueabihf/libc_nonshared.a(elf-init.oS)
 .ARM.attributes
                0x000001ad       0x31 /usr/lib/gcc/arm-linux-gnueabihf/4.9/crtend.o
 .ARM.attributes
                0x000001de       0x23 /usr/lib/gcc/arm-linux-gnueabihf/4.9/../../../arm-linux-gnueabihf/crtn.o

.debug
 *(.debug)

.line
 *(.line)

.debug_srcinfo
 *(.debug_srcinfo)

.debug_sfnames
 *(.debug_sfnames)

.debug_aranges
 *(.debug_aranges)

.debug_pubnames
 *(.debug_pubnames)

.debug_info
 *(.debug_info .gnu.linkonce.wi.*)

.debug_abbrev
 *(.debug_abbrev)

.debug_line
 *(.debug_line .debug_line.* .debug_line_end)

.debug_frame
 *(.debug_frame)

.debug_str
 *(.debug_str)

.debug_loc
 *(.debug_loc)

.debug_macinfo
 *(.debug_macinfo)

.debug_weaknames
 *(.debug_weaknames)

.debug_funcnames
 *(.debug_funcnames)

.debug_typenames
 *(.debug_typenames)

.debug_varnames
 *(.debug_varnames)

.debug_pubtypes
 *(.debug_pubtypes)

.debug_ranges
 *(.debug_ranges)

.debug_macro
 *(.debug_macro)

.gnu.attributes
 *(.gnu.attributes)

.note.gnu.arm.ident
 *(.note.gnu.arm.ident)

/DISCARD/
 *(.note.GNU-stack)
 *(.gnu_debuglink)
 *(.gnu.lto_*)
OUTPUT(out.exe elf32-littlearm)
