###############################################################################
#
# IAR ELF Linker V8.22.2.15995/W32 for ARM                18/Apr/2018  18:33:26
# Copyright 2007-2018 IAR Systems AB.
#
#    Output file  =  
#        C:\Users\Tim\Programming\Code\ARM_32\SimpleFeatures\VirtualFunc\Code\Cpp\Debug\Exe\VirtualFuncCpp.out
#    Map file     =  
#        C:\Users\Tim\Programming\Code\ARM_32\SimpleFeatures\VirtualFunc\Code\Cpp\Debug\List\VirtualFuncCpp.map
#    Command line =  
#        -f C:\Users\Tim\AppData\Local\Temp\EWDD2C.tmp
#        (C:\Users\Tim\Programming\Code\ARM_32\SimpleFeatures\VirtualFunc\Code\Cpp\Debug\Obj\main.o
#        -o
#        C:\Users\Tim\Programming\Code\ARM_32\SimpleFeatures\VirtualFunc\Code\Cpp\Debug\Exe\VirtualFuncCpp.out
#        --map
#        C:\Users\Tim\Programming\Code\ARM_32\SimpleFeatures\VirtualFunc\Code\Cpp\Debug\List\VirtualFuncCpp.map
#        --config "C:\Program Files (x86)\IAR Systems\Embedded Workbench
#        8.0\arm\CONFIG\generic_cortex.icf" --semihosting --entry
#        __iar_program_start --no_vfe --text_out locale)
#
###############################################################################

*******************************************************************************
*** RUNTIME MODEL ATTRIBUTES
***

CppFlavor        = *
__CPP_Exceptions = Disabled
__CPP_Language   = C++14
__Heap_Handler   = Basic
__SystemLibrary  = DLib
__dlib_version   = 6


*******************************************************************************
*** HEAP SELECTION
***

The basic heap was selected because no calls to memory allocation
functions were found in the application outside of system library
functions, and there are calls to deallocation functions in the
application.


*******************************************************************************
*** PLACEMENT SUMMARY
***

"A0":  place at 0x00000000 { ro section .intvec };
"P1":  place in [from 0x00000000 to 0x0007ffff] { ro };
define block CSTACK with size = 1K, alignment = 8 { };
define block PROC_STACK with size = 0M, alignment = 8 { };
define block HEAP with size = 2K, alignment = 8 { };
"P2":  place in [from 0x20000000 to 0x2000ffff] {
          rw, block CSTACK, block PROC_STACK, block HEAP };

No sections matched the following patterns:

  rw  in "P2"


  Section   Kind        Address   Size  Object
  -------   ----        -------   ----  ------
"A0":                             0x40
  .intvec   ro code  0x00000000   0x40  vector_table_M.o [5]
                   - 0x00000040   0x40

"P1":                             0xc0
  .text     ro code  0x00000040   0x52  main.o [1]
  .text     ro code  0x00000092    0x2  vector_table_M.o [5]
  .text     ro code  0x00000094   0x1e  cmain.o [5]
  .text     ro code  0x000000b2    0x4  low_level_init.o [3]
  .text     ro code  0x000000b6    0x4  exit.o [3]
  .rodata   const    0x000000ba    0x1  unwind_debug.o [6]
  .text     ro code  0x000000bc    0xa  cexit.o [5]
  .text     ro code  0x000000c8   0x14  exit.o [6]
  .rodata   const    0x000000dc    0xc  main.o [1]
  .rodata   const    0x000000e8    0xc  main.o [1]
  .text     ro code  0x000000f4    0xc  cstartup_M.o [5]
                   - 0x00000100   0xc0

"P2":                            0x400
  CSTACK             0x20000000  0x400  <Block>
    CSTACK  uninit   0x20000000  0x400  <Block tail>
                   - 0x20000400  0x400



*******************************************************************************
*** MODULE SUMMARY
***

    Module            ro code  ro data  rw data
    ------            -------  -------  -------
C:\Users\Tim\Programming\Code\ARM_32\SimpleFeatures\VirtualFunc\Code\Cpp\Debug\Obj: [1]
    main.o                 82       24
    -------------------------------------------
    Total:                 82       24

command line: [2]
    -------------------------------------------
    Total:

dl7M_tln.a: [3]
    exit.o                  4
    low_level_init.o        4
    -------------------------------------------
    Total:                  8

dlpp7M_tl_nc.a: [4]
    -------------------------------------------
    Total:

rt7M_tl.a: [5]
    cexit.o                10
    cmain.o                30
    cstartup_M.o           12
    vector_table_M.o       66
    -------------------------------------------
    Total:                118

shb_l.a: [6]
    exit.o                 20
    unwind_debug.o                   1
    -------------------------------------------
    Total:                 20        1

    Gaps                    3
    Linker created                        1 024
-----------------------------------------------
    Grand Total:          231       25    1 024


*******************************************************************************
*** ENTRY LIST
***

Entry                      Address  Size  Type      Object
-----                      -------  ----  ----      ------
?main                   0x00000095        Code  Gb  cmain.o [5]
A::A()                  0x0000004d   0xa  Code  Gb  main.o [1]
A::A() [subobject]      0x00000041   0xc  Code  Gb  main.o [1]
A::f()                  0x00000057   0x6  Code  Gb  main.o [1]
B::B()                  0x0000005d  0x12  Code  Gb  main.o [1]
B::f()                  0x00000079   0x6  Code  Gb  main.o [1]
CSTACK$$Base            0x20000000         --   Gb  - Linker created -
CSTACK$$Limit           0x20000400         --   Gb  - Linker created -
Region$$Table$$Base     0x00000000         --   Gb  - Linker created -
Region$$Table$$Limit    0x00000000         --   Gb  - Linker created -
Virtual function table for A
                        0x000000dc   0xc  Data  Gb  main.o [1]
Virtual function table for B
                        0x000000e8   0xc  Data  Gb  main.o [1]
__cmain                 0x00000095        Code  Gb  cmain.o [5]
__exit                  0x000000c9  0x14  Code  Gb  exit.o [6]
__iar_debug_exceptions  0x000000ba   0x1  Data  Gb  unwind_debug.o [6]
__iar_program_start     0x000000f5        Code  Gb  cstartup_M.o [5]
__iar_systems$$module {Abs}
                        0x00000001        Data  Gb  command line/config [2]
__low_level_init        0x000000b3   0x4  Code  Gb  low_level_init.o [3]
__vector_table          0x00000000        Data  Gb  vector_table_M.o [5]
_call_main              0x000000a1        Code  Gb  cmain.o [5]
_exit                   0x000000bd        Code  Gb  cexit.o [5]
_main                   0x000000af        Code  Gb  cmain.o [5]
exit                    0x000000b7   0x4  Code  Gb  exit.o [3]
main                    0x0000007f  0x14  Code  Gb  main.o [1]


[1] = C:\Users\Tim\Programming\Code\ARM_32\SimpleFeatures\VirtualFunc\Code\Cpp\Debug\Obj
[2] = command line
[3] = dl7M_tln.a
[4] = dlpp7M_tl_nc.a
[5] = rt7M_tl.a
[6] = shb_l.a

    231 bytes of readonly  code memory
     25 bytes of readonly  data memory
  1 024 bytes of readwrite data memory

Errors: none
Warnings: none
