###############################################################################
#
# IAR ELF Linker V8.22.2.15995/W32 for ARM                18/Apr/2018  13:56:45
# Copyright 2007-2018 IAR Systems AB.
#
#    Output file  =  
#        C:\Users\Tim\Programming\Code\ARM_32\SimpleFeatures\FuncOver\Code\C\Debug\Exe\FuncOver.out
#    Map file     =  
#        C:\Users\Tim\Programming\Code\ARM_32\SimpleFeatures\FuncOver\Code\C\Debug\List\FuncOver.map
#    Command line =  
#        -f C:\Users\Tim\AppData\Local\Temp\EW850B.tmp
#        (C:\Users\Tim\Programming\Code\ARM_32\SimpleFeatures\FuncOver\Code\C\Debug\Obj\main.o
#        -o
#        C:\Users\Tim\Programming\Code\ARM_32\SimpleFeatures\FuncOver\Code\C\Debug\Exe\FuncOver.out
#        --map
#        C:\Users\Tim\Programming\Code\ARM_32\SimpleFeatures\FuncOver\Code\C\Debug\List\FuncOver.map
#        --config "C:\Program Files (x86)\IAR Systems\Embedded Workbench
#        8.0\arm\CONFIG\generic_cortex.icf" --semihosting --entry
#        __iar_program_start --no_vfe --text_out locale)
#
###############################################################################

*******************************************************************************
*** RUNTIME MODEL ATTRIBUTES
***

CppFlavor       = *
__SystemLibrary = DLib
__dlib_version  = 6


*******************************************************************************
*** HEAP SELECTION
***

The basic heap was selected because no calls to memory allocation
functions were found in the application outside of system library
functions, and there are calls to deallocation functions in the
application.


*******************************************************************************
*** PLACEMENT SUMMARY
***

"A0":  place at 0x00000000 { ro section .intvec };
"P1":  place in [from 0x00000000 to 0x0007ffff] { ro };
define block CSTACK with size = 1K, alignment = 8 { };
define block PROC_STACK with size = 0M, alignment = 8 { };
define block HEAP with size = 2K, alignment = 8 { };
"P2":  place in [from 0x20000000 to 0x2000ffff] {
          rw, block CSTACK, block PROC_STACK, block HEAP };
initialize by copy { rw };

  Section            Kind        Address    Size  Object
  -------            ----        -------    ----  ------
"A0":                                       0x40
  .intvec            ro code  0x00000000    0x40  vector_table_M.o [5]
                            - 0x00000040    0x40

"P1":                                     0x1964
  .text              ro code  0x00000040   0xc1a  xprintflarge_nomb.o [3]
  .text              ro code  0x00000c5a     0x2  vector_table_M.o [5]
  .text              ro code  0x00000c5c    0x16  strchr.o [5]
  .text              ro code  0x00000c74    0x40  xfail_s.o [3]
  .text              ro code  0x00000cb4    0x36  strlen.o [5]
  .text              ro code  0x00000cec    0x58  memchr.o [5]
  .text              ro code  0x00000d44   0x22e  I64DivMod.o [5]
  .text              ro code  0x00000f74   0x1a2  DblMul.o [4]
  .text              ro code  0x00001118    0x76  ABImemcpy_unaligned.o [5]
  .text              ro code  0x00001190    0x70  frexp.o [4]
  .text              ro code  0x00001200    0x2e  DblCmpLe.o [4]
  .text              ro code  0x00001230   0x246  DblDiv.o [4]
  .text              ro code  0x00001478    0x28  DblToU32.o [4]
  .text              ro code  0x000014a0    0x1a  U32ToDbl.o [4]
  .text              ro code  0x000014bc    0xe2  DblSub.o [4]
  .text              ro code  0x0000159e     0x6  abort.o [3]
  .text              ro code  0x000015a4     0x2  I64DivZer.o [5]
  .text              ro code  0x000015a8   0x168  DblAdd.o [4]
  .text              ro code  0x00001710    0x14  exit.o [6]
  .text              ro code  0x00001724    0x7c  iarttio.o [6]
  .text              ro code  0x000017a0    0x3c  XShttio.o [3]
  .text              ro code  0x000017dc    0x44  main.o [1]
  .text              ro code  0x00001820    0x28  printf.o [3]
  .text              ro code  0x00001848    0x38  packbits_init_single.o [5]
  .text              ro code  0x00001880    0x28  data_init.o [5]
  .text              ro code  0x000018a8    0x22  iarwrite.o [6]
  .iar.init_table    const    0x000018cc    0x10  - Linker created -
  .text              ro code  0x000018dc    0x20  putchar.o [3]
  .text              ro code  0x000018fc    0x10  write.o [6]
  .text              ro code  0x0000190c    0x1e  dwrite.o [6]
  .text              ro code  0x0000192a    0x20  iarwstd.o [6]
  .text              ro code  0x0000194c    0x1e  cmain.o [5]
  .text              ro code  0x0000196a     0x4  low_level_init.o [3]
  .text              ro code  0x0000196e     0x4  exit.o [3]
  .text              ro code  0x00001974     0xa  cexit.o [5]
  .text              ro code  0x0000197e    0x16  xprout.o [3]
  .text              ro code  0x00001994     0xc  cstartup_M.o [5]
  .rodata            const    0x000019a0     0x0  packbits_init_single.o [5]
  Initializer bytes  const    0x000019a0     0x4  <for P2-1>
                            - 0x000019a4  0x1964

"P2", part 1 of 2:                           0xd
  P2-1                        0x20000000     0xd  <Init block>
    .data            inited   0x20000000     0x8  XShttio.o [3]
    .bss             inited   0x20000008     0x4  xfail_s.o [3]
    .bss             inited   0x2000000c     0x1  XShttio.o [3]
                            - 0x2000000d     0xd

"P2", part 2 of 2:                         0x400
  CSTACK                      0x20000010   0x400  <Block>
    CSTACK           uninit   0x20000010   0x400  <Block tail>
                            - 0x20000410   0x400


*******************************************************************************
*** INIT TABLE
***

          Address     Size
          -------     ----
Copy/packbits (__iar_packbits_init_single3)
    1 source range, total size 0x4 (30% of destination):
          0x000019a0   0x4
    1 destination range, total size 0xd:
          0x20000000   0xd



*******************************************************************************
*** MODULE SUMMARY
***

    Module                  ro code  ro data  rw data
    ------                  -------  -------  -------
C:\Users\Tim\Programming\Code\ARM_32\SimpleFeatures\FuncOver\Code\C\Debug\Obj: [1]
    main.o                       68
    -------------------------------------------------
    Total:                       68

command line: [2]
    -------------------------------------------------
    Total:

dl7M_tln.a: [3]
    XShttio.o                    60        3        9
    abort.o                       6
    exit.o                        4
    low_level_init.o              4
    printf.o                     40
    putchar.o                    32
    xfail_s.o                    64        1        4
    xprintflarge_nomb.o       3 098
    xprout.o                     22
    -------------------------------------------------
    Total:                    3 330        4       13

m7M_tl.a: [4]
    DblAdd.o                    360
    DblCmpLe.o                   46
    DblDiv.o                    582
    DblMul.o                    418
    DblSub.o                    226
    DblToU32.o                   40
    U32ToDbl.o                   26
    frexp.o                     112
    -------------------------------------------------
    Total:                    1 810

rt7M_tl.a: [5]
    ABImemcpy_unaligned.o       118
    I64DivMod.o                 558
    I64DivZer.o                   2
    cexit.o                      10
    cmain.o                      30
    cstartup_M.o                 12
    data_init.o                  40
    memchr.o                     88
    packbits_init_single.o       56
    strchr.o                     22
    strlen.o                     54
    vector_table_M.o             66
    -------------------------------------------------
    Total:                    1 056

shb_l.a: [6]
    dwrite.o                     30
    exit.o                       20
    iarttio.o                   124
    iarwrite.o                   34
    iarwstd.o                    32
    write.o                      16
    -------------------------------------------------
    Total:                      256

    Gaps                         22        2
    Linker created                        16    1 024
-----------------------------------------------------
    Grand Total:              6 542       22    1 037


*******************************************************************************
*** ENTRY LIST
***

Entry                      Address   Size  Type      Object
-----                      -------   ----  ----      ------
.iar.init_table$$Base   0x000018cc          --   Gb  - Linker created -
.iar.init_table$$Limit  0x000018dc          --   Gb  - Linker created -
?main                   0x0000194d         Code  Gb  cmain.o [5]
CSTACK$$Base            0x20000010          --   Gb  - Linker created -
CSTACK$$Limit           0x20000410          --   Gb  - Linker created -
LoadInt                 0x000001eb   0x7a  Code  Lc  xprintflarge_nomb.o [3]
Region$$Table$$Base     0x000018cc          --   Gb  - Linker created -
Region$$Table$$Limit    0x000018dc          --   Gb  - Linker created -
_GenldLargeNoMb         0x0000098d  0x238  Code  Lc  xprintflarge_nomb.o [3]
_LdtobLargeNoMb         0x00000725  0x240  Code  Lc  xprintflarge_nomb.o [3]
_LitobLargeNoMb         0x000005cd  0x112  Code  Lc  xprintflarge_nomb.o [3]
_PrintfLargeNoMb        0x00000041  0x1a4  Code  Gb  xprintflarge_nomb.o [3]
_Prout                  0x0000197f   0x16  Code  Gb  xprout.o [3]
_PutcharsLargeNoMb      0x00000bc5   0x2e  Code  Lc  xprintflarge_nomb.o [3]
_PutfldLargeNoMb        0x00000265  0x25c  Code  Lc  xprintflarge_nomb.o [3]
_PuttxtLargeNoMb        0x000004c1  0x10c  Code  Lc  xprintflarge_nomb.o [3]
__aeabi_cdcmple         0x00001201         Code  Gb  DblCmpLe.o [4]
__aeabi_d2uiz           0x00001479         Code  Gb  DblToU32.o [4]
__aeabi_ddiv            0x00001231         Code  Gb  DblDiv.o [4]
__aeabi_dmul            0x00000f75         Code  Gb  DblMul.o [4]
__aeabi_dsub            0x000014bd         Code  Gb  DblSub.o [4]
__aeabi_ldiv0           0x000015a5         Code  Gb  I64DivZer.o [5]
__aeabi_ui2d            0x000014a1         Code  Gb  U32ToDbl.o [4]
__aeabi_uldivmod        0x00000d45         Code  Gb  I64DivMod.o [5]
__cmain                 0x0000194d         Code  Gb  cmain.o [5]
__dwrite                0x0000190d   0x1e  Code  Gb  dwrite.o [6]
__exit                  0x00001711   0x14  Code  Gb  exit.o [6]
__iar_Fail_s            0x00000c75   0x1c  Code  Gb  xfail_s.o [3]
__iar_Memchr            0x00000ced         Code  Gb  memchr.o [5]
__iar_Strchr            0x00000c5d         Code  Gb  strchr.o [5]
__iar_close_ttio        0x00001725   0x2c  Code  Gb  iarttio.o [6]
__iar_dadd              0x000014cd         Code  Gb  DblSub.o [4]
__iar_data_init3        0x00001881   0x28  Code  Gb  data_init.o [5]
__iar_dsub              0x000015a9         Code  Gb  DblAdd.o [4]
__iar_dsubStart         0x000015bb         Code  Gb  DblAdd.o [4]
__iar_frexp             0x0000119d         Code  Gb  frexp.o [4]
__iar_frexp64           0x00001191         Code  Gb  frexp.o [4]
__iar_frexpl            0x0000119d         Code  Gb  frexp.o [4]
__iar_get_ttio          0x00001751   0x4c  Code  Gb  iarttio.o [6]
__iar_lookup_ttioh      0x000017cf    0x4  Code  Gb  XShttio.o [3]
__iar_packbits_init_single3
                        0x00001849   0x38  Code  Gb  packbits_init_single.o [5]
__iar_program_start     0x00001995         Code  Gb  cstartup_M.o [5]
__iar_sh_stdout         0x0000192b   0x20  Code  Gb  iarwstd.o [6]
__iar_sh_write          0x000018a9   0x22  Code  Gb  iarwrite.o [6]
__iar_systems$$module {Abs}
                        0x00000001         Data  Gb  command line/config [2]
__iar_ttio_guard_lock   0x000017a1   0x1e  Code  Gb  XShttio.o [3]
__iar_ttio_guard_unlock
                        0x000017bf   0x10  Code  Gb  XShttio.o [3]
__iar_ttio_handles      0x20000000    0x8  Data  Lc  XShttio.o [3]
__iar_unaligned_memcpy  0x00001119         Code  Gb  ABImemcpy_unaligned.o [5]
__iar_unaligned_memcpy4
                        0x00001139         Code  Gb  ABImemcpy_unaligned.o [5]
__iar_unaligned_memcpy8
                        0x00001139         Code  Gb  ABImemcpy_unaligned.o [5]
__low_level_init        0x0000196b    0x4  Code  Gb  low_level_init.o [3]
__vector_table          0x00000000         Data  Gb  vector_table_M.o [5]
__write                 0x000018fd   0x10  Code  Gb  write.o [6]
_call_main              0x00001959         Code  Gb  cmain.o [5]
_exit                   0x00001975         Code  Gb  cexit.o [5]
_main                   0x00001967         Code  Gb  cmain.o [5]
abort                   0x0000159f    0x6  Code  Gb  abort.o [3]
exit                    0x0000196f    0x4  Code  Gb  exit.o [3]
frexp                   0x00001191         Code  Gb  frexp.o [4]
frexpl                  0x00001191         Code  Gb  frexp.o [4]
function_double         0x000017eb   0x12  Code  Gb  main.o [1]
function_int            0x000017dd    0xe  Code  Gb  main.o [1]
main                    0x000017fd   0x12  Code  Gb  main.o [1]
memchr                  0x00000ced         Code  Gb  memchr.o [5]
printf                  0x00001821   0x28  Code  Gb  printf.o [3]
putchar                 0x000018dd   0x20  Code  Gb  putchar.o [3]
scale                   0x000006df   0x46  Code  Lc  xprintflarge_nomb.o [3]
sec_hand                0x20000008    0x4  Data  Lc  xfail_s.o [3]
strchr                  0x00000c5d         Code  Gb  strchr.o [5]
strlen                  0x00000cb5         Code  Gb  strlen.o [5]
ttio_guard              0x2000000c    0x1  Data  Lc  XShttio.o [3]


[1] = C:\Users\Tim\Programming\Code\ARM_32\SimpleFeatures\FuncOver\Code\C\Debug\Obj
[2] = command line
[3] = dl7M_tln.a
[4] = m7M_tl.a
[5] = rt7M_tl.a
[6] = shb_l.a

  6 542 bytes of readonly  code memory
     22 bytes of readonly  data memory
  1 037 bytes of readwrite data memory

Errors: none
Warnings: none
